../Core/Src/main.c:92:6:debug_process	8	static
../Core/Src/main.c:112:5:_write	24	static
../Core/Src/main.c:130:6:HAL_TIM_PWM_PulseFinishedCallback	16	static
../Core/Src/main.c:137:6:HAL_TIM_TriggerHalfCpltCallback	16	static
../Core/Src/main.c:150:5:main	8	static
../Core/Src/main.c:272:6:SystemClock_Config	88	static
../Core/Src/main.c:318:13:MX_I2C1_Init	8	static
../Core/Src/main.c:352:13:MX_SPI1_Init	8	static
../Core/Src/main.c:390:13:MX_TIM1_Init	96	static
../Core/Src/main.c:465:13:MX_TIM2_Init	40	static
../Core/Src/main.c:511:13:MX_TIM3_Init	64	static
../Core/Src/main.c:570:13:MX_TIM5_Init	40	static
../Core/Src/main.c:616:13:MX_TIM8_Init	16	static
../Core/Src/main.c:656:13:MX_USART2_UART_Init	8	static
../Core/Src/main.c:687:13:MX_DMA_Init	16	static
../Core/Src/main.c:712:13:MX_GPIO_Init	56	static
../Core/Src/main.c:842:6:Error_Handler	4	static,ignoring_inline_asm
