../Core/Src/main.c:84:5:_write	24	static,ignoring_inline_asm
../Core/Src/main.c:92:6:HAL_TIM_PWM_PulseFinishedCallback	16	static
../Core/Src/main.c:99:6:HAL_TIM_TriggerHalfCpltCallback	16	static
../Core/Src/main.c:112:5:main	8	static
../Core/Src/main.c:234:6:SystemClock_Config	88	static
../Core/Src/main.c:280:13:MX_I2C1_Init	8	static
../Core/Src/main.c:314:13:MX_SPI1_Init	8	static
../Core/Src/main.c:352:13:MX_TIM1_Init	96	static
../Core/Src/main.c:427:13:MX_TIM2_Init	40	static
../Core/Src/main.c:473:13:MX_TIM3_Init	64	static
../Core/Src/main.c:532:13:MX_TIM5_Init	40	static
../Core/Src/main.c:578:13:MX_TIM8_Init	16	static
../Core/Src/main.c:618:13:MX_USART2_UART_Init	8	static
../Core/Src/main.c:649:13:MX_DMA_Init	16	static
../Core/Src/main.c:674:13:MX_GPIO_Init	56	static
../Core/Src/main.c:804:6:Error_Handler	4	static,ignoring_inline_asm
