../Core/Src/motor.c:24:6:mt_move_to_home	16	static
../Core/Src/motor.c:30:6:mt_set_target_position	16	static
../Core/Src/motor.c:34:6:x_mt_set_dir	8	static
../Core/Src/motor.c:50:6:x_mt_start	8	static
../Core/Src/motor.c:57:6:x_mt_stop	8	static
../Core/Src/motor.c:64:6:x_mt_move_to_pos	16	static
../Core/Src/motor.c:68:6:x_set_current_position	16	static
../Core/Src/motor.c:74:6:x_step_mt_int	8	static
../Core/Src/motor.c:82:6:step_mt_move_foward	16	static
../Core/Src/motor.c:90:6:step_mt_move_backward	16	static
../Core/Src/motor.c:98:6:x_step_motor_home_position	8	static
../Core/Src/motor.c:113:6:home_process	16	static
../Core/Src/motor.c:142:6:x_step_motor_process	8	static
../Core/Src/motor.c:188:6:z_mt_set_dir	8	static
../Core/Src/motor.c:203:6:z_mt_start	8	static
../Core/Src/motor.c:207:6:z_mt_stop	8	static
../Core/Src/motor.c:212:6:z_mt_move_to_pos	16	static
../Core/Src/motor.c:219:6:z_set_current_position	16	static
../Core/Src/motor.c:223:6:z_step_mt_int	8	static
../Core/Src/motor.c:231:6:z_step_motor_home_position	8	static
../Core/Src/motor.c:248:6:z_step_motor_process	8	static
