../Core/Src/program_process.c:26:5:step_shake_start	8	static
../Core/Src/program_process.c:38:6:show_infor_shake_step	32	static
../Core/Src/program_process.c:51:5:step_shake_process	16	static
../Core/Src/program_process.c:172:6:start_fill_washing_solution	8	static
../Core/Src/program_process.c:176:5:is_washing_solution_full	8	static
../Core/Src/program_process.c:182:6:stop_fill_washing_solution	8	static
../Core/Src/program_process.c:188:6:start_drain_washing_solution	8	static
../Core/Src/program_process.c:191:5:is_washing_solution_empty	8	static
../Core/Src/program_process.c:197:6:stop_drain_washing_solution	8	static
../Core/Src/program_process.c:200:5:step_washing_start	8	static
../Core/Src/program_process.c:212:6:show_infor_washing_step	32	static
../Core/Src/program_process.c:226:5:step_washing_process	16	static
../Core/Src/program_process.c:374:5:step_drying_start	8	static
../Core/Src/program_process.c:385:6:heater_on	8	static
../Core/Src/program_process.c:390:6:heater_off	8	static
../Core/Src/program_process.c:395:6:show_infor_drying_step	32	static
../Core/Src/program_process.c:405:5:step_drying_process	16	static
../Core/Src/program_process.c:497:5:pg_start	16	static
../Core/Src/program_process.c:509:5:pg_stop	4	static
../Core/Src/program_process.c:514:12:start_step	8	static
../Core/Src/program_process.c:540:6:pg_process_loop	8	static
