Archive member included to satisfy reference by file (symbol)

d:/00.software/01.stm32cubeide/stm32cubeide_1.12.0/stm32cubeide/plugins/com.st.stm32cube.ide.mcu.externaltools.gnu-tools-for-stm32.10.3-2021.10.win32_1.0.200.202301161003/tools/bin/../lib/gcc/arm-none-eabi/10.3.1/../../../../arm-none-eabi/lib/thumb/v7e-m+fp/hard\libc_nano.a(lib_a-errno.o)
                              ./Core/Src/syscalls.o (__errno)
d:/00.software/01.stm32cubeide/stm32cubeide_1.12.0/stm32cubeide/plugins/com.st.stm32cube.ide.mcu.externaltools.gnu-tools-for-stm32.10.3-2021.10.win32_1.0.200.202301161003/tools/bin/../lib/gcc/arm-none-eabi/10.3.1/../../../../arm-none-eabi/lib/thumb/v7e-m+fp/hard\libc_nano.a(lib_a-exit.o)
                              d:/00.software/01.stm32cubeide/stm32cubeide_1.12.0/stm32cubeide/plugins/com.st.stm32cube.ide.mcu.externaltools.gnu-tools-for-stm32.10.3-2021.10.win32_1.0.200.202301161003/tools/bin/../lib/gcc/arm-none-eabi/10.3.1/../../../../arm-none-eabi/lib/thumb/v7e-m+fp/hard/crt0.o (exit)
d:/00.software/01.stm32cubeide/stm32cubeide_1.12.0/stm32cubeide/plugins/com.st.stm32cube.ide.mcu.externaltools.gnu-tools-for-stm32.10.3-2021.10.win32_1.0.200.202301161003/tools/bin/../lib/gcc/arm-none-eabi/10.3.1/../../../../arm-none-eabi/lib/thumb/v7e-m+fp/hard\libc_nano.a(lib_a-impure.o)
                              d:/00.software/01.stm32cubeide/stm32cubeide_1.12.0/stm32cubeide/plugins/com.st.stm32cube.ide.mcu.externaltools.gnu-tools-for-stm32.10.3-2021.10.win32_1.0.200.202301161003/tools/bin/../lib/gcc/arm-none-eabi/10.3.1/../../../../arm-none-eabi/lib/thumb/v7e-m+fp/hard\libc_nano.a(lib_a-exit.o) (_global_impure_ptr)
d:/00.software/01.stm32cubeide/stm32cubeide_1.12.0/stm32cubeide/plugins/com.st.stm32cube.ide.mcu.externaltools.gnu-tools-for-stm32.10.3-2021.10.win32_1.0.200.202301161003/tools/bin/../lib/gcc/arm-none-eabi/10.3.1/../../../../arm-none-eabi/lib/thumb/v7e-m+fp/hard\libc_nano.a(lib_a-init.o)
                              d:/00.software/01.stm32cubeide/stm32cubeide_1.12.0/stm32cubeide/plugins/com.st.stm32cube.ide.mcu.externaltools.gnu-tools-for-stm32.10.3-2021.10.win32_1.0.200.202301161003/tools/bin/../lib/gcc/arm-none-eabi/10.3.1/../../../../arm-none-eabi/lib/thumb/v7e-m+fp/hard/crt0.o (__libc_init_array)
d:/00.software/01.stm32cubeide/stm32cubeide_1.12.0/stm32cubeide/plugins/com.st.stm32cube.ide.mcu.externaltools.gnu-tools-for-stm32.10.3-2021.10.win32_1.0.200.202301161003/tools/bin/../lib/gcc/arm-none-eabi/10.3.1/../../../../arm-none-eabi/lib/thumb/v7e-m+fp/hard\libc_nano.a(lib_a-memcmp.o)
                              ./Core/Src/data.o (memcmp)
d:/00.software/01.stm32cubeide/stm32cubeide_1.12.0/stm32cubeide/plugins/com.st.stm32cube.ide.mcu.externaltools.gnu-tools-for-stm32.10.3-2021.10.win32_1.0.200.202301161003/tools/bin/../lib/gcc/arm-none-eabi/10.3.1/../../../../arm-none-eabi/lib/thumb/v7e-m+fp/hard\libc_nano.a(lib_a-memcpy-stub.o)
                              ./Core/Src/data.o (memcpy)
d:/00.software/01.stm32cubeide/stm32cubeide_1.12.0/stm32cubeide/plugins/com.st.stm32cube.ide.mcu.externaltools.gnu-tools-for-stm32.10.3-2021.10.win32_1.0.200.202301161003/tools/bin/../lib/gcc/arm-none-eabi/10.3.1/../../../../arm-none-eabi/lib/thumb/v7e-m+fp/hard\libc_nano.a(lib_a-memset.o)
                              d:/00.software/01.stm32cubeide/stm32cubeide_1.12.0/stm32cubeide/plugins/com.st.stm32cube.ide.mcu.externaltools.gnu-tools-for-stm32.10.3-2021.10.win32_1.0.200.202301161003/tools/bin/../lib/gcc/arm-none-eabi/10.3.1/../../../../arm-none-eabi/lib/thumb/v7e-m+fp/hard/crt0.o (memset)
d:/00.software/01.stm32cubeide/stm32cubeide_1.12.0/stm32cubeide/plugins/com.st.stm32cube.ide.mcu.externaltools.gnu-tools-for-stm32.10.3-2021.10.win32_1.0.200.202301161003/tools/bin/../lib/gcc/arm-none-eabi/10.3.1/../../../../arm-none-eabi/lib/thumb/v7e-m+fp/hard\libc_nano.a(lib_a-printf.o)
                              ./Core/Src/data.o (printf)
d:/00.software/01.stm32cubeide/stm32cubeide_1.12.0/stm32cubeide/plugins/com.st.stm32cube.ide.mcu.externaltools.gnu-tools-for-stm32.10.3-2021.10.win32_1.0.200.202301161003/tools/bin/../lib/gcc/arm-none-eabi/10.3.1/../../../../arm-none-eabi/lib/thumb/v7e-m+fp/hard\libc_nano.a(lib_a-puts.o)
                              ./Core/Src/main.o (puts)
d:/00.software/01.stm32cubeide/stm32cubeide_1.12.0/stm32cubeide/plugins/com.st.stm32cube.ide.mcu.externaltools.gnu-tools-for-stm32.10.3-2021.10.win32_1.0.200.202301161003/tools/bin/../lib/gcc/arm-none-eabi/10.3.1/../../../../arm-none-eabi/lib/thumb/v7e-m+fp/hard\libc_nano.a(lib_a-sprintf.o)
                              ./Core/Src/dw_display.o (sprintf)
d:/00.software/01.stm32cubeide/stm32cubeide_1.12.0/stm32cubeide/plugins/com.st.stm32cube.ide.mcu.externaltools.gnu-tools-for-stm32.10.3-2021.10.win32_1.0.200.202301161003/tools/bin/../lib/gcc/arm-none-eabi/10.3.1/../../../../arm-none-eabi/lib/thumb/v7e-m+fp/hard\libc_nano.a(lib_a-strstr.o)
                              ./Core/Src/dw_display.o (strstr)
[...]
Memory Configuration

Name             Origin             Length             Attributes
CCMRAM           0x0000000010000000 0x0000000000010000 xrw
RAM              0x0000000020000000 0x0000000000020000 xrw
FLASH            0x0000000008000000 0x0000000000100000 xr
*default*        0x0000000000000000 0xffffffffffffffff

Linker script and memory map

LOAD d:/00.software/01.stm32cubeide/stm32cubeide_1.12.0/stm32cubeide/plugins/com.st.stm32cube.ide.mcu.externaltools.gnu-tools-for-stm32.10.3-2021.10.win32_1.0.200.202301161003/tools/bin/../lib/gcc/arm-none-eabi/10.3.1/thumb/v7e-m+fp/hard/crti.o
LOAD d:/00.software/01.stm32cubeide/stm32cubeide_1.12.0/stm32cubeide/plugins/com.st.stm32cube.ide.mcu.externaltools.gnu-tools-for-stm32.10.3-2021.10.win32_1.0.200.202301161003/tools/bin/../lib/gcc/arm-none-eabi/10.3.1/thumb/v7e-m+fp/hard/crtbegin.o
LOAD d:/00.software/01.stm32cubeide/stm32cubeide_1.12.0/stm32cubeide/plugins/com.st.stm32cube.ide.mcu.externaltools.gnu-tools-for-stm32.10.3-2021.10.win32_1.0.200.202301161003/tools/bin/../lib/gcc/arm-none-eabi/10.3.1/../../../../arm-none-eabi/lib/thumb/v7e-m+fp/hard/crt0.o
LOAD ./Core/Src/data.o
LOAD ./Core/Src/dw_display.o
LOAD ./Core/Src/flash.o
LOAD ./Core/Src/main.o
LOAD ./Core/Src/motor.o
LOAD ./Core/Src/program_process.o
LOAD ./Core/Src/stm32f4xx_hal_msp.o
LOAD ./Core/Src/stm32f4xx_it.o
LOAD ./Core/Src/syscalls.o
LOAD ./Core/Src/sysmem.o
LOAD ./Core/Src/system_stm32f4xx.o
LOAD ./Core/Src/uart.o
LOAD ./Core/Startup/startup_stm32f407vgtx.o
LOAD ./Drivers/STM32F4xx_HAL_Driver/Src/stm32f4xx_hal.o
LOAD ./Drivers/STM32F4xx_HAL_Driver/Src/stm32f4xx_hal_cortex.o
LOAD ./Drivers/STM32F4xx_HAL_Driver/Src/stm32f4xx_hal_dma.o
LOAD ./Drivers/STM32F4xx_HAL_Driver/Src/stm32f4xx_hal_dma_ex.o
LOAD ./Drivers/STM32F4xx_HAL_Driver/Src/stm32f4xx_hal_exti.o
LOAD ./Drivers/STM32F4xx_HAL_Driver/Src/stm32f4xx_hal_flash.o
LOAD ./Drivers/STM32F4xx_HAL_Driver/Src/stm32f4xx_hal_flash_ex.o
LOAD ./Drivers/STM32F4xx_HAL_Driver/Src/stm32f4xx_hal_flash_ramfunc.o
LOAD ./Drivers/STM32F4xx_HAL_Driver/Src/stm32f4xx_hal_gpio.o
LOAD ./Drivers/STM32F4xx_HAL_Driver/Src/stm32f4xx_hal_i2c.o
LOAD ./Drivers/STM32F4xx_HAL_Driver/Src/stm32f4xx_hal_i2c_ex.o
LOAD ./Drivers/STM32F4xx_HAL_Driver/Src/stm32f4xx_hal_pcd.o
LOAD ./Drivers/STM32F4xx_HAL_Driver/Src/stm32f4xx_hal_pcd_ex.o
LOAD ./Drivers/STM32F4xx_HAL_Driver/Src/stm32f4xx_hal_pwr.o
LOAD ./Drivers/STM32F4xx_HAL_Driver/Src/stm32f4xx_hal_pwr_ex.o
LOAD ./Drivers/STM32F4xx_HAL_Driver/Src/stm32f4xx_hal_rcc.o
LOAD ./Drivers/STM32F4xx_HAL_Driver/Src/stm32f4xx_hal_rcc_ex.o
LOAD ./Drivers/STM32F4xx_HAL_Driver/Src/stm32f4xx_hal_spi.o
LOAD ./Drivers/STM32F4xx_HAL_Driver/Src/stm32f4xx_hal_tim.o
LOAD ./Drivers/STM32F4xx_HAL_Driver/Src/stm32f4xx_hal_tim_ex.o
LOAD ./Drivers/STM32F4xx_HAL_Driver/Src/stm32f4xx_hal_uart.o
LOAD ./Drivers/STM32F4xx_HAL_Driver/Src/stm32f4xx_ll_usb.o
LOAD ./Middlewares/ST/STM32_USB_Device_Library/Class/CDC/Src/usbd_cdc.o
LOAD ./Middlewares/ST/STM32_USB_Device_Library/Core/Src/usbd_core.o
LOAD ./Middlewares/ST/STM32_USB_Device_Library/Core/Src/usbd_ctlreq.o
LOAD ./Middlewares/ST/STM32_USB_Device_Library/Core/Src/usbd_ioreq.o
LOAD ./USB_DEVICE/App/usb_device.o
LOAD ./USB_DEVICE/App/usbd_cdc_if.o
LOAD ./USB_DEVICE/App/usbd_desc.o
LOAD ./USB_DEVICE/Target/usbd_conf.o
START GROUP
LOAD d:/00.software/01.stm32cubeide/stm32cubeide_1.12.0/stm32cubeide/plugins/com.st.stm32cube.ide.mcu.externaltools.gnu-tools-for-stm32.10.3-2021.10.win32_1.0.200.202301161003/tools/bin/../lib/gcc/arm-none-eabi/10.3.1/../../../../arm-none-eabi/lib/thumb/v7e-m+fp/hard\libc_nano.a
LOAD d:/00.software/01.stm32cubeide/stm32cubeide_1.12.0/stm32cubeide/plugins/com.st.stm32cube.ide.mcu.externaltools.gnu-tools-for-stm32.10.3-2021.10.win32_1.0.200.202301161003/tools/bin/../lib/gcc/arm-none-eabi/10.3.1/../../../../arm-none-eabi/lib/thumb/v7e-m+fp/hard\libm.a
END GROUP
START GROUP
LOAD d:/00.software/01.stm32cubeide/stm32cubeide_1.12.0/stm32cubeide/plugins/com.st.stm32cube.ide.mcu.externaltools.gnu-tools-for-stm32.10.3-2021.10.win32_1.0.200.202301161003/tools/bin/../lib/gcc/arm-none-eabi/10.3.1/thumb/v7e-m+fp/hard\libgcc.a
LOAD d:/00.software/01.stm32cubeide/stm32cubeide_1.12.0/stm32cubeide/plugins/com.st.stm32cube.ide.mcu.externaltools.gnu-tools-for-stm32.10.3-2021.10.win32_1.0.200.202301161003/tools/bin/../lib/gcc/arm-none-eabi/10.3.1/../../../../arm-none-eabi/lib/thumb/v7e-m+fp/hard\libc_nano.a
END GROUP
START GROUP
LOAD d:/00.software/01.stm32cubeide/stm32cubeide_1.12.0/stm32cubeide/plugins/com.st.stm32cube.ide.mcu.externaltools.gnu-tools-for-stm32.10.3-2021.10.win32_1.0.200.202301161003/tools/bin/../lib/gcc/arm-none-eabi/10.3.1/thumb/v7e-m+fp/hard\libgcc.a
LOAD d:/00.software/01.stm32cubeide/stm32cubeide_1.12.0/stm32cubeide/plugins/com.st.stm32cube.ide.mcu.externaltools.gnu-tools-for-stm32.10.3-2021.10.win32_1.0.200.202301161003/tools/bin/../lib/gcc/arm-none-eabi/10.3.1/../../../../arm-none-eabi/lib/thumb/v7e-m+fp/hard\libc_nano.a
LOAD d:/00.software/01.stm32cubeide/stm32cubeide_1.12.0/stm32cubeide/plugins/com.st.stm32cube.ide.mcu.externaltools.gnu-tools-for-stm32.10.3-2021.10.win32_1.0.200.202301161003/tools/bin/../lib/gcc/arm-none-eabi/10.3.1/../../../../arm-none-eabi/lib/thumb/v7e-m+fp/hard\libnosys.a
END GROUP
START GROUP
LOAD d:/00.software/01.stm32cubeide/stm32cubeide_1.12.0/stm32cubeide/plugins/com.st.stm32cube.ide.mcu.externaltools.gnu-tools-for-stm32.10.3-2021.10.win32_1.0.200.202301161003/tools/bin/../lib/gcc/arm-none-eabi/10.3.1/thumb/v7e-m+fp/hard\libgcc.a
LOAD d:/00.software/01.stm32cubeide/stm32cubeide_1.12.0/stm32cubeide/plugins/com.st.stm32cube.ide.mcu.externaltools.gnu-tools-for-stm32.10.3-2021.10.win32_1.0.200.202301161003/tools/bin/../lib/gcc/arm-none-eabi/10.3.1/../../../../arm-none-eabi/lib/thumb/v7e-m+fp/hard\libc_nano.a
LOAD d:/00.software/01.stm32cubeide/stm32cubeide_1.12.0/stm32cubeide/plugins/com.st.stm32cube.ide.mcu.externaltools.gnu-tools-for-stm32.10.3-2021.10.win32_1.0.200.202301161003/tools/bin/../lib/gcc/arm-none-eabi/10.3.1/../../../../arm-none-eabi/lib/thumb/v7e-m+fp/hard\libnosys.a
END GROUP
LOAD d:/00.software/01.stm32cubeide/stm32cubeide_1.12.0/stm32cubeide/plugins/com.st.stm32cube.ide.mcu.externaltools.gnu-tools-for-stm32.10.3-2021.10.win32_1.0.200.202301161003/tools/bin/../lib/gcc/arm-none-eabi/10.3.1/thumb/v7e-m+fp/hard/crtend.o
LOAD d:/00.software/01.stm32cubeide/stm32cubeide_1.12.0/stm32cubeide/plugins/com.st.stm32cube.ide.mcu.externaltools.gnu-tools-for-stm32.10.3-2021.10.win32_1.0.200.202301161003/tools/bin/../lib/gcc/arm-none-eabi/10.3.1/thumb/v7e-m+fp/hard/crtn.o
                0x0000000020020000                _estack = (ORIGIN (RAM) + LENGTH (RAM))
                0x0000000000004000                _Min_Heap_Size = 0x4000
                0x0000000000008000                _Min_Stack_Size = 0x8000

.isr_vector     0x0000000008000000      0x188
                0x0000000008000000                . = ALIGN (0x4)
 *(.isr_vector)
 .isr_vector    0x0000000008000000      0x188 ./Core/Startup/startup_stm32f407vgtx.o
                0x0000000008000000                g_pfnVectors
                0x0000000008000188                . = ALIGN (0x4)

.text           0x0000000008000190     0xe978
                0x0000000008000190                . = ALIGN (0x4)
 *(.text)
 .text          0x0000000008000190       0x40 d:/00.software/01.stm32cubeide/stm32cubeide_1.12.0/stm32cubeide/plugins/com.st.stm32cube.ide.mcu.externaltools.gnu-tools-for-stm32.10.3-2021.10.win32_1.0.200.202301161003/tools/bin/../lib/gcc/arm-none-eabi/10.3.1/thumb/v7e-m+fp/hard/crtbegin.o
 .text          0x00000000080001d0       0xa0 d:/00.software/01.stm32cubeide/stm32cubeide_1.12.0/stm32cubeide/plugins/com.st.stm32cube.ide.mcu.externaltools.gnu-tools-for-stm32.10.3-2021.10.win32_1.0.200.202301161003/tools/bin/../lib/gcc/arm-none-eabi/10.3.1/../../../../arm-none-eabi/lib/thumb/v7e-m+fp/hard\libc_nano.a(lib_a-memchr.o)
                0x00000000080001d0                memchr
 .text          0x0000000008000270       0x30 d:/00.software/01.stm32cubeide/stm32cubeide_1.12.0/stm32cubeide/plugins/com.st.stm32cube.ide.mcu.externaltools.gnu-tools-for-stm32.10.3-2021.10.win32_1.0.200.202301161003/tools/bin/../lib/gcc/arm-none-eabi/10.3.1/thumb/v7e-m+fp/hard\libgcc.a(_aeabi_uldivmod.o)
                0x0000000008000270                __aeabi_uldivmod
 .text          0x00000000080002a0      0x2d0 d:/00.software/01.stm32cubeide/stm32cubeide_1.12.0/stm32cubeide/plugins/com.st.stm32cube.ide.mcu.externaltools.gnu-tools-for-stm32.10.3-2021.10.win32_1.0.200.202301161003/tools/bin/../lib/gcc/arm-none-eabi/10.3.1/thumb/v7e-m+fp/hard\libgcc.a(_udivmoddi4.o)
                0x00000000080002a0                __udivmoddi4
 .text          0x0000000008000570        0x4 d:/00.software/01.stm32cubeide/stm32cubeide_1.12.0/stm32cubeide/plugins/com.st.stm32cube.ide.mcu.externaltools.gnu-tools-for-stm32.10.3-2021.10.win32_1.0.200.202301161003/tools/bin/../lib/gcc/arm-none-eabi/10.3.1/thumb/v7e-m+fp/hard\libgcc.a(_dvmd_tls.o)
                0x0000000008000570                __aeabi_idiv0
                0x0000000008000570                __aeabi_ldiv0
 *(.text*)
 .text.is_data_init
                0x0000000008000574       0x28 ./Core/Src/data.o
                0x0000000008000574                is_data_init
 .text.dt_calculator_pg_stepnumber
                0x000000000800059c       0x94 ./Core/Src/data.o
                0x000000000800059c                dt_calculator_pg_stepnumber
 .text.is_step_differrent
                0x0000000008000630       0x58 ./Core/Src/data.o
                0x0000000008000630                is_step_differrent
 .text.dt_Modify_step
                0x0000000008000688       0x80 ./Core/Src/data.o
                0x0000000008000688                dt_Modify_step
 .text.dt_system_data_init
                0x0000000008000708       0x54 ./Core/Src/data.o
                0x0000000008000708                dt_system_data_init
 .text.dt_store_system_data
                0x000000000800075c       0x3c ./Core/Src/data.o
                0x000000000800075c                dt_store_system_data
 .text.Dw_write
                0x0000000008000798       0x22 ./Core/Src/dw_display.o
 .text.Dwin_Write_VP
                0x00000000080007ba       0xac ./Core/Src/dw_display.o
                0x00000000080007ba                Dwin_Write_VP
 .text.Dwin_switch_page
                0x0000000008000866       0x2e ./Core/Src/dw_display.o
                0x0000000008000866                Dwin_switch_page
 .text.Dwin_init
                0x0000000008000894       0x2c ./Core/Src/dw_display.o
                0x0000000008000894                Dwin_init
 .text.Dwin_reset
                0x00000000080008c0       0x24 ./Core/Src/dw_display.o
                0x00000000080008c0                Dwin_reset
 .text.dw_update_setup_page
                0x00000000080008e4       0xdc ./Core/Src/dw_display.o
                0x00000000080008e4                dw_update_setup_page
 .text.show_setup_page
                0x00000000080009c0       0x94 ./Core/Src/dw_display.o
                0x00000000080009c0                show_setup_page
 .text.dwin_update_step
                0x0000000008000a54       0x98 ./Core/Src/dw_display.o
                0x0000000008000a54                dwin_update_step
 .text.dwin_start_program
                0x0000000008000aec       0x40 ./Core/Src/dw_display.o
                0x0000000008000aec                dwin_start_program
 .text.dw_process_rx_buffer
                0x0000000008000b2c      0x21c ./Core/Src/dw_display.o
                0x0000000008000b2c                dw_process_rx_buffer
 .text.dw_update_step_numbers
                0x0000000008000d48       0x20 ./Core/Src/dw_display.o
                0x0000000008000d48                dw_update_step_numbers
 .text.dw_update_steper_positon
                0x0000000008000d68       0xc8 ./Core/Src/dw_display.o
                0x0000000008000d68                dw_update_steper_positon
 .text.write_flash
                0x0000000008000e30       0x7c ./Core/Src/flash.o
                0x0000000008000e30                write_flash
 .text.read_flash
                0x0000000008000eac       0x40 ./Core/Src/flash.o
                0x0000000008000eac                read_flash
 .text.debug_process
                0x0000000008000eec       0x78 ./Core/Src/main.o
                0x0000000008000eec                debug_process
 .text._write   0x0000000008000f64       0x8c ./Core/Src/main.o
                0x0000000008000f64                _write
 .text.main     0x0000000008000ff0      0x144 ./Core/Src/main.o
                0x0000000008000ff0                main
 .text.SystemClock_Config
                0x0000000008001134       0xd4 ./Core/Src/main.o
                0x0000000008001134                SystemClock_Config
 .text.MX_I2C1_Init
                0x0000000008001208       0x5c ./Core/Src/main.o
 .text.MX_SPI1_Init
                0x0000000008001264       0x6c ./Core/Src/main.o
 .text.MX_TIM1_Init
                0x00000000080012d0      0x144 ./Core/Src/main.o
 .text.MX_TIM2_Init
                0x0000000008001414       0x9c ./Core/Src/main.o
 .text.MX_TIM3_Init
                0x00000000080014b0       0xf0 ./Core/Src/main.o
 .text.MX_TIM5_Init
                0x00000000080015a0       0xa0 ./Core/Src/main.o
 .text.MX_TIM8_Init
                0x0000000008001640       0x78 ./Core/Src/main.o
 .text.MX_USART2_UART_Init
                0x00000000080016b8       0x54 ./Core/Src/main.o
 .text.MX_DMA_Init
                0x000000000800170c       0x7c ./Core/Src/main.o
 .text.MX_GPIO_Init
                0x0000000008001788      0x284 ./Core/Src/main.o
 .text.Error_Handler
                0x0000000008001a0c        0xa ./Core/Src/main.o
                0x0000000008001a0c                Error_Handler
 .text.mt_move_to_home
                0x0000000008001a16       0x22 ./Core/Src/motor.o
                0x0000000008001a16                mt_move_to_home
 .text.mt_set_target_position
                0x0000000008001a38       0x1c ./Core/Src/motor.o
                0x0000000008001a38                mt_set_target_position
 .text.x_mt_set_dir
                0x0000000008001a54       0x68 ./Core/Src/motor.o
                0x0000000008001a54                x_mt_set_dir
 .text.x_mt_start
                0x0000000008001abc       0x14 ./Core/Src/motor.o
                0x0000000008001abc                x_mt_start
 .text.x_mt_stop
                0x0000000008001ad0       0x14 ./Core/Src/motor.o
                0x0000000008001ad0                x_mt_stop
 .text.x_set_current_position
                0x0000000008001ae4       0x2c ./Core/Src/motor.o
                0x0000000008001ae4                x_set_current_position
 .text.x_step_mt_int
                0x0000000008001b10       0x48 ./Core/Src/motor.o
                0x0000000008001b10                x_step_mt_int
 .text.step_mt_move_foward
                0x0000000008001b58       0x38 ./Core/Src/motor.o
                0x0000000008001b58                step_mt_move_foward
 .text.step_mt_move_backward
                0x0000000008001b90       0x38 ./Core/Src/motor.o
                0x0000000008001b90                step_mt_move_backward
 .text.x_step_motor_home_position
                0x0000000008001bc8       0x5c ./Core/Src/motor.o
                0x0000000008001bc8                x_step_motor_home_position
 .text.home_process
                0x0000000008001c24       0x80 ./Core/Src/motor.o
                0x0000000008001c24                home_process
 .text.x_step_motor_process
                0x0000000008001ca4       0xb8 ./Core/Src/motor.o
                0x0000000008001ca4                x_step_motor_process
 .text.z_mt_set_dir
                0x0000000008001d5c       0x64 ./Core/Src/motor.o
                0x0000000008001d5c                z_mt_set_dir
 .text.z_mt_start
                0x0000000008001dc0       0x14 ./Core/Src/motor.o
                0x0000000008001dc0                z_mt_start
 .text.z_mt_stop
                0x0000000008001dd4       0x14 ./Core/Src/motor.o
                0x0000000008001dd4                z_mt_stop
 .text.z_set_current_position
                0x0000000008001de8       0x2c ./Core/Src/motor.o
                0x0000000008001de8                z_set_current_position
 .text.z_step_mt_int
                0x0000000008001e14       0x44 ./Core/Src/motor.o
                0x0000000008001e14                z_step_mt_int
 .text.z_step_motor_home_position
                0x0000000008001e58       0x58 ./Core/Src/motor.o
                0x0000000008001e58                z_step_motor_home_position
 .text.z_step_motor_process
                0x0000000008001eb0       0xb8 ./Core/Src/motor.o
                0x0000000008001eb0                z_step_motor_process
 .text.step_shake_start
                0x0000000008001f68       0x84 ./Core/Src/program_process.o
                0x0000000008001f68                step_shake_start
 .text.show_infor_shake_step
                0x0000000008001fec       0x94 ./Core/Src/program_process.o
                0x0000000008001fec                show_infor_shake_step
 .text.step_shake_process
                0x0000000008002080      0x304 ./Core/Src/program_process.o
                0x0000000008002080                step_shake_process
 .text.start_fill_washing_solution
                0x0000000008002384       0x18 ./Core/Src/program_process.o
                0x0000000008002384                start_fill_washing_solution
 .text.is_washing_solution_full
                0x000000000800239c       0x10 ./Core/Src/program_process.o
                0x000000000800239c                is_washing_solution_full
 .text.stop_fill_washing_solution
                0x00000000080023ac       0x18 ./Core/Src/program_process.o
                0x00000000080023ac                stop_fill_washing_solution
 .text.start_drain_washing_solution
                0x00000000080023c4       0x18 ./Core/Src/program_process.o
                0x00000000080023c4                start_drain_washing_solution
 .text.is_washing_solution_empty
                0x00000000080023dc       0x10 ./Core/Src/program_process.o
                0x00000000080023dc                is_washing_solution_empty
 .text.stop_drain_washing_solution
                0x00000000080023ec       0x18 ./Core/Src/program_process.o
                0x00000000080023ec                stop_drain_washing_solution
 .text.step_washing_start
                0x0000000008002404       0x88 ./Core/Src/program_process.o
                0x0000000008002404                step_washing_start
 .text.show_infor_drying_step
                0x000000000800248c       0x94 ./Core/Src/program_process.o
                0x000000000800248c                show_infor_drying_step
 .text.step_washing_process
                0x0000000008002520      0x398 ./Core/Src/program_process.o
                0x0000000008002520                step_washing_process
 .text.step_drying_start
                0x00000000080028b8       0x88 ./Core/Src/program_process.o
                0x00000000080028b8                step_drying_start
 .text.step_drying_process
                0x0000000008002940      0x1b4 ./Core/Src/program_process.o
                0x0000000008002940                step_drying_process
 .text.pg_start
                0x0000000008002af4       0x58 ./Core/Src/program_process.o
                0x0000000008002af4                pg_start
 .text.start_step
                0x0000000008002b4c       0xe8 ./Core/Src/program_process.o
                0x0000000008002b4c                start_step
 .text.pg_process_loop
                0x0000000008002c34      0x170 ./Core/Src/program_process.o
                0x0000000008002c34                pg_process_loop
 .text.HAL_MspInit
                0x0000000008002da4       0x50 ./Core/Src/stm32f4xx_hal_msp.o
                0x0000000008002da4                HAL_MspInit
 .text.HAL_I2C_MspInit
                0x0000000008002df4       0x90 ./Core/Src/stm32f4xx_hal_msp.o
                0x0000000008002df4                HAL_I2C_MspInit
 .text.HAL_SPI_MspInit
                0x0000000008002e84       0x90 ./Core/Src/stm32f4xx_hal_msp.o
                0x0000000008002e84                HAL_SPI_MspInit
 .text.HAL_TIM_Base_MspInit
                0x0000000008002f14      0x128 ./Core/Src/stm32f4xx_hal_msp.o
                0x0000000008002f14                HAL_TIM_Base_MspInit
 .text.HAL_TIM_OnePulse_MspInit
                0x000000000800303c       0x44 ./Core/Src/stm32f4xx_hal_msp.o
                0x000000000800303c                HAL_TIM_OnePulse_MspInit
 .text.HAL_TIM_MspPostInit
                0x0000000008003080       0xc4 ./Core/Src/stm32f4xx_hal_msp.o
                0x0000000008003080                HAL_TIM_MspPostInit
 .text.HAL_UART_MspInit
                0x0000000008003144      0x168 ./Core/Src/stm32f4xx_hal_msp.o
                0x0000000008003144                HAL_UART_MspInit
 .text.NMI_Handler
                0x00000000080032ac        0x6 ./Core/Src/stm32f4xx_it.o
                0x00000000080032ac                NMI_Handler
 .text.HardFault_Handler
                0x00000000080032b2        0x6 ./Core/Src/stm32f4xx_it.o
                0x00000000080032b2                HardFault_Handler
 .text.MemManage_Handler
                0x00000000080032b8        0x6 ./Core/Src/stm32f4xx_it.o
                0x00000000080032b8                MemManage_Handler
 .text.BusFault_Handler
                0x00000000080032be        0x6 ./Core/Src/stm32f4xx_it.o
                0x00000000080032be                BusFault_Handler
 .text.UsageFault_Handler
                0x00000000080032c4        0x6 ./Core/Src/stm32f4xx_it.o
                0x00000000080032c4                UsageFault_Handler
 .text.SVC_Handler
                0x00000000080032ca        0xe ./Core/Src/stm32f4xx_it.o
                0x00000000080032ca                SVC_Handler
 .text.DebugMon_Handler
                0x00000000080032d8        0xe ./Core/Src/stm32f4xx_it.o
                0x00000000080032d8                DebugMon_Handler
 .text.PendSV_Handler
                0x00000000080032e6        0xe ./Core/Src/stm32f4xx_it.o
                0x00000000080032e6                PendSV_Handler
 .text.SysTick_Handler
                0x00000000080032f4        0xc ./Core/Src/stm32f4xx_it.o
                0x00000000080032f4                SysTick_Handler
 .text.DMA1_Stream5_IRQHandler
                0x0000000008003300       0x14 ./Core/Src/stm32f4xx_it.o
                0x0000000008003300                DMA1_Stream5_IRQHandler
 .text.DMA1_Stream6_IRQHandler
                0x0000000008003314       0x14 ./Core/Src/stm32f4xx_it.o
                0x0000000008003314                DMA1_Stream6_IRQHandler
 .text.USART2_IRQHandler
                0x0000000008003328       0x14 ./Core/Src/stm32f4xx_it.o
                0x0000000008003328                USART2_IRQHandler
 .text.DMA2_Stream1_IRQHandler
                0x000000000800333c       0x14 ./Core/Src/stm32f4xx_it.o
                0x000000000800333c                DMA2_Stream1_IRQHandler
 .text.OTG_FS_IRQHandler
                0x0000000008003350       0x14 ./Core/Src/stm32f4xx_it.o
                0x0000000008003350                OTG_FS_IRQHandler
 .text._read    0x0000000008003364       0x3a ./Core/Src/syscalls.o
                0x0000000008003364                _read
 .text._close   0x000000000800339e       0x18 ./Core/Src/syscalls.o
                0x000000000800339e                _close
 .text._fstat   0x00000000080033b6       0x20 ./Core/Src/syscalls.o
                0x00000000080033b6                _fstat
 .text._isatty  0x00000000080033d6       0x16 ./Core/Src/syscalls.o
                0x00000000080033d6                _isatty
 .text._lseek   0x00000000080033ec       0x1a ./Core/Src/syscalls.o
                0x00000000080033ec                _lseek
 *fill*         0x0000000008003406        0x2 
 .text._sbrk    0x0000000008003408       0x6c ./Core/Src/sysmem.o
                0x0000000008003408                _sbrk
 .text.SystemInit
                0x0000000008003474       0x24 ./Core/Src/system_stm32f4xx.o
                0x0000000008003474                SystemInit
 .text.HAL_UART_TxCpltCallback
                0x0000000008003498       0x94 ./Core/Src/uart.o
                0x0000000008003498                HAL_UART_TxCpltCallback
 .text.uart_transmit
                0x000000000800352c       0xf0 ./Core/Src/uart.o
                0x000000000800352c                uart_transmit
 .text.uart_dma_start
                0x000000000800361c       0x1c ./Core/Src/uart.o
                0x000000000800361c                uart_dma_start
 .text.uart_dma_stop
                0x0000000008003638       0x14 ./Core/Src/uart.o
                0x0000000008003638                uart_dma_stop
 .text.uart_process
                0x000000000800364c       0x94 ./Core/Src/uart.o
                0x000000000800364c                uart_process
 .text.uart_transmit_block
                0x00000000080036e0       0x26 ./Core/Src/uart.o
                0x00000000080036e0                uart_transmit_block
 *fill*         0x0000000008003706        0x2 
 .text.Reset_Handler
                0x0000000008003708       0x50 ./Core/Startup/startup_stm32f407vgtx.o
                0x0000000008003708                Reset_Handler
 .text.Default_Handler
                0x0000000008003758        0x2 ./Core/Startup/startup_stm32f407vgtx.o
                0x0000000008003758                RTC_Alarm_IRQHandler
                0x0000000008003758                HASH_RNG_IRQHandler
                0x0000000008003758                EXTI2_IRQHandler
                0x0000000008003758                TIM8_CC_IRQHandler
                0x0000000008003758                TIM1_CC_IRQHandler
                0x0000000008003758                DMA2_Stream5_IRQHandler
                0x0000000008003758                PVD_IRQHandler
                0x0000000008003758                SDIO_IRQHandler
                0x0000000008003758                TAMP_STAMP_IRQHandler
                0x0000000008003758                CAN2_RX1_IRQHandler
                0x0000000008003758                EXTI3_IRQHandler
                0x0000000008003758                TIM8_TRG_COM_TIM14_IRQHandler
                0x0000000008003758                TIM1_UP_TIM10_IRQHandler
                0x0000000008003758                TIM8_UP_TIM13_IRQHandler
                0x0000000008003758                I2C3_ER_IRQHandler
                0x0000000008003758                EXTI0_IRQHandler
                0x0000000008003758                I2C2_EV_IRQHandler
                0x0000000008003758                DMA1_Stream2_IRQHandler
                0x0000000008003758                CAN1_RX0_IRQHandler
                0x0000000008003758                FPU_IRQHandler
                0x0000000008003758                OTG_HS_WKUP_IRQHandler
                0x0000000008003758                CAN2_SCE_IRQHandler
                0x0000000008003758                DMA2_Stream2_IRQHandler
                0x0000000008003758                SPI1_IRQHandler
                0x0000000008003758                TIM6_DAC_IRQHandler
                0x0000000008003758                TIM1_BRK_TIM9_IRQHandler
                0x0000000008003758                DCMI_IRQHandler
                0x0000000008003758                CAN2_RX0_IRQHandler
                0x0000000008003758                DMA2_Stream3_IRQHandler
                0x0000000008003758                USART6_IRQHandler
                0x0000000008003758                USART3_IRQHandler
                0x0000000008003758                CAN1_RX1_IRQHandler
                0x0000000008003758                UART5_IRQHandler
                0x0000000008003758                DMA2_Stream0_IRQHandler
                0x0000000008003758                TIM4_IRQHandler
                0x0000000008003758                I2C1_EV_IRQHandler
                0x0000000008003758                DMA1_Stream1_IRQHandler
                0x0000000008003758                UART4_IRQHandler
                0x0000000008003758                TIM3_IRQHandler
                0x0000000008003758                RCC_IRQHandler
                0x0000000008003758                TIM8_BRK_TIM12_IRQHandler
                0x0000000008003758                Default_Handler
                0x0000000008003758                EXTI15_10_IRQHandler
                0x0000000008003758                ADC_IRQHandler
                0x0000000008003758                DMA1_Stream7_IRQHandler
                0x0000000008003758                TIM7_IRQHandler
                0x0000000008003758                CAN2_TX_IRQHandler
                0x0000000008003758                TIM5_IRQHandler
                0x0000000008003758                DMA2_Stream7_IRQHandler
                0x0000000008003758                I2C3_EV_IRQHandler
                0x0000000008003758                EXTI9_5_IRQHandler
                0x0000000008003758                RTC_WKUP_IRQHandler
                0x0000000008003758                ETH_WKUP_IRQHandler
                0x0000000008003758                SPI2_IRQHandler
                0x0000000008003758                OTG_HS_EP1_IN_IRQHandler
                0x0000000008003758                DMA1_Stream0_IRQHandler
                0x0000000008003758                CAN1_TX_IRQHandler
                0x0000000008003758                EXTI4_IRQHandler
                0x0000000008003758                FSMC_IRQHandler
                0x0000000008003758                ETH_IRQHandler
                0x0000000008003758                OTG_HS_EP1_OUT_IRQHandler
                0x0000000008003758                WWDG_IRQHandler
                0x0000000008003758                TIM2_IRQHandler
                0x0000000008003758                OTG_FS_WKUP_IRQHandler
                0x0000000008003758                TIM1_TRG_COM_TIM11_IRQHandler
                0x0000000008003758                OTG_HS_IRQHandler
                0x0000000008003758                EXTI1_IRQHandler
                0x0000000008003758                I2C2_ER_IRQHandler
                0x0000000008003758                CAN1_SCE_IRQHandler
                0x0000000008003758                FLASH_IRQHandler
                0x0000000008003758                DMA2_Stream4_IRQHandler
                0x0000000008003758                USART1_IRQHandler
                0x0000000008003758                SPI3_IRQHandler
                0x0000000008003758                DMA1_Stream4_IRQHandler
                0x0000000008003758                I2C1_ER_IRQHandler
                0x0000000008003758                DMA2_Stream6_IRQHandler
                0x0000000008003758                DMA1_Stream3_IRQHandler
 *fill*         0x000000000800375a        0x2 
 .text.HAL_Init
                0x000000000800375c       0x44 ./Drivers/STM32F4xx_HAL_Driver/Src/stm32f4xx_hal.o
                0x000000000800375c                HAL_Init
 .text.HAL_InitTick
                0x00000000080037a0       0x60 ./Drivers/STM32F4xx_HAL_Driver/Src/stm32f4xx_hal.o
                0x00000000080037a0                HAL_InitTick
 .text.HAL_IncTick
                0x0000000008003800       0x28 ./Drivers/STM32F4xx_HAL_Driver/Src/stm32f4xx_hal.o
                0x0000000008003800                HAL_IncTick
 .text.HAL_GetTick
                0x0000000008003828       0x18 ./Drivers/STM32F4xx_HAL_Driver/Src/stm32f4xx_hal.o
                0x0000000008003828                HAL_GetTick
 .text.HAL_Delay
                0x0000000008003840       0x48 ./Drivers/STM32F4xx_HAL_Driver/Src/stm32f4xx_hal.o
                0x0000000008003840                HAL_Delay
 .text.__NVIC_SetPriorityGrouping
                0x0000000008003888       0x48 ./Drivers/STM32F4xx_HAL_Driver/Src/stm32f4xx_hal_cortex.o
 .text.__NVIC_GetPriorityGrouping
                0x00000000080038d0       0x1c ./Drivers/STM32F4xx_HAL_Driver/Src/stm32f4xx_hal_cortex.o
 .text.__NVIC_EnableIRQ
                0x00000000080038ec       0x3c ./Drivers/STM32F4xx_HAL_Driver/Src/stm32f4xx_hal_cortex.o
 .text.__NVIC_SetPriority
                0x0000000008003928       0x54 ./Drivers/STM32F4xx_HAL_Driver/Src/stm32f4xx_hal_cortex.o
 .text.NVIC_EncodePriority
                0x000000000800397c       0x66 ./Drivers/STM32F4xx_HAL_Driver/Src/stm32f4xx_hal_cortex.o
 *fill*         0x00000000080039e2        0x2 
 .text.SysTick_Config
                0x00000000080039e4       0x44 ./Drivers/STM32F4xx_HAL_Driver/Src/stm32f4xx_hal_cortex.o
 .text.HAL_NVIC_SetPriorityGrouping
                0x0000000008003a28       0x16 ./Drivers/STM32F4xx_HAL_Driver/Src/stm32f4xx_hal_cortex.o
                0x0000000008003a28                HAL_NVIC_SetPriorityGrouping
 .text.HAL_NVIC_SetPriority
                0x0000000008003a3e       0x38 ./Drivers/STM32F4xx_HAL_Driver/Src/stm32f4xx_hal_cortex.o
                0x0000000008003a3e                HAL_NVIC_SetPriority
 .text.HAL_NVIC_EnableIRQ
                0x0000000008003a76       0x1c ./Drivers/STM32F4xx_HAL_Driver/Src/stm32f4xx_hal_cortex.o
                0x0000000008003a76                HAL_NVIC_EnableIRQ
 .text.HAL_SYSTICK_Config
                0x0000000008003a92       0x18 ./Drivers/STM32F4xx_HAL_Driver/Src/stm32f4xx_hal_cortex.o
                0x0000000008003a92                HAL_SYSTICK_Config
 *fill*         0x0000000008003aaa        0x2 
 .text.HAL_DMA_Init
                0x0000000008003aac      0x15c ./Drivers/STM32F4xx_HAL_Driver/Src/stm32f4xx_hal_dma.o
                0x0000000008003aac                HAL_DMA_Init
 .text.HAL_DMA_Start_IT
                0x0000000008003c08       0xb0 ./Drivers/STM32F4xx_HAL_Driver/Src/stm32f4xx_hal_dma.o
                0x0000000008003c08                HAL_DMA_Start_IT
 .text.HAL_DMA_Abort
                0x0000000008003cb8       0xe0 ./Drivers/STM32F4xx_HAL_Driver/Src/stm32f4xx_hal_dma.o
                0x0000000008003cb8                HAL_DMA_Abort
 .text.HAL_DMA_Abort_IT
                0x0000000008003d98       0x44 ./Drivers/STM32F4xx_HAL_Driver/Src/stm32f4xx_hal_dma.o
                0x0000000008003d98                HAL_DMA_Abort_IT
 .text.HAL_DMA_IRQHandler
                0x0000000008003ddc      0x314 ./Drivers/STM32F4xx_HAL_Driver/Src/stm32f4xx_hal_dma.o
                0x0000000008003ddc                HAL_DMA_IRQHandler
 .text.DMA_SetConfig
                0x00000000080040f0       0x5c ./Drivers/STM32F4xx_HAL_Driver/Src/stm32f4xx_hal_dma.o
 .text.DMA_CalcBaseAndBitshift
                0x000000000800414c       0x6c ./Drivers/STM32F4xx_HAL_Driver/Src/stm32f4xx_hal_dma.o
 .text.DMA_CheckFifoParam
                0x00000000080041b8       0xf8 ./Drivers/STM32F4xx_HAL_Driver/Src/stm32f4xx_hal_dma.o
 .text.HAL_FLASH_Program
                0x00000000080042b0       0xa8 ./Drivers/STM32F4xx_HAL_Driver/Src/stm32f4xx_hal_flash.o
                0x00000000080042b0                HAL_FLASH_Program
 .text.HAL_FLASH_Unlock
                0x0000000008004358       0x44 ./Drivers/STM32F4xx_HAL_Driver/Src/stm32f4xx_hal_flash.o
                0x0000000008004358                HAL_FLASH_Unlock
 .text.HAL_FLASH_Lock
                0x000000000800439c       0x20 ./Drivers/STM32F4xx_HAL_Driver/Src/stm32f4xx_hal_flash.o
                0x000000000800439c                HAL_FLASH_Lock
 .text.FLASH_WaitForLastOperation
                0x00000000080043bc       0x80 ./Drivers/STM32F4xx_HAL_Driver/Src/stm32f4xx_hal_flash.o
                0x00000000080043bc                FLASH_WaitForLastOperation
 .text.FLASH_Program_DoubleWord
                0x000000000800443c       0x64 ./Drivers/STM32F4xx_HAL_Driver/Src/stm32f4xx_hal_flash.o
 .text.FLASH_Program_Word
                0x00000000080044a0       0x44 ./Drivers/STM32F4xx_HAL_Driver/Src/stm32f4xx_hal_flash.o
 .text.FLASH_Program_HalfWord
                0x00000000080044e4       0x48 ./Drivers/STM32F4xx_HAL_Driver/Src/stm32f4xx_hal_flash.o
 .text.FLASH_Program_Byte
                0x000000000800452c       0x44 ./Drivers/STM32F4xx_HAL_Driver/Src/stm32f4xx_hal_flash.o
 .text.FLASH_SetErrorCode
                0x0000000008004570       0xac ./Drivers/STM32F4xx_HAL_Driver/Src/stm32f4xx_hal_flash.o
 .text.FLASH_Erase_Sector
                0x000000000800461c       0x90 ./Drivers/STM32F4xx_HAL_Driver/Src/stm32f4xx_hal_flash_ex.o
                0x000000000800461c                FLASH_Erase_Sector
 .text.HAL_GPIO_Init
                0x00000000080046ac      0x338 ./Drivers/STM32F4xx_HAL_Driver/Src/stm32f4xx_hal_gpio.o
                0x00000000080046ac                HAL_GPIO_Init
 .text.HAL_GPIO_ReadPin
                0x00000000080049e4       0x30 ./Drivers/STM32F4xx_HAL_Driver/Src/stm32f4xx_hal_gpio.o
                0x00000000080049e4                HAL_GPIO_ReadPin
 .text.HAL_GPIO_WritePin
                0x0000000008004a14       0x32 ./Drivers/STM32F4xx_HAL_Driver/Src/stm32f4xx_hal_gpio.o
                0x0000000008004a14                HAL_GPIO_WritePin
 .text.HAL_GPIO_TogglePin
                0x0000000008004a46       0x34 ./Drivers/STM32F4xx_HAL_Driver/Src/stm32f4xx_hal_gpio.o
                0x0000000008004a46                HAL_GPIO_TogglePin
 *fill*         0x0000000008004a7a        0x2 
 .text.HAL_I2C_Init
                0x0000000008004a7c      0x288 ./Drivers/STM32F4xx_HAL_Driver/Src/stm32f4xx_hal_i2c.o
                0x0000000008004a7c                HAL_I2C_Init
 .text.HAL_PCD_Init
                0x0000000008004d04      0x23a ./Drivers/STM32F4xx_HAL_Driver/Src/stm32f4xx_hal_pcd.o
                0x0000000008004d04                HAL_PCD_Init
 .text.HAL_PCD_Start
                0x0000000008004f3e       0x66 ./Drivers/STM32F4xx_HAL_Driver/Src/stm32f4xx_hal_pcd.o
                0x0000000008004f3e                HAL_PCD_Start
 .text.HAL_PCD_IRQHandler
                0x0000000008004fa4      0x93e ./Drivers/STM32F4xx_HAL_Driver/Src/stm32f4xx_hal_pcd.o
                0x0000000008004fa4                HAL_PCD_IRQHandler
 .text.HAL_PCD_SetAddress
                0x00000000080058e2       0x4a ./Drivers/STM32F4xx_HAL_Driver/Src/stm32f4xx_hal_pcd.o
                0x00000000080058e2                HAL_PCD_SetAddress
 .text.HAL_PCD_EP_Open
                0x000000000800592c       0xd0 ./Drivers/STM32F4xx_HAL_Driver/Src/stm32f4xx_hal_pcd.o
                0x000000000800592c                HAL_PCD_EP_Open
 .text.HAL_PCD_EP_Close
                0x00000000080059fc       0x94 ./Drivers/STM32F4xx_HAL_Driver/Src/stm32f4xx_hal_pcd.o
                0x00000000080059fc                HAL_PCD_EP_Close
 .text.HAL_PCD_EP_Receive
                0x0000000008005a90       0x96 ./Drivers/STM32F4xx_HAL_Driver/Src/stm32f4xx_hal_pcd.o
                0x0000000008005a90                HAL_PCD_EP_Receive
 .text.HAL_PCD_EP_GetRxCount
                0x0000000008005b26       0x30 ./Drivers/STM32F4xx_HAL_Driver/Src/stm32f4xx_hal_pcd.o
                0x0000000008005b26                HAL_PCD_EP_GetRxCount
 .text.HAL_PCD_EP_Transmit
                0x0000000008005b56       0x94 ./Drivers/STM32F4xx_HAL_Driver/Src/stm32f4xx_hal_pcd.o
                0x0000000008005b56                HAL_PCD_EP_Transmit
 .text.HAL_PCD_EP_SetStall
                0x0000000008005bea       0xc8 ./Drivers/STM32F4xx_HAL_Driver/Src/stm32f4xx_hal_pcd.o
                0x0000000008005bea                HAL_PCD_EP_SetStall
 .text.HAL_PCD_EP_ClrStall
                0x0000000008005cb2       0xac ./Drivers/STM32F4xx_HAL_Driver/Src/stm32f4xx_hal_pcd.o
                0x0000000008005cb2                HAL_PCD_EP_ClrStall
 .text.HAL_PCD_EP_Abort
                0x0000000008005d5e       0x62 ./Drivers/STM32F4xx_HAL_Driver/Src/stm32f4xx_hal_pcd.o
                0x0000000008005d5e                HAL_PCD_EP_Abort
 .text.PCD_WriteEmptyTxFifo
                0x0000000008005dc0      0x11a ./Drivers/STM32F4xx_HAL_Driver/Src/stm32f4xx_hal_pcd.o
 *fill*         0x0000000008005eda        0x2 
 .text.PCD_EP_OutXfrComplete_int
                0x0000000008005edc      0x1d0 ./Drivers/STM32F4xx_HAL_Driver/Src/stm32f4xx_hal_pcd.o
 .text.PCD_EP_OutSetupPacket_int
                0x00000000080060ac       0x8c ./Drivers/STM32F4xx_HAL_Driver/Src/stm32f4xx_hal_pcd.o
 .text.HAL_PCDEx_SetTxFiFo
                0x0000000008006138       0x8e ./Drivers/STM32F4xx_HAL_Driver/Src/stm32f4xx_hal_pcd_ex.o
                0x0000000008006138                HAL_PCDEx_SetTxFiFo
 .text.HAL_PCDEx_SetRxFiFo
                0x00000000080061c6       0x22 ./Drivers/STM32F4xx_HAL_Driver/Src/stm32f4xx_hal_pcd_ex.o
                0x00000000080061c6                HAL_PCDEx_SetRxFiFo
 .text.HAL_PCDEx_LPM_Callback
                0x00000000080061e8       0x18 ./Drivers/STM32F4xx_HAL_Driver/Src/stm32f4xx_hal_pcd_ex.o
                0x00000000080061e8                HAL_PCDEx_LPM_Callback
 .text.HAL_RCC_OscConfig
                0x0000000008006200      0x4f0 ./Drivers/STM32F4xx_HAL_Driver/Src/stm32f4xx_hal_rcc.o
                0x0000000008006200                HAL_RCC_OscConfig
 .text.HAL_RCC_ClockConfig
                0x00000000080066f0      0x1cc ./Drivers/STM32F4xx_HAL_Driver/Src/stm32f4xx_hal_rcc.o
                0x00000000080066f0                HAL_RCC_ClockConfig
 .text.HAL_RCC_GetSysClockFreq
                0x00000000080068bc      0x20c ./Drivers/STM32F4xx_HAL_Driver/Src/stm32f4xx_hal_rcc.o
                0x00000000080068bc                HAL_RCC_GetSysClockFreq
 .text.HAL_RCC_GetHCLKFreq
                0x0000000008006ac8       0x18 ./Drivers/STM32F4xx_HAL_Driver/Src/stm32f4xx_hal_rcc.o
                0x0000000008006ac8                HAL_RCC_GetHCLKFreq
 .text.HAL_RCC_GetPCLK1Freq
                0x0000000008006ae0       0x28 ./Drivers/STM32F4xx_HAL_Driver/Src/stm32f4xx_hal_rcc.o
                0x0000000008006ae0                HAL_RCC_GetPCLK1Freq
 .text.HAL_RCC_GetPCLK2Freq
                0x0000000008006b08       0x28 ./Drivers/STM32F4xx_HAL_Driver/Src/stm32f4xx_hal_rcc.o
                0x0000000008006b08                HAL_RCC_GetPCLK2Freq
 .text.HAL_SPI_Init
                0x0000000008006b30      0x112 ./Drivers/STM32F4xx_HAL_Driver/Src/stm32f4xx_hal_spi.o
                0x0000000008006b30                HAL_SPI_Init
 .text.HAL_TIM_Base_Init
                0x0000000008006c42       0x9e ./Drivers/STM32F4xx_HAL_Driver/Src/stm32f4xx_hal_tim.o
                0x0000000008006c42                HAL_TIM_Base_Init
 .text.HAL_TIM_Base_Start
                0x0000000008006ce0       0xd0 ./Drivers/STM32F4xx_HAL_Driver/Src/stm32f4xx_hal_tim.o
                0x0000000008006ce0                HAL_TIM_Base_Start
 .text.HAL_TIM_PWM_Init
                0x0000000008006db0       0x9e ./Drivers/STM32F4xx_HAL_Driver/Src/stm32f4xx_hal_tim.o
                0x0000000008006db0                HAL_TIM_PWM_Init
 .text.HAL_TIM_PWM_MspInit
                0x0000000008006e4e       0x14 ./Drivers/STM32F4xx_HAL_Driver/Src/stm32f4xx_hal_tim.o
                0x0000000008006e4e                HAL_TIM_PWM_MspInit
 *fill*         0x0000000008006e62        0x2 
 .text.HAL_TIM_PWM_Start
                0x0000000008006e64      0x190 ./Drivers/STM32F4xx_HAL_Driver/Src/stm32f4xx_hal_tim.o
                0x0000000008006e64                HAL_TIM_PWM_Start
 .text.HAL_TIM_PWM_Stop
                0x0000000008006ff4       0xe0 ./Drivers/STM32F4xx_HAL_Driver/Src/stm32f4xx_hal_tim.o
                0x0000000008006ff4                HAL_TIM_PWM_Stop
 .text.HAL_TIM_PWM_Stop_IT
                0x00000000080070d4      0x17c ./Drivers/STM32F4xx_HAL_Driver/Src/stm32f4xx_hal_tim.o
                0x00000000080070d4                HAL_TIM_PWM_Stop_IT
 .text.HAL_TIM_OnePulse_Init
                0x0000000008007250       0xa0 ./Drivers/STM32F4xx_HAL_Driver/Src/stm32f4xx_hal_tim.o
                0x0000000008007250                HAL_TIM_OnePulse_Init
 .text.HAL_TIM_PWM_ConfigChannel
                0x00000000080072f0      0x184 ./Drivers/STM32F4xx_HAL_Driver/Src/stm32f4xx_hal_tim.o
                0x00000000080072f0                HAL_TIM_PWM_ConfigChannel
 .text.HAL_TIM_ConfigClockSource
                0x0000000008007474      0x18e ./Drivers/STM32F4xx_HAL_Driver/Src/stm32f4xx_hal_tim.o
                0x0000000008007474                HAL_TIM_ConfigClockSource
 .text.HAL_TIM_SlaveConfigSynchro
                0x0000000008007602       0x84 ./Drivers/STM32F4xx_HAL_Driver/Src/stm32f4xx_hal_tim.o
                0x0000000008007602                HAL_TIM_SlaveConfigSynchro
 *fill*         0x0000000008007686        0x2 
 .text.TIM_Base_SetConfig
                0x0000000008007688      0x140 ./Drivers/STM32F4xx_HAL_Driver/Src/stm32f4xx_hal_tim.o
                0x0000000008007688                TIM_Base_SetConfig
 .text.TIM_OC1_SetConfig
                0x00000000080077c8       0xe0 ./Drivers/STM32F4xx_HAL_Driver/Src/stm32f4xx_hal_tim.o
 .text.TIM_OC2_SetConfig
                0x00000000080078a8       0xec ./Drivers/STM32F4xx_HAL_Driver/Src/stm32f4xx_hal_tim.o
                0x00000000080078a8                TIM_OC2_SetConfig
 .text.TIM_OC3_SetConfig
                0x0000000008007994       0xe8 ./Drivers/STM32F4xx_HAL_Driver/Src/stm32f4xx_hal_tim.o
 .text.TIM_OC4_SetConfig
                0x0000000008007a7c       0xac ./Drivers/STM32F4xx_HAL_Driver/Src/stm32f4xx_hal_tim.o
 .text.TIM_SlaveTimer_SetConfig
                0x0000000008007b28      0x122 ./Drivers/STM32F4xx_HAL_Driver/Src/stm32f4xx_hal_tim.o
 .text.TIM_TI1_ConfigInputStage
                0x0000000008007c4a       0x5e ./Drivers/STM32F4xx_HAL_Driver/Src/stm32f4xx_hal_tim.o
 .text.TIM_TI2_ConfigInputStage
                0x0000000008007ca8       0x60 ./Drivers/STM32F4xx_HAL_Driver/Src/stm32f4xx_hal_tim.o
 .text.TIM_ITRx_SetConfig
                0x0000000008007d08       0x36 ./Drivers/STM32F4xx_HAL_Driver/Src/stm32f4xx_hal_tim.o
 .text.TIM_ETR_SetConfig
                0x0000000008007d3e       0x40 ./Drivers/STM32F4xx_HAL_Driver/Src/stm32f4xx_hal_tim.o
                0x0000000008007d3e                TIM_ETR_SetConfig
 .text.TIM_CCxChannelCmd
                0x0000000008007d7e       0x4a ./Drivers/STM32F4xx_HAL_Driver/Src/stm32f4xx_hal_tim.o
                0x0000000008007d7e                TIM_CCxChannelCmd
 .text.HAL_TIMEx_MasterConfigSynchronization
                0x0000000008007dc8       0xf8 ./Drivers/STM32F4xx_HAL_Driver/Src/stm32f4xx_hal_tim_ex.o
                0x0000000008007dc8                HAL_TIMEx_MasterConfigSynchronization
 .text.HAL_TIMEx_ConfigBreakDeadTime
                0x0000000008007ec0       0xa4 ./Drivers/STM32F4xx_HAL_Driver/Src/stm32f4xx_hal_tim_ex.o
                0x0000000008007ec0                HAL_TIMEx_ConfigBreakDeadTime
 .text.HAL_UART_Init
                0x0000000008007f64       0x9a ./Drivers/STM32F4xx_HAL_Driver/Src/stm32f4xx_hal_uart.o
                0x0000000008007f64                HAL_UART_Init
 *fill*         0x0000000008007ffe        0x2 
 .text.HAL_UART_Transmit_DMA
                0x0000000008008000       0xfc ./Drivers/STM32F4xx_HAL_Driver/Src/stm32f4xx_hal_uart.o
                0x0000000008008000                HAL_UART_Transmit_DMA
 .text.HAL_UART_Receive_DMA
                0x00000000080080fc       0x60 ./Drivers/STM32F4xx_HAL_Driver/Src/stm32f4xx_hal_uart.o
                0x00000000080080fc                HAL_UART_Receive_DMA
 .text.HAL_UART_DMAStop
                0x000000000800815c       0xfe ./Drivers/STM32F4xx_HAL_Driver/Src/stm32f4xx_hal_uart.o
                0x000000000800815c                HAL_UART_DMAStop
 *fill*         0x000000000800825a        0x2 
 .text.HAL_UART_IRQHandler
                0x000000000800825c      0x51c ./Drivers/STM32F4xx_HAL_Driver/Src/stm32f4xx_hal_uart.o
                0x000000000800825c                HAL_UART_IRQHandler
 .text.HAL_UART_TxHalfCpltCallback
                0x0000000008008778       0x14 ./Drivers/STM32F4xx_HAL_Driver/Src/stm32f4xx_hal_uart.o
                0x0000000008008778                HAL_UART_TxHalfCpltCallback
 .text.HAL_UART_RxCpltCallback
                0x000000000800878c       0x14 ./Drivers/STM32F4xx_HAL_Driver/Src/stm32f4xx_hal_uart.o
                0x000000000800878c                HAL_UART_RxCpltCallback
 .text.HAL_UART_RxHalfCpltCallback
                0x00000000080087a0       0x14 ./Drivers/STM32F4xx_HAL_Driver/Src/stm32f4xx_hal_uart.o
                0x00000000080087a0                HAL_UART_RxHalfCpltCallback
 .text.HAL_UART_ErrorCallback
                0x00000000080087b4       0x14 ./Drivers/STM32F4xx_HAL_Driver/Src/stm32f4xx_hal_uart.o
                0x00000000080087b4                HAL_UART_ErrorCallback
 .text.HAL_UARTEx_RxEventCallback
                0x00000000080087c8       0x18 ./Drivers/STM32F4xx_HAL_Driver/Src/stm32f4xx_hal_uart.o
                0x00000000080087c8                HAL_UARTEx_RxEventCallback
 .text.UART_DMATransmitCplt
                0x00000000080087e0       0x9a ./Drivers/STM32F4xx_HAL_Driver/Src/stm32f4xx_hal_uart.o
 .text.UART_DMATxHalfCplt
                0x000000000800887a       0x1c ./Drivers/STM32F4xx_HAL_Driver/Src/stm32f4xx_hal_uart.o
 .text.UART_DMAReceiveCplt
                0x0000000008008896      0x126 ./Drivers/STM32F4xx_HAL_Driver/Src/stm32f4xx_hal_uart.o
 .text.UART_DMARxHalfCplt
                0x00000000080089bc       0x36 ./Drivers/STM32F4xx_HAL_Driver/Src/stm32f4xx_hal_uart.o
 .text.UART_DMAError
                0x00000000080089f2       0x94 ./Drivers/STM32F4xx_HAL_Driver/Src/stm32f4xx_hal_uart.o
 *fill*         0x0000000008008a86        0x2 
 .text.UART_Start_Receive_DMA
                0x0000000008008a88      0x13c ./Drivers/STM32F4xx_HAL_Driver/Src/stm32f4xx_hal_uart.o
                0x0000000008008a88                UART_Start_Receive_DMA
 .text.UART_EndTxTransfer
                0x0000000008008bc4       0x50 ./Drivers/STM32F4xx_HAL_Driver/Src/stm32f4xx_hal_uart.o
 .text.UART_EndRxTransfer
                0x0000000008008c14       0xc6 ./Drivers/STM32F4xx_HAL_Driver/Src/stm32f4xx_hal_uart.o
 .text.UART_DMAAbortOnError
                0x0000000008008cda       0x28 ./Drivers/STM32F4xx_HAL_Driver/Src/stm32f4xx_hal_uart.o
 .text.UART_Transmit_IT
                0x0000000008008d02       0xa0 ./Drivers/STM32F4xx_HAL_Driver/Src/stm32f4xx_hal_uart.o
 .text.UART_EndTransmit_IT
                0x0000000008008da2       0x30 ./Drivers/STM32F4xx_HAL_Driver/Src/stm32f4xx_hal_uart.o
 .text.UART_Receive_IT
                0x0000000008008dd2      0x176 ./Drivers/STM32F4xx_HAL_Driver/Src/stm32f4xx_hal_uart.o
 .text.UART_SetConfig
                0x0000000008008f48      0x4e8 ./Drivers/STM32F4xx_HAL_Driver/Src/stm32f4xx_hal_uart.o
 .text.USB_CoreInit
                0x0000000008009430       0xc2 ./Drivers/STM32F4xx_HAL_Driver/Src/stm32f4xx_ll_usb.o
                0x0000000008009430                USB_CoreInit
 *fill*         0x00000000080094f2        0x2 
 .text.USB_SetTurnaroundTime
                0x00000000080094f4      0x144 ./Drivers/STM32F4xx_HAL_Driver/Src/stm32f4xx_ll_usb.o
                0x00000000080094f4                USB_SetTurnaroundTime
 .text.USB_EnableGlobalInt
                0x0000000008009638       0x22 ./Drivers/STM32F4xx_HAL_Driver/Src/stm32f4xx_ll_usb.o
                0x0000000008009638                USB_EnableGlobalInt
 .text.USB_DisableGlobalInt
                0x000000000800965a       0x22 ./Drivers/STM32F4xx_HAL_Driver/Src/stm32f4xx_ll_usb.o
                0x000000000800965a                USB_DisableGlobalInt
 .text.USB_SetCurrentMode
                0x000000000800967c       0x98 ./Drivers/STM32F4xx_HAL_Driver/Src/stm32f4xx_ll_usb.o
                0x000000000800967c                USB_SetCurrentMode
 .text.USB_DevInit
                0x0000000008009714      0x2c8 ./Drivers/STM32F4xx_HAL_Driver/Src/stm32f4xx_ll_usb.o
                0x0000000008009714                USB_DevInit
 .text.USB_FlushTxFifo
                0x00000000080099dc       0x68 ./Drivers/STM32F4xx_HAL_Driver/Src/stm32f4xx_ll_usb.o
                0x00000000080099dc                USB_FlushTxFifo
 .text.USB_FlushRxFifo
                0x0000000008009a44       0x60 ./Drivers/STM32F4xx_HAL_Driver/Src/stm32f4xx_ll_usb.o
                0x0000000008009a44                USB_FlushRxFifo
 .text.USB_SetDevSpeed
                0x0000000008009aa4       0x32 ./Drivers/STM32F4xx_HAL_Driver/Src/stm32f4xx_ll_usb.o
                0x0000000008009aa4                USB_SetDevSpeed
 .text.USB_GetDevSpeed
                0x0000000008009ad6       0x4a ./Drivers/STM32F4xx_HAL_Driver/Src/stm32f4xx_ll_usb.o
                0x0000000008009ad6                USB_GetDevSpeed
 .text.USB_ActivateEndpoint
                0x0000000008009b20      0x10e ./Drivers/STM32F4xx_HAL_Driver/Src/stm32f4xx_ll_usb.o
                0x0000000008009b20                USB_ActivateEndpoint
 *fill*         0x0000000008009c2e        0x2 
 .text.USB_DeactivateEndpoint
                0x0000000008009c30      0x1b8 ./Drivers/STM32F4xx_HAL_Driver/Src/stm32f4xx_ll_usb.o
                0x0000000008009c30                USB_DeactivateEndpoint
 .text.USB_EPStartXfer
                0x0000000008009de8      0x490 ./Drivers/STM32F4xx_HAL_Driver/Src/stm32f4xx_ll_usb.o
                0x0000000008009de8                USB_EPStartXfer
 .text.USB_EP0StartXfer
                0x000000000800a278      0x2b0 ./Drivers/STM32F4xx_HAL_Driver/Src/stm32f4xx_ll_usb.o
                0x000000000800a278                USB_EP0StartXfer
 .text.USB_EPStopXfer
                0x000000000800a528      0x154 ./Drivers/STM32F4xx_HAL_Driver/Src/stm32f4xx_ll_usb.o
                0x000000000800a528                USB_EPStopXfer
 .text.USB_WritePacket
                0x000000000800a67c       0x7c ./Drivers/STM32F4xx_HAL_Driver/Src/stm32f4xx_ll_usb.o
                0x000000000800a67c                USB_WritePacket
 .text.USB_ReadPacket
                0x000000000800a6f8       0xb0 ./Drivers/STM32F4xx_HAL_Driver/Src/stm32f4xx_ll_usb.o
                0x000000000800a6f8                USB_ReadPacket
 .text.USB_EPSetStall
                0x000000000800a7a8       0xdc ./Drivers/STM32F4xx_HAL_Driver/Src/stm32f4xx_ll_usb.o
                0x000000000800a7a8                USB_EPSetStall
 .text.USB_EPClearStall
                0x000000000800a884       0xcc ./Drivers/STM32F4xx_HAL_Driver/Src/stm32f4xx_ll_usb.o
                0x000000000800a884                USB_EPClearStall
 .text.USB_SetDevAddress
                0x000000000800a950       0x4c ./Drivers/STM32F4xx_HAL_Driver/Src/stm32f4xx_ll_usb.o
                0x000000000800a950                USB_SetDevAddress
 .text.USB_DevConnect
                0x000000000800a99c       0x42 ./Drivers/STM32F4xx_HAL_Driver/Src/stm32f4xx_ll_usb.o
                0x000000000800a99c                USB_DevConnect
 .text.USB_DevDisconnect
                0x000000000800a9de       0x42 ./Drivers/STM32F4xx_HAL_Driver/Src/stm32f4xx_ll_usb.o
                0x000000000800a9de                USB_DevDisconnect
 .text.USB_ReadInterrupts
                0x000000000800aa20       0x26 ./Drivers/STM32F4xx_HAL_Driver/Src/stm32f4xx_ll_usb.o
                0x000000000800aa20                USB_ReadInterrupts
 .text.USB_ReadDevAllOutEpInterrupt
                0x000000000800aa46       0x34 ./Drivers/STM32F4xx_HAL_Driver/Src/stm32f4xx_ll_usb.o
                0x000000000800aa46                USB_ReadDevAllOutEpInterrupt
 .text.USB_ReadDevAllInEpInterrupt
                0x000000000800aa7a       0x34 ./Drivers/STM32F4xx_HAL_Driver/Src/stm32f4xx_ll_usb.o
                0x000000000800aa7a                USB_ReadDevAllInEpInterrupt
 .text.USB_ReadDevOutEPInterrupt
                0x000000000800aaae       0x3c ./Drivers/STM32F4xx_HAL_Driver/Src/stm32f4xx_ll_usb.o
                0x000000000800aaae                USB_ReadDevOutEPInterrupt
 .text.USB_ReadDevInEPInterrupt
                0x000000000800aaea       0x5c ./Drivers/STM32F4xx_HAL_Driver/Src/stm32f4xx_ll_usb.o
                0x000000000800aaea                USB_ReadDevInEPInterrupt
 .text.USB_GetMode
                0x000000000800ab46       0x1c ./Drivers/STM32F4xx_HAL_Driver/Src/stm32f4xx_ll_usb.o
                0x000000000800ab46                USB_GetMode
 .text.USB_ActivateSetup
                0x000000000800ab62       0x46 ./Drivers/STM32F4xx_HAL_Driver/Src/stm32f4xx_ll_usb.o
                0x000000000800ab62                USB_ActivateSetup
 .text.USB_EP0_OutStart
                0x000000000800aba8       0xbc ./Drivers/STM32F4xx_HAL_Driver/Src/stm32f4xx_ll_usb.o
                0x000000000800aba8                USB_EP0_OutStart
 .text.USB_CoreReset
                0x000000000800ac64       0x68 ./Drivers/STM32F4xx_HAL_Driver/Src/stm32f4xx_ll_usb.o
 .text.USBD_CDC_Init
                0x000000000800accc      0x1f0 ./Middlewares/ST/STM32_USB_Device_Library/Class/CDC/Src/usbd_cdc.o
 .text.USBD_CDC_DeInit
                0x000000000800aebc      0x104 ./Middlewares/ST/STM32_USB_Device_Library/Class/CDC/Src/usbd_cdc.o
 .text.USBD_CDC_Setup
                0x000000000800afc0      0x1b8 ./Middlewares/ST/STM32_USB_Device_Library/Class/CDC/Src/usbd_cdc.o
 .text.USBD_CDC_DataIn
                0x000000000800b178       0xfe ./Middlewares/ST/STM32_USB_Device_Library/Class/CDC/Src/usbd_cdc.o
 .text.USBD_CDC_DataOut
                0x000000000800b276       0x70 ./Middlewares/ST/STM32_USB_Device_Library/Class/CDC/Src/usbd_cdc.o
 .text.USBD_CDC_EP0_RxReady
                0x000000000800b2e6       0x76 ./Middlewares/ST/STM32_USB_Device_Library/Class/CDC/Src/usbd_cdc.o
 .text.USBD_CDC_GetFSCfgDesc
                0x000000000800b35c       0x70 ./Middlewares/ST/STM32_USB_Device_Library/Class/CDC/Src/usbd_cdc.o
 .text.USBD_CDC_GetHSCfgDesc
                0x000000000800b3cc       0x70 ./Middlewares/ST/STM32_USB_Device_Library/Class/CDC/Src/usbd_cdc.o
 .text.USBD_CDC_GetOtherSpeedCfgDesc
                0x000000000800b43c       0x70 ./Middlewares/ST/STM32_USB_Device_Library/Class/CDC/Src/usbd_cdc.o
 .text.USBD_CDC_GetDeviceQualifierDescriptor
                0x000000000800b4ac       0x20 ./Middlewares/ST/STM32_USB_Device_Library/Class/CDC/Src/usbd_cdc.o
                0x000000000800b4ac                USBD_CDC_GetDeviceQualifierDescriptor
 .text.USBD_CDC_RegisterInterface
                0x000000000800b4cc       0x34 ./Middlewares/ST/STM32_USB_Device_Library/Class/CDC/Src/usbd_cdc.o
                0x000000000800b4cc                USBD_CDC_RegisterInterface
 .text.USBD_CDC_SetTxBuffer
                0x000000000800b500       0x44 ./Middlewares/ST/STM32_USB_Device_Library/Class/CDC/Src/usbd_cdc.o
                0x000000000800b500                USBD_CDC_SetTxBuffer
 .text.USBD_CDC_SetRxBuffer
                0x000000000800b544       0x3a ./Middlewares/ST/STM32_USB_Device_Library/Class/CDC/Src/usbd_cdc.o
                0x000000000800b544                USBD_CDC_SetRxBuffer
 *fill*         0x000000000800b57e        0x2 
 .text.USBD_CDC_TransmitPacket
                0x000000000800b580       0x8c ./Middlewares/ST/STM32_USB_Device_Library/Class/CDC/Src/usbd_cdc.o
                0x000000000800b580                USBD_CDC_TransmitPacket
 .text.USBD_CDC_ReceivePacket
                0x000000000800b60c       0x6c ./Middlewares/ST/STM32_USB_Device_Library/Class/CDC/Src/usbd_cdc.o
                0x000000000800b60c                USBD_CDC_ReceivePacket
 .text.USBD_Init
                0x000000000800b678       0x60 ./Middlewares/ST/STM32_USB_Device_Library/Core/Src/usbd_core.o
                0x000000000800b678                USBD_Init
 .text.USBD_RegisterClass
                0x000000000800b6d8       0x6c ./Middlewares/ST/STM32_USB_Device_Library/Core/Src/usbd_core.o
                0x000000000800b6d8                USBD_RegisterClass
 .text.USBD_Start
                0x000000000800b744       0x18 ./Middlewares/ST/STM32_USB_Device_Library/Core/Src/usbd_core.o
                0x000000000800b744                USBD_Start
 .text.USBD_RunTestMode
                0x000000000800b75c       0x16 ./Middlewares/ST/STM32_USB_Device_Library/Core/Src/usbd_core.o
                0x000000000800b75c                USBD_RunTestMode
 .text.USBD_SetClassConfig
                0x000000000800b772       0x38 ./Middlewares/ST/STM32_USB_Device_Library/Core/Src/usbd_core.o
                0x000000000800b772                USBD_SetClassConfig
 .text.USBD_ClrClassConfig
                0x000000000800b7aa       0x34 ./Middlewares/ST/STM32_USB_Device_Library/Core/Src/usbd_core.o
                0x000000000800b7aa                USBD_ClrClassConfig
 .text.USBD_LL_SetupStage
                0x000000000800b7de       0xaa ./Middlewares/ST/STM32_USB_Device_Library/Core/Src/usbd_core.o
                0x000000000800b7de                USBD_LL_SetupStage
 .text.USBD_LL_DataOutStage
                0x000000000800b888      0x166 ./Middlewares/ST/STM32_USB_Device_Library/Core/Src/usbd_core.o
                0x000000000800b888                USBD_LL_DataOutStage
 .text.USBD_LL_DataInStage
                0x000000000800b9ee      0x164 ./Middlewares/ST/STM32_USB_Device_Library/Core/Src/usbd_core.o
                0x000000000800b9ee                USBD_LL_DataInStage
 .text.USBD_LL_Reset
                0x000000000800bb52       0xa4 ./Middlewares/ST/STM32_USB_Device_Library/Core/Src/usbd_core.o
                0x000000000800bb52                USBD_LL_Reset
 .text.USBD_LL_SetSpeed
                0x000000000800bbf6       0x20 ./Middlewares/ST/STM32_USB_Device_Library/Core/Src/usbd_core.o
                0x000000000800bbf6                USBD_LL_SetSpeed
 .text.USBD_LL_Suspend
                0x000000000800bc16       0x2c ./Middlewares/ST/STM32_USB_Device_Library/Core/Src/usbd_core.o
                0x000000000800bc16                USBD_LL_Suspend
 .text.USBD_LL_Resume
                0x000000000800bc42       0x30 ./Middlewares/ST/STM32_USB_Device_Library/Core/Src/usbd_core.o
                0x000000000800bc42                USBD_LL_Resume
 .text.USBD_LL_SOF
                0x000000000800bc72       0x40 ./Middlewares/ST/STM32_USB_Device_Library/Core/Src/usbd_core.o
                0x000000000800bc72                USBD_LL_SOF
 .text.USBD_LL_IsoINIncomplete
                0x000000000800bcb2       0x64 ./Middlewares/ST/STM32_USB_Device_Library/Core/Src/usbd_core.o
                0x000000000800bcb2                USBD_LL_IsoINIncomplete
 .text.USBD_LL_IsoOUTIncomplete
                0x000000000800bd16       0x64 ./Middlewares/ST/STM32_USB_Device_Library/Core/Src/usbd_core.o
                0x000000000800bd16                USBD_LL_IsoOUTIncomplete
 .text.USBD_LL_DevConnected
                0x000000000800bd7a       0x16 ./Middlewares/ST/STM32_USB_Device_Library/Core/Src/usbd_core.o
                0x000000000800bd7a                USBD_LL_DevConnected
 .text.USBD_LL_DevDisconnected
                0x000000000800bd90       0x46 ./Middlewares/ST/STM32_USB_Device_Library/Core/Src/usbd_core.o
                0x000000000800bd90                USBD_LL_DevDisconnected
 .text.USBD_CoreFindIF
                0x000000000800bdd6       0x1a ./Middlewares/ST/STM32_USB_Device_Library/Core/Src/usbd_core.o
                0x000000000800bdd6                USBD_CoreFindIF
 .text.USBD_CoreFindEP
                0x000000000800bdf0       0x1a ./Middlewares/ST/STM32_USB_Device_Library/Core/Src/usbd_core.o
                0x000000000800bdf0                USBD_CoreFindEP
 .text.USBD_GetEpDesc
                0x000000000800be0a       0x74 ./Middlewares/ST/STM32_USB_Device_Library/Core/Src/usbd_core.o
                0x000000000800be0a                USBD_GetEpDesc
 .text.USBD_GetNextDesc
                0x000000000800be7e       0x3a ./Middlewares/ST/STM32_USB_Device_Library/Core/Src/usbd_core.o
                0x000000000800be7e                USBD_GetNextDesc
 .text.SWAPBYTE
                0x000000000800beb8       0x3c ./Middlewares/ST/STM32_USB_Device_Library/Core/Src/usbd_ctlreq.o
 .text.USBD_StdDevReq
                0x000000000800bef4       0xe4 ./Middlewares/ST/STM32_USB_Device_Library/Core/Src/usbd_ctlreq.o
                0x000000000800bef4                USBD_StdDevReq
 .text.USBD_StdItfReq
                0x000000000800bfd8       0xd8 ./Middlewares/ST/STM32_USB_Device_Library/Core/Src/usbd_ctlreq.o
                0x000000000800bfd8                USBD_StdItfReq
 .text.USBD_StdEPReq
                0x000000000800c0b0      0x33a ./Middlewares/ST/STM32_USB_Device_Library/Core/Src/usbd_ctlreq.o
                0x000000000800c0b0                USBD_StdEPReq
 *fill*         0x000000000800c3ea        0x2 
 .text.USBD_GetDescriptor
                0x000000000800c3ec      0x2d4 ./Middlewares/ST/STM32_USB_Device_Library/Core/Src/usbd_ctlreq.o
 .text.USBD_SetAddress
                0x000000000800c6c0       0x88 ./Middlewares/ST/STM32_USB_Device_Library/Core/Src/usbd_ctlreq.o
 .text.USBD_SetConfig
                0x000000000800c748      0x154 ./Middlewares/ST/STM32_USB_Device_Library/Core/Src/usbd_ctlreq.o
 .text.USBD_GetConfig
                0x000000000800c89c       0x6c ./Middlewares/ST/STM32_USB_Device_Library/Core/Src/usbd_ctlreq.o
 .text.USBD_GetStatus
                0x000000000800c908       0x68 ./Middlewares/ST/STM32_USB_Device_Library/Core/Src/usbd_ctlreq.o
 .text.USBD_SetFeature
                0x000000000800c970       0x52 ./Middlewares/ST/STM32_USB_Device_Library/Core/Src/usbd_ctlreq.o
 .text.USBD_ClrFeature
                0x000000000800c9c2       0x44 ./Middlewares/ST/STM32_USB_Device_Library/Core/Src/usbd_ctlreq.o
 .text.USBD_ParseSetupRequest
                0x000000000800ca06       0x74 ./Middlewares/ST/STM32_USB_Device_Library/Core/Src/usbd_ctlreq.o
                0x000000000800ca06                USBD_ParseSetupRequest
 .text.USBD_CtlError
                0x000000000800ca7a       0x22 ./Middlewares/ST/STM32_USB_Device_Library/Core/Src/usbd_ctlreq.o
                0x000000000800ca7a                USBD_CtlError
 .text.USBD_GetString
                0x000000000800ca9c       0x8c ./Middlewares/ST/STM32_USB_Device_Library/Core/Src/usbd_ctlreq.o
                0x000000000800ca9c                USBD_GetString
 .text.USBD_GetLen
                0x000000000800cb28       0x34 ./Middlewares/ST/STM32_USB_Device_Library/Core/Src/usbd_ctlreq.o
 .text.USBD_CtlSendData
                0x000000000800cb5c       0x36 ./Middlewares/ST/STM32_USB_Device_Library/Core/Src/usbd_ioreq.o
                0x000000000800cb5c                USBD_CtlSendData
 .text.USBD_CtlContinueSendData
                0x000000000800cb92       0x22 ./Middlewares/ST/STM32_USB_Device_Library/Core/Src/usbd_ioreq.o
                0x000000000800cb92                USBD_CtlContinueSendData
 .text.USBD_CtlPrepareRx
                0x000000000800cbb4       0x3a ./Middlewares/ST/STM32_USB_Device_Library/Core/Src/usbd_ioreq.o
                0x000000000800cbb4                USBD_CtlPrepareRx
 .text.USBD_CtlContinueRx
                0x000000000800cbee       0x22 ./Middlewares/ST/STM32_USB_Device_Library/Core/Src/usbd_ioreq.o
                0x000000000800cbee                USBD_CtlContinueRx
 .text.USBD_CtlSendStatus
                0x000000000800cc10       0x26 ./Middlewares/ST/STM32_USB_Device_Library/Core/Src/usbd_ioreq.o
                0x000000000800cc10                USBD_CtlSendStatus
 .text.USBD_CtlReceiveStatus
                0x000000000800cc36       0x26 ./Middlewares/ST/STM32_USB_Device_Library/Core/Src/usbd_ioreq.o
                0x000000000800cc36                USBD_CtlReceiveStatus
 .text.MX_USB_DEVICE_Init
                0x000000000800cc5c       0x60 ./USB_DEVICE/App/usb_device.o
                0x000000000800cc5c                MX_USB_DEVICE_Init
 .text.CDC_Init_FS
                0x000000000800ccbc       0x28 ./USB_DEVICE/App/usbd_cdc_if.o
 .text.CDC_DeInit_FS
                0x000000000800cce4       0x10 ./USB_DEVICE/App/usbd_cdc_if.o
 .text.CDC_Control_FS
                0x000000000800ccf4       0xbc ./USB_DEVICE/App/usbd_cdc_if.o
 .text.CDC_Receive_FS
                0x000000000800cdb0       0x28 ./USB_DEVICE/App/usbd_cdc_if.o
 .text.CDC_Transmit_FS
                0x000000000800cdd8       0x4c ./USB_DEVICE/App/usbd_cdc_if.o
                0x000000000800cdd8                CDC_Transmit_FS
 .text.CDC_TransmitCplt_FS
                0x000000000800ce24       0x22 ./USB_DEVICE/App/usbd_cdc_if.o
 *fill*         0x000000000800ce46        0x2 
 .text.USBD_FS_DeviceDescriptor
                0x000000000800ce48       0x24 ./USB_DEVICE/App/usbd_desc.o
                0x000000000800ce48                USBD_FS_DeviceDescriptor
 .text.USBD_FS_LangIDStrDescriptor
                0x000000000800ce6c       0x24 ./USB_DEVICE/App/usbd_desc.o
                0x000000000800ce6c                USBD_FS_LangIDStrDescriptor
 .text.USBD_FS_ProductStrDescriptor
                0x000000000800ce90       0x3c ./USB_DEVICE/App/usbd_desc.o
                0x000000000800ce90                USBD_FS_ProductStrDescriptor
 .text.USBD_FS_ManufacturerStrDescriptor
                0x000000000800cecc       0x28 ./USB_DEVICE/App/usbd_desc.o
                0x000000000800cecc                USBD_FS_ManufacturerStrDescriptor
 .text.USBD_FS_SerialStrDescriptor
                0x000000000800cef4       0x24 ./USB_DEVICE/App/usbd_desc.o
                0x000000000800cef4                USBD_FS_SerialStrDescriptor
 .text.USBD_FS_ConfigStrDescriptor
                0x000000000800cf18       0x3c ./USB_DEVICE/App/usbd_desc.o
                0x000000000800cf18                USBD_FS_ConfigStrDescriptor
 .text.USBD_FS_InterfaceStrDescriptor
                0x000000000800cf54       0x3c ./USB_DEVICE/App/usbd_desc.o
                0x000000000800cf54                USBD_FS_InterfaceStrDescriptor
 .text.Get_SerialNum
                0x000000000800cf90       0x58 ./USB_DEVICE/App/usbd_desc.o
 .text.IntToUnicode
                0x000000000800cfe8       0x7e ./USB_DEVICE/App/usbd_desc.o
 *fill*         0x000000000800d066        0x2 
 .text.HAL_PCD_MspInit
                0x000000000800d068       0xc4 ./USB_DEVICE/Target/usbd_conf.o
                0x000000000800d068                HAL_PCD_MspInit
 .text.HAL_PCD_SetupStageCallback
                0x000000000800d12c       0x24 ./USB_DEVICE/Target/usbd_conf.o
                0x000000000800d12c                HAL_PCD_SetupStageCallback
 .text.HAL_PCD_DataOutStageCallback
                0x000000000800d150       0x36 ./USB_DEVICE/Target/usbd_conf.o
                0x000000000800d150                HAL_PCD_DataOutStageCallback
 .text.HAL_PCD_DataInStageCallback
                0x000000000800d186       0x34 ./USB_DEVICE/Target/usbd_conf.o
                0x000000000800d186                HAL_PCD_DataInStageCallback
 .text.HAL_PCD_SOFCallback
                0x000000000800d1ba       0x1c ./USB_DEVICE/Target/usbd_conf.o
                0x000000000800d1ba                HAL_PCD_SOFCallback
 .text.HAL_PCD_ResetCallback
                0x000000000800d1d6       0x50 ./USB_DEVICE/Target/usbd_conf.o
                0x000000000800d1d6                HAL_PCD_ResetCallback
 *fill*         0x000000000800d226        0x2 
 .text.HAL_PCD_SuspendCallback
                0x000000000800d228       0x4c ./USB_DEVICE/Target/usbd_conf.o
                0x000000000800d228                HAL_PCD_SuspendCallback
 .text.HAL_PCD_ResumeCallback
                0x000000000800d274       0x1c ./USB_DEVICE/Target/usbd_conf.o
                0x000000000800d274                HAL_PCD_ResumeCallback
 .text.HAL_PCD_ISOOUTIncompleteCallback
                0x000000000800d290       0x24 ./USB_DEVICE/Target/usbd_conf.o
                0x000000000800d290                HAL_PCD_ISOOUTIncompleteCallback
 .text.HAL_PCD_ISOINIncompleteCallback
                0x000000000800d2b4       0x24 ./USB_DEVICE/Target/usbd_conf.o
                0x000000000800d2b4                HAL_PCD_ISOINIncompleteCallback
 .text.HAL_PCD_ConnectCallback
                0x000000000800d2d8       0x1c ./USB_DEVICE/Target/usbd_conf.o
                0x000000000800d2d8                HAL_PCD_ConnectCallback
 .text.HAL_PCD_DisconnectCallback
                0x000000000800d2f4       0x1c ./USB_DEVICE/Target/usbd_conf.o
                0x000000000800d2f4                HAL_PCD_DisconnectCallback
 .text.USBD_LL_Init
                0x000000000800d310       0x98 ./USB_DEVICE/Target/usbd_conf.o
                0x000000000800d310                USBD_LL_Init
 .text.USBD_LL_Start
                0x000000000800d3a8       0x36 ./USB_DEVICE/Target/usbd_conf.o
                0x000000000800d3a8                USBD_LL_Start
 .text.USBD_LL_OpenEP
                0x000000000800d3de       0x4c ./USB_DEVICE/Target/usbd_conf.o
                0x000000000800d3de                USBD_LL_OpenEP
 .text.USBD_LL_CloseEP
                0x000000000800d42a       0x3e ./USB_DEVICE/Target/usbd_conf.o
                0x000000000800d42a                USBD_LL_CloseEP
 .text.USBD_LL_StallEP
                0x000000000800d468       0x3e ./USB_DEVICE/Target/usbd_conf.o
                0x000000000800d468                USBD_LL_StallEP
 .text.USBD_LL_ClearStallEP
                0x000000000800d4a6       0x3e ./USB_DEVICE/Target/usbd_conf.o
                0x000000000800d4a6                USBD_LL_ClearStallEP
 .text.USBD_LL_IsStallEP
                0x000000000800d4e4       0x58 ./USB_DEVICE/Target/usbd_conf.o
                0x000000000800d4e4                USBD_LL_IsStallEP
 .text.USBD_LL_SetUSBAddress
                0x000000000800d53c       0x3e ./USB_DEVICE/Target/usbd_conf.o
                0x000000000800d53c                USBD_LL_SetUSBAddress
 .text.USBD_LL_Transmit
                0x000000000800d57a       0x42 ./USB_DEVICE/Target/usbd_conf.o
                0x000000000800d57a                USBD_LL_Transmit
 .text.USBD_LL_PrepareReceive
                0x000000000800d5bc       0x42 ./USB_DEVICE/Target/usbd_conf.o
                0x000000000800d5bc                USBD_LL_PrepareReceive
 .text.USBD_LL_GetRxDataSize
                0x000000000800d5fe       0x26 ./USB_DEVICE/Target/usbd_conf.o
                0x000000000800d5fe                USBD_LL_GetRxDataSize
 .text.USBD_static_malloc
                0x000000000800d624       0x1c ./USB_DEVICE/Target/usbd_conf.o
                0x000000000800d624                USBD_static_malloc
 .text.USBD_static_free
                0x000000000800d640       0x14 ./USB_DEVICE/Target/usbd_conf.o
                0x000000000800d640                USBD_static_free
 .text.USBD_Get_USB_Status
                0x000000000800d654       0x58 ./USB_DEVICE/Target/usbd_conf.o
                0x000000000800d654                USBD_Get_USB_Status
 .text.__errno  0x000000000800d6ac        0xc d:/00.software/01.stm32cubeide/stm32cubeide_1.12.0/stm32cubeide/plugins/com.st.stm32cube.ide.mcu.externaltools.gnu-tools-for-stm32.10.3-2021.10.win32_1.0.200.202301161003/tools/bin/../lib/gcc/arm-none-eabi/10.3.1/../../../../arm-none-eabi/lib/thumb/v7e-m+fp/hard\libc_nano.a(lib_a-errno.o)
                0x000000000800d6ac                __errno
 .text.__libc_init_array
                0x000000000800d6b8       0x48 d:/00.software/01.stm32cubeide/stm32cubeide_1.12.0/stm32cubeide/plugins/com.st.stm32cube.ide.mcu.externaltools.gnu-tools-for-stm32.10.3-2021.10.win32_1.0.200.202301161003/tools/bin/../lib/gcc/arm-none-eabi/10.3.1/../../../../arm-none-eabi/lib/thumb/v7e-m+fp/hard\libc_nano.a(lib_a-init.o)
                0x000000000800d6b8                __libc_init_array
 .text.memcmp   0x000000000800d700       0x20 d:/00.software/01.stm32cubeide/stm32cubeide_1.12.0/stm32cubeide/plugins/com.st.stm32cube.ide.mcu.externaltools.gnu-tools-for-stm32.10.3-2021.10.win32_1.0.200.202301161003/tools/bin/../lib/gcc/arm-none-eabi/10.3.1/../../../../arm-none-eabi/lib/thumb/v7e-m+fp/hard\libc_nano.a(lib_a-memcmp.o)
                0x000000000800d700                memcmp
 .text.memcpy   0x000000000800d720       0x1c d:/00.software/01.stm32cubeide/stm32cubeide_1.12.0/stm32cubeide/plugins/com.st.stm32cube.ide.mcu.externaltools.gnu-tools-for-stm32.10.3-2021.10.win32_1.0.200.202301161003/tools/bin/../lib/gcc/arm-none-eabi/10.3.1/../../../../arm-none-eabi/lib/thumb/v7e-m+fp/hard\libc_nano.a(lib_a-memcpy-stub.o)
                0x000000000800d720                memcpy
 .text.memset   0x000000000800d73c       0x10 d:/00.software/01.stm32cubeide/stm32cubeide_1.12.0/stm32cubeide/plugins/com.st.stm32cube.ide.mcu.externaltools.gnu-tools-for-stm32.10.3-2021.10.win32_1.0.200.202301161003/tools/bin/../lib/gcc/arm-none-eabi/10.3.1/../../../../arm-none-eabi/lib/thumb/v7e-m+fp/hard\libc_nano.a(lib_a-memset.o)
                0x000000000800d73c                memset
 .text.printf   0x000000000800d74c       0x30 d:/00.software/01.stm32cubeide/stm32cubeide_1.12.0/stm32cubeide/plugins/com.st.stm32cube.ide.mcu.externaltools.gnu-tools-for-stm32.10.3-2021.10.win32_1.0.200.202301161003/tools/bin/../lib/gcc/arm-none-eabi/10.3.1/../../../../arm-none-eabi/lib/thumb/v7e-m+fp/hard\libc_nano.a(lib_a-printf.o)
                0x000000000800d74c                iprintf
                0x000000000800d74c                printf
 .text._puts_r  0x000000000800d77c       0xdc d:/00.software/01.stm32cubeide/stm32cubeide_1.12.0/stm32cubeide/plugins/com.st.stm32cube.ide.mcu.externaltools.gnu-tools-for-stm32.10.3-2021.10.win32_1.0.200.202301161003/tools/bin/../lib/gcc/arm-none-eabi/10.3.1/../../../../arm-none-eabi/lib/thumb/v7e-m+fp/hard\libc_nano.a(lib_a-puts.o)
                0x000000000800d77c                _puts_r
 .text.puts     0x000000000800d858       0x10 d:/00.software/01.stm32cubeide/stm32cubeide_1.12.0/stm32cubeide/plugins/com.st.stm32cube.ide.mcu.externaltools.gnu-tools-for-stm32.10.3-2021.10.win32_1.0.200.202301161003/tools/bin/../lib/gcc/arm-none-eabi/10.3.1/../../../../arm-none-eabi/lib/thumb/v7e-m+fp/hard\libc_nano.a(lib_a-puts.o)
                0x000000000800d858                puts
 .text.sprintf  0x000000000800d868       0x40 d:/00.software/01.stm32cubeide/stm32cubeide_1.12.0/stm32cubeide/plugins/com.st.stm32cube.ide.mcu.externaltools.gnu-tools-for-stm32.10.3-2021.10.win32_1.0.200.202301161003/tools/bin/../lib/gcc/arm-none-eabi/10.3.1/../../../../arm-none-eabi/lib/thumb/v7e-m+fp/hard\libc_nano.a(lib_a-sprintf.o)
                0x000000000800d868                siprintf
                0x000000000800d868                sprintf
 .text.__swbuf_r
                0x000000000800d8a8       0xa4 d:/00.software/01.stm32cubeide/stm32cubeide_1.12.0/stm32cubeide/plugins/com.st.stm32cube.ide.mcu.externaltools.gnu-tools-for-stm32.10.3-2021.10.win32_1.0.200.202301161003/tools/bin/../lib/gcc/arm-none-eabi/10.3.1/../../../../arm-none-eabi/lib/thumb/v7e-m+fp/hard\libc_nano.a(lib_a-wbuf.o)
                0x000000000800d8a8                __swbuf_r
 .text.__swsetup_r
                0x000000000800d94c       0xdc d:/00.software/01.stm32cubeide/stm32cubeide_1.12.0/stm32cubeide/plugins/com.st.stm32cube.ide.mcu.externaltools.gnu-tools-for-stm32.10.3-2021.10.win32_1.0.200.202301161003/tools/bin/../lib/gcc/arm-none-eabi/10.3.1/../../../../arm-none-eabi/lib/thumb/v7e-m+fp/hard\libc_nano.a(lib_a-wsetup.o)
                0x000000000800d94c                __swsetup_r
 .text.__sflush_r
                0x000000000800da28      0x10c d:/00.software/01.stm32cubeide/stm32cubeide_1.12.0/stm32cubeide/plugins/com.st.stm32cube.ide.mcu.externaltools.gnu-tools-for-stm32.10.3-2021.10.win32_1.0.200.202301161003/tools/bin/../lib/gcc/arm-none-eabi/10.3.1/../../../../arm-none-eabi/lib/thumb/v7e-m+fp/hard\libc_nano.a(lib_a-fflush.o)
                0x000000000800da28                __sflush_r
 .text._fflush_r
                0x000000000800db34       0x78 d:/00.software/01.stm32cubeide/stm32cubeide_1.12.0/stm32cubeide/plugins/com.st.stm32cube.ide.mcu.externaltools.gnu-tools-for-stm32.10.3-2021.10.win32_1.0.200.202301161003/tools/bin/../lib/gcc/arm-none-eabi/10.3.1/../../../../arm-none-eabi/lib/thumb/v7e-m+fp/hard\libc_nano.a(lib_a-fflush.o)
                0x000000000800db34                _fflush_r
 .text.std      0x000000000800dbac       0x48 d:/00.software/01.stm32cubeide/stm32cubeide_1.12.0/stm32cubeide/plugins/com.st.stm32cube.ide.mcu.externaltools.gnu-tools-for-stm32.10.3-2021.10.win32_1.0.200.202301161003/tools/bin/../lib/gcc/arm-none-eabi/10.3.1/../../../../arm-none-eabi/lib/thumb/v7e-m+fp/hard\libc_nano.a(lib_a-findfp.o)
 .text._cleanup_r
                0x000000000800dbf4        0xc d:/00.software/01.stm32cubeide/stm32cubeide_1.12.0/stm32cubeide/plugins/com.st.stm32cube.ide.mcu.externaltools.gnu-tools-for-stm32.10.3-2021.10.win32_1.0.200.202301161003/tools/bin/../lib/gcc/arm-none-eabi/10.3.1/../../../../arm-none-eabi/lib/thumb/v7e-m+fp/hard\libc_nano.a(lib_a-findfp.o)
                0x000000000800dbf4                _cleanup_r
 .text.__sfmoreglue
                0x000000000800dc00       0x2c d:/00.software/01.stm32cubeide/stm32cubeide_1.12.0/stm32cubeide/plugins/com.st.stm32cube.ide.mcu.externaltools.gnu-tools-for-stm32.10.3-2021.10.win32_1.0.200.202301161003/tools/bin/../lib/gcc/arm-none-eabi/10.3.1/../../../../arm-none-eabi/lib/thumb/v7e-m+fp/hard\libc_nano.a(lib_a-findfp.o)
                0x000000000800dc00                __sfmoreglue
 .text.__sfp_lock_acquire
                0x000000000800dc2c        0xc d:/00.software/01.stm32cubeide/stm32cubeide_1.12.0/stm32cubeide/plugins/com.st.stm32cube.ide.mcu.externaltools.gnu-tools-for-stm32.10.3-2021.10.win32_1.0.200.202301161003/tools/bin/../lib/gcc/arm-none-eabi/10.3.1/../../../../arm-none-eabi/lib/thumb/v7e-m+fp/hard\libc_nano.a(lib_a-findfp.o)
                0x000000000800dc2c                __sfp_lock_acquire
 .text.__sfp_lock_release
                0x000000000800dc38        0xc d:/00.software/01.stm32cubeide/stm32cubeide_1.12.0/stm32cubeide/plugins/com.st.stm32cube.ide.mcu.externaltools.gnu-tools-for-stm32.10.3-2021.10.win32_1.0.200.202301161003/tools/bin/../lib/gcc/arm-none-eabi/10.3.1/../../../../arm-none-eabi/lib/thumb/v7e-m+fp/hard\libc_nano.a(lib_a-findfp.o)
                0x000000000800dc38                __sfp_lock_release
 .text.__sinit_lock_acquire
                0x000000000800dc44        0xc d:/00.software/01.stm32cubeide/stm32cubeide_1.12.0/stm32cubeide/plugins/com.st.stm32cube.ide.mcu.externaltools.gnu-tools-for-stm32.10.3-2021.10.win32_1.0.200.202301161003/tools/bin/../lib/gcc/arm-none-eabi/10.3.1/../../../../arm-none-eabi/lib/thumb/v7e-m+fp/hard\libc_nano.a(lib_a-findfp.o)
                0x000000000800dc44                __sinit_lock_acquire
 .text.__sinit_lock_release
                0x000000000800dc50        0xc d:/00.software/01.stm32cubeide/stm32cubeide_1.12.0/stm32cubeide/plugins/com.st.stm32cube.ide.mcu.externaltools.gnu-tools-for-stm32.10.3-2021.10.win32_1.0.200.202301161003/tools/bin/../lib/gcc/arm-none-eabi/10.3.1/../../../../arm-none-eabi/lib/thumb/v7e-m+fp/hard\libc_nano.a(lib_a-findfp.o)
                0x000000000800dc50                __sinit_lock_release
 .text.__sinit  0x000000000800dc5c       0x70 d:/00.software/01.stm32cubeide/stm32cubeide_1.12.0/stm32cubeide/plugins/com.st.stm32cube.ide.mcu.externaltools.gnu-tools-for-stm32.10.3-2021.10.win32_1.0.200.202301161003/tools/bin/../lib/gcc/arm-none-eabi/10.3.1/../../../../arm-none-eabi/lib/thumb/v7e-m+fp/hard\libc_nano.a(lib_a-findfp.o)
                0x000000000800dc5c                __sinit
 .text.__sfp    0x000000000800dccc       0x8c d:/00.software/01.stm32cubeide/stm32cubeide_1.12.0/stm32cubeide/plugins/com.st.stm32cube.ide.mcu.externaltools.gnu-tools-for-stm32.10.3-2021.10.win32_1.0.200.202301161003/tools/bin/../lib/gcc/arm-none-eabi/10.3.1/../../../../arm-none-eabi/lib/thumb/v7e-m+fp/hard\libc_nano.a(lib_a-findfp.o)
                0x000000000800dccc                __sfp
 .text._fwalk_reent
                0x000000000800dd58       0x3e d:/00.software/01.stm32cubeide/stm32cubeide_1.12.0/stm32cubeide/plugins/com.st.stm32cube.ide.mcu.externaltools.gnu-tools-for-stm32.10.3-2021.10.win32_1.0.200.202301161003/tools/bin/../lib/gcc/arm-none-eabi/10.3.1/../../../../arm-none-eabi/lib/thumb/v7e-m+fp/hard\libc_nano.a(lib_a-fwalk.o)
                0x000000000800dd58                _fwalk_reent
 .text.__retarget_lock_init_recursive
                0x000000000800dd96        0x2 d:/00.software/01.stm32cubeide/stm32cubeide_1.12.0/stm32cubeide/plugins/com.st.stm32cube.ide.mcu.externaltools.gnu-tools-for-stm32.10.3-2021.10.win32_1.0.200.202301161003/tools/bin/../lib/gcc/arm-none-eabi/10.3.1/../../../../arm-none-eabi/lib/thumb/v7e-m+fp/hard\libc_nano.a(lib_a-lock.o)
                0x000000000800dd96                __retarget_lock_init_recursive
 .text.__retarget_lock_acquire_recursive
                0x000000000800dd98        0x2 d:/00.software/01.stm32cubeide/stm32cubeide_1.12.0/stm32cubeide/plugins/com.st.stm32cube.ide.mcu.externaltools.gnu-tools-for-stm32.10.3-2021.10.win32_1.0.200.202301161003/tools/bin/../lib/gcc/arm-none-eabi/10.3.1/../../../../arm-none-eabi/lib/thumb/v7e-m+fp/hard\libc_nano.a(lib_a-lock.o)
                0x000000000800dd98                __retarget_lock_acquire_recursive
 .text.__retarget_lock_release_recursive
                0x000000000800dd9a        0x2 d:/00.software/01.stm32cubeide/stm32cubeide_1.12.0/stm32cubeide/plugins/com.st.stm32cube.ide.mcu.externaltools.gnu-tools-for-stm32.10.3-2021.10.win32_1.0.200.202301161003/tools/bin/../lib/gcc/arm-none-eabi/10.3.1/../../../../arm-none-eabi/lib/thumb/v7e-m+fp/hard\libc_nano.a(lib_a-lock.o)
                0x000000000800dd9a                __retarget_lock_release_recursive
 .text.__swhatbuf_r
                0x000000000800dd9c       0x4a d:/00.software/01.stm32cubeide/stm32cubeide_1.12.0/stm32cubeide/plugins/com.st.stm32cube.ide.mcu.externaltools.gnu-tools-for-stm32.10.3-2021.10.win32_1.0.200.202301161003/tools/bin/../lib/gcc/arm-none-eabi/10.3.1/../../../../arm-none-eabi/lib/thumb/v7e-m+fp/hard\libc_nano.a(lib_a-makebuf.o)
                0x000000000800dd9c                __swhatbuf_r
 *fill*         0x000000000800dde6        0x2 
 .text.__smakebuf_r
                0x000000000800dde8       0x80 d:/00.software/01.stm32cubeide/stm32cubeide_1.12.0/stm32cubeide/plugins/com.st.stm32cube.ide.mcu.externaltools.gnu-tools-for-stm32.10.3-2021.10.win32_1.0.200.202301161003/tools/bin/../lib/gcc/arm-none-eabi/10.3.1/../../../../arm-none-eabi/lib/thumb/v7e-m+fp/hard\libc_nano.a(lib_a-makebuf.o)
                0x000000000800dde8                __smakebuf_r
 .text._free_r  0x000000000800de68       0x98 d:/00.software/01.stm32cubeide/stm32cubeide_1.12.0/stm32cubeide/plugins/com.st.stm32cube.ide.mcu.externaltools.gnu-tools-for-stm32.10.3-2021.10.win32_1.0.200.202301161003/tools/bin/../lib/gcc/arm-none-eabi/10.3.1/../../../../arm-none-eabi/lib/thumb/v7e-m+fp/hard\libc_nano.a(lib_a-nano-freer.o)
                0x000000000800de68                _free_r
 .text.sbrk_aligned
                0x000000000800df00       0x40 d:/00.software/01.stm32cubeide/stm32cubeide_1.12.0/stm32cubeide/plugins/com.st.stm32cube.ide.mcu.externaltools.gnu-tools-for-stm32.10.3-2021.10.win32_1.0.200.202301161003/tools/bin/../lib/gcc/arm-none-eabi/10.3.1/../../../../arm-none-eabi/lib/thumb/v7e-m+fp/hard\libc_nano.a(lib_a-nano-mallocr.o)
 .text._malloc_r
                0x000000000800df40       0xe8 d:/00.software/01.stm32cubeide/stm32cubeide_1.12.0/stm32cubeide/plugins/com.st.stm32cube.ide.mcu.externaltools.gnu-tools-for-stm32.10.3-2021.10.win32_1.0.200.202301161003/tools/bin/../lib/gcc/arm-none-eabi/10.3.1/../../../../arm-none-eabi/lib/thumb/v7e-m+fp/hard\libc_nano.a(lib_a-nano-mallocr.o)
                0x000000000800df40                _malloc_r
 .text.__ssputs_r
                0x000000000800e028       0xb6 d:/00.software/01.stm32cubeide/stm32cubeide_1.12.0/stm32cubeide/plugins/com.st.stm32cube.ide.mcu.externaltools.gnu-tools-for-stm32.10.3-2021.10.win32_1.0.200.202301161003/tools/bin/../lib/gcc/arm-none-eabi/10.3.1/../../../../arm-none-eabi/lib/thumb/v7e-m+fp/hard\libc_nano.a(lib_a-nano-svfprintf.o)
                0x000000000800e028                __ssputs_r
 *fill*         0x000000000800e0de        0x2 
 .text._svfprintf_r
                0x000000000800e0e0      0x200 d:/00.software/01.stm32cubeide/stm32cubeide_1.12.0/stm32cubeide/plugins/com.st.stm32cube.ide.mcu.externaltools.gnu-tools-for-stm32.10.3-2021.10.win32_1.0.200.202301161003/tools/bin/../lib/gcc/arm-none-eabi/10.3.1/../../../../arm-none-eabi/lib/thumb/v7e-m+fp/hard\libc_nano.a(lib_a-nano-svfprintf.o)
                0x000000000800e0e0                _svfiprintf_r
                0x000000000800e0e0                _svfprintf_r
 .text.__sfputc_r
                0x000000000800e2e0       0x2e d:/00.software/01.stm32cubeide/stm32cubeide_1.12.0/stm32cubeide/plugins/com.st.stm32cube.ide.mcu.externaltools.gnu-tools-for-stm32.10.3-2021.10.win32_1.0.200.202301161003/tools/bin/../lib/gcc/arm-none-eabi/10.3.1/../../../../arm-none-eabi/lib/thumb/v7e-m+fp/hard\libc_nano.a(lib_a-nano-vfprintf.o)
 .text.__sfputs_r
                0x000000000800e30e       0x24 d:/00.software/01.stm32cubeide/stm32cubeide_1.12.0/stm32cubeide/plugins/com.st.stm32cube.ide.mcu.externaltools.gnu-tools-for-stm32.10.3-2021.10.win32_1.0.200.202301161003/tools/bin/../lib/gcc/arm-none-eabi/10.3.1/../../../../arm-none-eabi/lib/thumb/v7e-m+fp/hard\libc_nano.a(lib_a-nano-vfprintf.o)
                0x000000000800e30e                __sfputs_r
 *fill*         0x000000000800e332        0x2 
 .text._vfprintf_r
                0x000000000800e334      0x260 d:/00.software/01.stm32cubeide/stm32cubeide_1.12.0/stm32cubeide/plugins/com.st.stm32cube.ide.mcu.externaltools.gnu-tools-for-stm32.10.3-2021.10.win32_1.0.200.202301161003/tools/bin/../lib/gcc/arm-none-eabi/10.3.1/../../../../arm-none-eabi/lib/thumb/v7e-m+fp/hard\libc_nano.a(lib_a-nano-vfprintf.o)
                0x000000000800e334                _vfprintf_r
                0x000000000800e334                _vfiprintf_r
 .text._printf_common
                0x000000000800e594       0xda d:/00.software/01.stm32cubeide/stm32cubeide_1.12.0/stm32cubeide/plugins/com.st.stm32cube.ide.mcu.externaltools.gnu-tools-for-stm32.10.3-2021.10.win32_1.0.200.202301161003/tools/bin/../lib/gcc/arm-none-eabi/10.3.1/../../../../arm-none-eabi/lib/thumb/v7e-m+fp/hard\libc_nano.a(lib_a-nano-vfprintf_i.o)
                0x000000000800e594                _printf_common
 *fill*         0x000000000800e66e        0x2 
 .text._printf_i
                0x000000000800e670      0x24c d:/00.software/01.stm32cubeide/stm32cubeide_1.12.0/stm32cubeide/plugins/com.st.stm32cube.ide.mcu.externaltools.gnu-tools-for-stm32.10.3-2021.10.win32_1.0.200.202301161003/tools/bin/../lib/gcc/arm-none-eabi/10.3.1/../../../../arm-none-eabi/lib/thumb/v7e-m+fp/hard\libc_nano.a(lib_a-nano-vfprintf_i.o)
                0x000000000800e670                _printf_i
 .text._sbrk_r  0x000000000800e8bc       0x20 d:/00.software/01.stm32cubeide/stm32cubeide_1.12.0/stm32cubeide/plugins/com.st.stm32cube.ide.mcu.externaltools.gnu-tools-for-stm32.10.3-2021.10.win32_1.0.200.202301161003/tools/bin/../lib/gcc/arm-none-eabi/10.3.1/../../../../arm-none-eabi/lib/thumb/v7e-m+fp/hard\libc_nano.a(lib_a-sbrkr.o)
                0x000000000800e8bc                _sbrk_r
 .text.__sread  0x000000000800e8dc       0x22 d:/00.software/01.stm32cubeide/stm32cubeide_1.12.0/stm32cubeide/plugins/com.st.stm32cube.ide.mcu.externaltools.gnu-tools-for-stm32.10.3-2021.10.win32_1.0.200.202301161003/tools/bin/../lib/gcc/arm-none-eabi/10.3.1/../../../../arm-none-eabi/lib/thumb/v7e-m+fp/hard\libc_nano.a(lib_a-stdio.o)
                0x000000000800e8dc                __sread
 .text.__swrite
                0x000000000800e8fe       0x38 d:/00.software/01.stm32cubeide/stm32cubeide_1.12.0/stm32cubeide/plugins/com.st.stm32cube.ide.mcu.externaltools.gnu-tools-for-stm32.10.3-2021.10.win32_1.0.200.202301161003/tools/bin/../lib/gcc/arm-none-eabi/10.3.1/../../../../arm-none-eabi/lib/thumb/v7e-m+fp/hard\libc_nano.a(lib_a-stdio.o)
                0x000000000800e8fe                __swrite
 .text.__sseek  0x000000000800e936       0x24 d:/00.software/01.stm32cubeide/stm32cubeide_1.12.0/stm32cubeide/plugins/com.st.stm32cube.ide.mcu.externaltools.gnu-tools-for-stm32.10.3-2021.10.win32_1.0.200.202301161003/tools/bin/../lib/gcc/arm-none-eabi/10.3.1/../../../../arm-none-eabi/lib/thumb/v7e-m+fp/hard\libc_nano.a(lib_a-stdio.o)
                0x000000000800e936                __sseek
 .text.__sclose
                0x000000000800e95a        0x8 d:/00.software/01.stm32cubeide/stm32cubeide_1.12.0/stm32cubeide/plugins/com.st.stm32cube.ide.mcu.externaltools.gnu-tools-for-stm32.10.3-2021.10.win32_1.0.200.202301161003/tools/bin/../lib/gcc/arm-none-eabi/10.3.1/../../../../arm-none-eabi/lib/thumb/v7e-m+fp/hard\libc_nano.a(lib_a-stdio.o)
                0x000000000800e95a                __sclose
 *fill*         0x000000000800e962        0x2 
 .text._write_r
                0x000000000800e964       0x24 d:/00.software/01.stm32cubeide/stm32cubeide_1.12.0/stm32cubeide/plugins/com.st.stm32cube.ide.mcu.externaltools.gnu-tools-for-stm32.10.3-2021.10.win32_1.0.200.202301161003/tools/bin/../lib/gcc/arm-none-eabi/10.3.1/../../../../arm-none-eabi/lib/thumb/v7e-m+fp/hard\libc_nano.a(lib_a-writer.o)
                0x000000000800e964                _write_r
 .text._close_r
                0x000000000800e988       0x20 d:/00.software/01.stm32cubeide/stm32cubeide_1.12.0/stm32cubeide/plugins/com.st.stm32cube.ide.mcu.externaltools.gnu-tools-for-stm32.10.3-2021.10.win32_1.0.200.202301161003/tools/bin/../lib/gcc/arm-none-eabi/10.3.1/../../../../arm-none-eabi/lib/thumb/v7e-m+fp/hard\libc_nano.a(lib_a-closer.o)
                0x000000000800e988                _close_r
 .text._fstat_r
                0x000000000800e9a8       0x24 d:/00.software/01.stm32cubeide/stm32cubeide_1.12.0/stm32cubeide/plugins/com.st.stm32cube.ide.mcu.externaltools.gnu-tools-for-stm32.10.3-2021.10.win32_1.0.200.202301161003/tools/bin/../lib/gcc/arm-none-eabi/10.3.1/../../../../arm-none-eabi/lib/thumb/v7e-m+fp/hard\libc_nano.a(lib_a-fstatr.o)
                0x000000000800e9a8                _fstat_r
 .text._isatty_r
                0x000000000800e9cc       0x20 d:/00.software/01.stm32cubeide/stm32cubeide_1.12.0/stm32cubeide/plugins/com.st.stm32cube.ide.mcu.externaltools.gnu-tools-for-stm32.10.3-2021.10.win32_1.0.200.202301161003/tools/bin/../lib/gcc/arm-none-eabi/10.3.1/../../../../arm-none-eabi/lib/thumb/v7e-m+fp/hard\libc_nano.a(lib_a-isattyr.o)
                0x000000000800e9cc                _isatty_r
 .text._lseek_r
                0x000000000800e9ec       0x24 d:/00.software/01.stm32cubeide/stm32cubeide_1.12.0/stm32cubeide/plugins/com.st.stm32cube.ide.mcu.externaltools.gnu-tools-for-stm32.10.3-2021.10.win32_1.0.200.202301161003/tools/bin/../lib/gcc/arm-none-eabi/10.3.1/../../../../arm-none-eabi/lib/thumb/v7e-m+fp/hard\libc_nano.a(lib_a-lseekr.o)
                0x000000000800e9ec                _lseek_r
 .text.memmove  0x000000000800ea10       0x34 d:/00.software/01.stm32cubeide/stm32cubeide_1.12.0/stm32cubeide/plugins/com.st.stm32cube.ide.mcu.externaltools.gnu-tools-for-stm32.10.3-2021.10.win32_1.0.200.202301161003/tools/bin/../lib/gcc/arm-none-eabi/10.3.1/../../../../arm-none-eabi/lib/thumb/v7e-m+fp/hard\libc_nano.a(lib_a-memmove.o)