Archive member included to satisfy reference by file (symbol)

d:/00.software/01.stm32cubeide/stm32cubeide_1.12.0/stm32cubeide/plugins/com.st.stm32cube.ide.mcu.externaltools.gnu-tools-for-stm32.10.3-2021.10.win32_1.0.200.202301161003/tools/bin/../lib/gcc/arm-none-eabi/10.3.1/../../../../arm-none-eabi/lib/thumb/v7e-m+fp/hard\libc_nano.a(lib_a-errno.o)
                              ./Core/Src/syscalls.o (__errno)
d:/00.software/01.stm32cubeide/stm32cubeide_1.12.0/stm32cubeide/plugins/com.st.stm32cube.ide.mcu.externaltools.gnu-tools-for-stm32.10.3-2021.10.win32_1.0.200.202301161003/tools/bin/../lib/gcc/arm-none-eabi/10.3.1/../../../../arm-none-eabi/lib/thumb/v7e-m+fp/hard\libc_nano.a(lib_a-exit.o)
                              d:/00.software/01.stm32cubeide/stm32cubeide_1.12.0/stm32cubeide/plugins/com.st.stm32cube.ide.mcu.externaltools.gnu-tools-for-stm32.10.3-2021.10.win32_1.0.200.202301161003/tools/bin/../lib/gcc/arm-none-eabi/10.3.1/../../../../arm-none-eabi/lib/thumb/v7e-m+fp/hard/crt0.o (exit)
d:/00.software/01.stm32cubeide/stm32cubeide_1.12.0/stm32cubeide/plugins/com.st.stm32cube.ide.mcu.externaltools.gnu-tools-for-stm32.10.3-2021.10.win32_1.0.200.202301161003/tools/bin/../lib/gcc/arm-none-eabi/10.3.1/../../../../arm-none-eabi/lib/thumb/v7e-m+fp/hard\libc_nano.a(lib_a-impure.o)
                              d:/00.software/01.stm32cubeide/stm32cubeide_1.12.0/stm32cubeide/plugins/com.st.stm32cube.ide.mcu.externaltools.gnu-tools-for-stm32.10.3-2021.10.win32_1.0.200.202301161003/tools/bin/../lib/gcc/arm-none-eabi/10.3.1/../../../../arm-none-eabi/lib/thumb/v7e-m+fp/hard\libc_nano.a(lib_a-exit.o) (_global_impure_ptr)
d:/00.software/01.stm32cubeide/stm32cubeide_1.12.0/stm32cubeide/plugins/com.st.stm32cube.ide.mcu.externaltools.gnu-tools-for-stm32.10.3-2021.10.win32_1.0.200.202301161003/tools/bin/../lib/gcc/arm-none-eabi/10.3.1/../../../../arm-none-eabi/lib/thumb/v7e-m+fp/hard\libc_nano.a(lib_a-init.o)
                              d:/00.software/01.stm32cubeide/stm32cubeide_1.12.0/stm32cubeide/plugins/com.st.stm32cube.ide.mcu.externaltools.gnu-tools-for-stm32.10.3-2021.10.win32_1.0.200.202301161003/tools/bin/../lib/gcc/arm-none-eabi/10.3.1/../../../../arm-none-eabi/lib/thumb/v7e-m+fp/hard/crt0.o (__libc_init_array)
d:/00.software/01.stm32cubeide/stm32cubeide_1.12.0/stm32cubeide/plugins/com.st.stm32cube.ide.mcu.externaltools.gnu-tools-for-stm32.10.3-2021.10.win32_1.0.200.202301161003/tools/bin/../lib/gcc/arm-none-eabi/10.3.1/../../../../arm-none-eabi/lib/thumb/v7e-m+fp/hard\libc_nano.a(lib_a-memcmp.o)
                              ./Core/Src/data.o (memcmp)
d:/00.software/01.stm32cubeide/stm32cubeide_1.12.0/stm32cubeide/plugins/com.st.stm32cube.ide.mcu.externaltools.gnu-tools-for-stm32.10.3-2021.10.win32_1.0.200.202301161003/tools/bin/../lib/gcc/arm-none-eabi/10.3.1/../../../../arm-none-eabi/lib/thumb/v7e-m+fp/hard\libc_nano.a(lib_a-memcpy-stub.o)
                              ./Core/Src/data.o (memcpy)
d:/00.software/01.stm32cubeide/stm32cubeide_1.12.0/stm32cubeide/plugins/com.st.stm32cube.ide.mcu.externaltools.gnu-tools-for-stm32.10.3-2021.10.win32_1.0.200.202301161003/tools/bin/../lib/gcc/arm-none-eabi/10.3.1/../../../../arm-none-eabi/lib/thumb/v7e-m+fp/hard\libc_nano.a(lib_a-memset.o)
                              d:/00.software/01.stm32cubeide/stm32cubeide_1.12.0/stm32cubeide/plugins/com.st.stm32cube.ide.mcu.externaltools.gnu-tools-for-stm32.10.3-2021.10.win32_1.0.200.202301161003/tools/bin/../lib/gcc/arm-none-eabi/10.3.1/../../../../arm-none-eabi/lib/thumb/v7e-m+fp/hard/crt0.o (memset)
d:/00.software/01.stm32cubeide/stm32cubeide_1.12.0/stm32cubeide/plugins/com.st.stm32cube.ide.mcu.externaltools.gnu-tools-for-stm32.10.3-2021.10.win32_1.0.200.202301161003/tools/bin/../lib/gcc/arm-none-eabi/10.3.1/../../../../arm-none-eabi/lib/thumb/v7e-m+fp/hard\libc_nano.a(lib_a-printf.o)
                              ./Core/Src/data.o (printf)
d:/00.software/01.stm32cubeide/stm32cubeide_1.12.0/stm32cubeide/plugins/com.st.stm32cube.ide.mcu.externaltools.gnu-tools-for-stm32.10.3-2021.10.win32_1.0.200.202301161003/tools/bin/../lib/gcc/arm-none-eabi/10.3.1/../../../../arm-none-eabi/lib/thumb/v7e-m+fp/hard\libc_nano.a(lib_a-puts.o)
                              ./Core/Src/main.o (puts)
d:/00.software/01.stm32cubeide/stm32cubeide_1.12.0/stm32cubeide/plugins/com.st.stm32cube.ide.mcu.externaltools.gnu-tools-for-stm32.10.3-2021.10.win32_1.0.200.202301161003/tools/bin/../lib/gcc/arm-none-eabi/10.3.1/../../../../arm-none-eabi/lib/thumb/v7e-m+fp/hard\libc_nano.a(lib_a-sprintf.o)
                              ./Core/Src/dw_display.o (sprintf)
d:/00.software/01.stm32cubeide/stm32cubeide_1.12.0/stm32cubeide/plugins/com.st.stm32cube.ide.mcu.externaltools.gnu-tools-for-stm32.10.3-2021.10.win32_1.0.200.202301161003/tools/bin/../lib/gcc/arm-none-eabi/10.3.1/../../../../arm-none-eabi/lib/thumb/v7e-m+fp/hard\libc_nano.a(lib_a-strstr.o)
                              ./Core/Src/dw_display.o (strstr)
[...]
Memory Configuration

Name             Origin             Length             Attributes
CCMRAM           0x0000000010000000 0x0000000000010000 xrw
RAM              0x0000000020000000 0x0000000000020000 xrw
FLASH            0x0000000008000000 0x0000000000100000 xr
*default*        0x0000000000000000 0xffffffffffffffff

Linker script and memory map

LOAD d:/00.software/01.stm32cubeide/stm32cubeide_1.12.0/stm32cubeide/plugins/com.st.stm32cube.ide.mcu.externaltools.gnu-tools-for-stm32.10.3-2021.10.win32_1.0.200.202301161003/tools/bin/../lib/gcc/arm-none-eabi/10.3.1/thumb/v7e-m+fp/hard/crti.o
LOAD d:/00.software/01.stm32cubeide/stm32cubeide_1.12.0/stm32cubeide/plugins/com.st.stm32cube.ide.mcu.externaltools.gnu-tools-for-stm32.10.3-2021.10.win32_1.0.200.202301161003/tools/bin/../lib/gcc/arm-none-eabi/10.3.1/thumb/v7e-m+fp/hard/crtbegin.o
LOAD d:/00.software/01.stm32cubeide/stm32cubeide_1.12.0/stm32cubeide/plugins/com.st.stm32cube.ide.mcu.externaltools.gnu-tools-for-stm32.10.3-2021.10.win32_1.0.200.202301161003/tools/bin/../lib/gcc/arm-none-eabi/10.3.1/../../../../arm-none-eabi/lib/thumb/v7e-m+fp/hard/crt0.o
LOAD ./Core/Src/data.o
LOAD ./Core/Src/dw_display.o
LOAD ./Core/Src/flash.o
LOAD ./Core/Src/main.o
LOAD ./Core/Src/motor.o
LOAD ./Core/Src/program_process.o
LOAD ./Core/Src/stm32f4xx_hal_msp.o
LOAD ./Core/Src/stm32f4xx_it.o
LOAD ./Core/Src/syscalls.o
LOAD ./Core/Src/sysmem.o
LOAD ./Core/Src/system_stm32f4xx.o
LOAD ./Core/Src/uart.o
LOAD ./Core/Startup/startup_stm32f407vgtx.o
LOAD ./Drivers/STM32F4xx_HAL_Driver/Src/stm32f4xx_hal.o
LOAD ./Drivers/STM32F4xx_HAL_Driver/Src/stm32f4xx_hal_cortex.o
LOAD ./Drivers/STM32F4xx_HAL_Driver/Src/stm32f4xx_hal_dma.o
LOAD ./Drivers/STM32F4xx_HAL_Driver/Src/stm32f4xx_hal_dma_ex.o
LOAD ./Drivers/STM32F4xx_HAL_Driver/Src/stm32f4xx_hal_exti.o
LOAD ./Drivers/STM32F4xx_HAL_Driver/Src/stm32f4xx_hal_flash.o
LOAD ./Drivers/STM32F4xx_HAL_Driver/Src/stm32f4xx_hal_flash_ex.o
LOAD ./Drivers/STM32F4xx_HAL_Driver/Src/stm32f4xx_hal_flash_ramfunc.o
LOAD ./Drivers/STM32F4xx_HAL_Driver/Src/stm32f4xx_hal_gpio.o
LOAD ./Drivers/STM32F4xx_HAL_Driver/Src/stm32f4xx_hal_i2c.o
LOAD ./Drivers/STM32F4xx_HAL_Driver/Src/stm32f4xx_hal_i2c_ex.o
LOAD ./Drivers/STM32F4xx_HAL_Driver/Src/stm32f4xx_hal_pcd.o
LOAD ./Drivers/STM32F4xx_HAL_Driver/Src/stm32f4xx_hal_pcd_ex.o
LOAD ./Drivers/STM32F4xx_HAL_Driver/Src/stm32f4xx_hal_pwr.o
LOAD ./Drivers/STM32F4xx_HAL_Driver/Src/stm32f4xx_hal_pwr_ex.o
LOAD ./Drivers/STM32F4xx_HAL_Driver/Src/stm32f4xx_hal_rcc.o
LOAD ./Drivers/STM32F4xx_HAL_Driver/Src/stm32f4xx_hal_rcc_ex.o
LOAD ./Drivers/STM32F4xx_HAL_Driver/Src/stm32f4xx_hal_spi.o
LOAD ./Drivers/STM32F4xx_HAL_Driver/Src/stm32f4xx_hal_tim.o
LOAD ./Drivers/STM32F4xx_HAL_Driver/Src/stm32f4xx_hal_tim_ex.o
LOAD ./Drivers/STM32F4xx_HAL_Driver/Src/stm32f4xx_hal_uart.o
LOAD ./Drivers/STM32F4xx_HAL_Driver/Src/stm32f4xx_ll_usb.o
LOAD ./Middlewares/ST/STM32_USB_Device_Library/Class/CDC/Src/usbd_cdc.o
LOAD ./Middlewares/ST/STM32_USB_Device_Library/Core/Src/usbd_core.o
LOAD ./Middlewares/ST/STM32_USB_Device_Library/Core/Src/usbd_ctlreq.o
LOAD ./Middlewares/ST/STM32_USB_Device_Library/Core/Src/usbd_ioreq.o
LOAD ./USB_DEVICE/App/usb_device.o
LOAD ./USB_DEVICE/App/usbd_cdc_if.o
LOAD ./USB_DEVICE/App/usbd_desc.o
LOAD ./USB_DEVICE/Target/usbd_conf.o
START GROUP
LOAD d:/00.software/01.stm32cubeide/stm32cubeide_1.12.0/stm32cubeide/plugins/com.st.stm32cube.ide.mcu.externaltools.gnu-tools-for-stm32.10.3-2021.10.win32_1.0.200.202301161003/tools/bin/../lib/gcc/arm-none-eabi/10.3.1/../../../../arm-none-eabi/lib/thumb/v7e-m+fp/hard\libc_nano.a
LOAD d:/00.software/01.stm32cubeide/stm32cubeide_1.12.0/stm32cubeide/plugins/com.st.stm32cube.ide.mcu.externaltools.gnu-tools-for-stm32.10.3-2021.10.win32_1.0.200.202301161003/tools/bin/../lib/gcc/arm-none-eabi/10.3.1/../../../../arm-none-eabi/lib/thumb/v7e-m+fp/hard\libm.a
END GROUP
START GROUP
LOAD d:/00.software/01.stm32cubeide/stm32cubeide_1.12.0/stm32cubeide/plugins/com.st.stm32cube.ide.mcu.externaltools.gnu-tools-for-stm32.10.3-2021.10.win32_1.0.200.202301161003/tools/bin/../lib/gcc/arm-none-eabi/10.3.1/thumb/v7e-m+fp/hard\libgcc.a
LOAD d:/00.software/01.stm32cubeide/stm32cubeide_1.12.0/stm32cubeide/plugins/com.st.stm32cube.ide.mcu.externaltools.gnu-tools-for-stm32.10.3-2021.10.win32_1.0.200.202301161003/tools/bin/../lib/gcc/arm-none-eabi/10.3.1/../../../../arm-none-eabi/lib/thumb/v7e-m+fp/hard\libc_nano.a
END GROUP
START GROUP
LOAD d:/00.software/01.stm32cubeide/stm32cubeide_1.12.0/stm32cubeide/plugins/com.st.stm32cube.ide.mcu.externaltools.gnu-tools-for-stm32.10.3-2021.10.win32_1.0.200.202301161003/tools/bin/../lib/gcc/arm-none-eabi/10.3.1/thumb/v7e-m+fp/hard\libgcc.a
LOAD d:/00.software/01.stm32cubeide/stm32cubeide_1.12.0/stm32cubeide/plugins/com.st.stm32cube.ide.mcu.externaltools.gnu-tools-for-stm32.10.3-2021.10.win32_1.0.200.202301161003/tools/bin/../lib/gcc/arm-none-eabi/10.3.1/../../../../arm-none-eabi/lib/thumb/v7e-m+fp/hard\libc_nano.a
LOAD d:/00.software/01.stm32cubeide/stm32cubeide_1.12.0/stm32cubeide/plugins/com.st.stm32cube.ide.mcu.externaltools.gnu-tools-for-stm32.10.3-2021.10.win32_1.0.200.202301161003/tools/bin/../lib/gcc/arm-none-eabi/10.3.1/../../../../arm-none-eabi/lib/thumb/v7e-m+fp/hard\libnosys.a
END GROUP
START GROUP
LOAD d:/00.software/01.stm32cubeide/stm32cubeide_1.12.0/stm32cubeide/plugins/com.st.stm32cube.ide.mcu.externaltools.gnu-tools-for-stm32.10.3-2021.10.win32_1.0.200.202301161003/tools/bin/../lib/gcc/arm-none-eabi/10.3.1/thumb/v7e-m+fp/hard\libgcc.a
LOAD d:/00.software/01.stm32cubeide/stm32cubeide_1.12.0/stm32cubeide/plugins/com.st.stm32cube.ide.mcu.externaltools.gnu-tools-for-stm32.10.3-2021.10.win32_1.0.200.202301161003/tools/bin/../lib/gcc/arm-none-eabi/10.3.1/../../../../arm-none-eabi/lib/thumb/v7e-m+fp/hard\libc_nano.a
LOAD d:/00.software/01.stm32cubeide/stm32cubeide_1.12.0/stm32cubeide/plugins/com.st.stm32cube.ide.mcu.externaltools.gnu-tools-for-stm32.10.3-2021.10.win32_1.0.200.202301161003/tools/bin/../lib/gcc/arm-none-eabi/10.3.1/../../../../arm-none-eabi/lib/thumb/v7e-m+fp/hard\libnosys.a
END GROUP
LOAD d:/00.software/01.stm32cubeide/stm32cubeide_1.12.0/stm32cubeide/plugins/com.st.stm32cube.ide.mcu.externaltools.gnu-tools-for-stm32.10.3-2021.10.win32_1.0.200.202301161003/tools/bin/../lib/gcc/arm-none-eabi/10.3.1/thumb/v7e-m+fp/hard/crtend.o
LOAD d:/00.software/01.stm32cubeide/stm32cubeide_1.12.0/stm32cubeide/plugins/com.st.stm32cube.ide.mcu.externaltools.gnu-tools-for-stm32.10.3-2021.10.win32_1.0.200.202301161003/tools/bin/../lib/gcc/arm-none-eabi/10.3.1/thumb/v7e-m+fp/hard/crtn.o
                0x0000000020020000                _estack = (ORIGIN (RAM) + LENGTH (RAM))
                0x0000000000004000                _Min_Heap_Size = 0x4000
                0x0000000000008000                _Min_Stack_Size = 0x8000

.isr_vector     0x0000000008000000      0x188
                0x0000000008000000                . = ALIGN (0x4)
 *(.isr_vector)
 .isr_vector    0x0000000008000000      0x188 ./Core/Startup/startup_stm32f407vgtx.o
                0x0000000008000000                g_pfnVectors
                0x0000000008000188                . = ALIGN (0x4)

.text           0x0000000008000190     0xeb40
                0x0000000008000190                . = ALIGN (0x4)
 *(.text)
 .text          0x0000000008000190       0x40 d:/00.software/01.stm32cubeide/stm32cubeide_1.12.0/stm32cubeide/plugins/com.st.stm32cube.ide.mcu.externaltools.gnu-tools-for-stm32.10.3-2021.10.win32_1.0.200.202301161003/tools/bin/../lib/gcc/arm-none-eabi/10.3.1/thumb/v7e-m+fp/hard/crtbegin.o
 .text          0x00000000080001d0       0xa0 d:/00.software/01.stm32cubeide/stm32cubeide_1.12.0/stm32cubeide/plugins/com.st.stm32cube.ide.mcu.externaltools.gnu-tools-for-stm32.10.3-2021.10.win32_1.0.200.202301161003/tools/bin/../lib/gcc/arm-none-eabi/10.3.1/../../../../arm-none-eabi/lib/thumb/v7e-m+fp/hard\libc_nano.a(lib_a-memchr.o)
                0x00000000080001d0                memchr
 .text          0x0000000008000270       0x30 d:/00.software/01.stm32cubeide/stm32cubeide_1.12.0/stm32cubeide/plugins/com.st.stm32cube.ide.mcu.externaltools.gnu-tools-for-stm32.10.3-2021.10.win32_1.0.200.202301161003/tools/bin/../lib/gcc/arm-none-eabi/10.3.1/thumb/v7e-m+fp/hard\libgcc.a(_aeabi_uldivmod.o)
                0x0000000008000270                __aeabi_uldivmod
 .text          0x00000000080002a0      0x2d0 d:/00.software/01.stm32cubeide/stm32cubeide_1.12.0/stm32cubeide/plugins/com.st.stm32cube.ide.mcu.externaltools.gnu-tools-for-stm32.10.3-2021.10.win32_1.0.200.202301161003/tools/bin/../lib/gcc/arm-none-eabi/10.3.1/thumb/v7e-m+fp/hard\libgcc.a(_udivmoddi4.o)
                0x00000000080002a0                __udivmoddi4
 .text          0x0000000008000570        0x4 d:/00.software/01.stm32cubeide/stm32cubeide_1.12.0/stm32cubeide/plugins/com.st.stm32cube.ide.mcu.externaltools.gnu-tools-for-stm32.10.3-2021.10.win32_1.0.200.202301161003/tools/bin/../lib/gcc/arm-none-eabi/10.3.1/thumb/v7e-m+fp/hard\libgcc.a(_dvmd_tls.o)
                0x0000000008000570                __aeabi_idiv0
                0x0000000008000570                __aeabi_ldiv0
 *(.text*)
 .text.is_data_init
                0x0000000008000574       0x28 ./Core/Src/data.o
                0x0000000008000574                is_data_init
 .text.dt_calculator_pg_stepnumber
                0x000000000800059c       0x88 ./Core/Src/data.o
                0x000000000800059c                dt_calculator_pg_stepnumber
 .text.is_step_differrent
                0x0000000008000624       0x54 ./Core/Src/data.o
                0x0000000008000624                is_step_differrent
 .text.dt_Modify_step
                0x0000000008000678       0x7c ./Core/Src/data.o
                0x0000000008000678                dt_Modify_step
 .text.dt_system_data_init
                0x00000000080006f4       0x54 ./Core/Src/data.o
                0x00000000080006f4                dt_system_data_init
 .text.dt_store_system_data
                0x0000000008000748       0x3c ./Core/Src/data.o
                0x0000000008000748                dt_store_system_data
 .text.Dw_write
                0x0000000008000784       0x22 ./Core/Src/dw_display.o
 .text.Dwin_Write_VP
                0x00000000080007a6       0xac ./Core/Src/dw_display.o
                0x00000000080007a6                Dwin_Write_VP
 .text.Dwin_switch_page
                0x0000000008000852       0x2e ./Core/Src/dw_display.o
                0x0000000008000852                Dwin_switch_page
 .text.Dwin_switch_running_page
                0x0000000008000880       0x70 ./Core/Src/dw_display.o
                0x0000000008000880                Dwin_switch_running_page
 .text.Dwin_init
                0x00000000080008f0       0x24 ./Core/Src/dw_display.o
                0x00000000080008f0                Dwin_init
 .text.Dwin_reset
                0x0000000008000914       0x24 ./Core/Src/dw_display.o
                0x0000000008000914                Dwin_reset
 .text.dw_update_setup_page
                0x0000000008000938       0xe0 ./Core/Src/dw_display.o
                0x0000000008000938                dw_update_setup_page
 .text.show_user_page
                0x0000000008000a18        0xe ./Core/Src/dw_display.o
                0x0000000008000a18                show_user_page
 *fill*         0x0000000008000a26        0x2 
 .text.show_setup_page
                0x0000000008000a28       0x74 ./Core/Src/dw_display.o
                0x0000000008000a28                show_setup_page
 .text.dwin_update_step
                0x0000000008000a9c       0xb6 ./Core/Src/dw_display.o
                0x0000000008000a9c                dwin_update_step
 *fill*         0x0000000008000b52        0x2 
 .text.dwin_start_program
                0x0000000008000b54       0x38 ./Core/Src/dw_display.o
                0x0000000008000b54                dwin_start_program
 .text.dwin_change_target_well
                0x0000000008000b8c       0x3e ./Core/Src/dw_display.o
                0x0000000008000b8c                dwin_change_target_well
 *fill*         0x0000000008000bca        0x2 
 .text.dw_process_rx_buffer
                0x0000000008000bcc      0x2bc ./Core/Src/dw_display.o
                0x0000000008000bcc                dw_process_rx_buffer
 .text.dw_update_step_numbers
                0x0000000008000e88       0x20 ./Core/Src/dw_display.o
                0x0000000008000e88                dw_update_step_numbers
 .text.dw_update_steper_positon
                0x0000000008000ea8       0xc8 ./Core/Src/dw_display.o
                0x0000000008000ea8                dw_update_steper_positon
 .text.write_flash
                0x0000000008000f70       0x7c ./Core/Src/flash.o
                0x0000000008000f70                write_flash
 .text.read_flash
                0x0000000008000fec       0x40 ./Core/Src/flash.o
                0x0000000008000fec                read_flash
 .text.debug_process
                0x000000000800102c       0x78 ./Core/Src/main.o
                0x000000000800102c                debug_process
 .text._write   0x00000000080010a4       0x8c ./Core/Src/main.o
                0x00000000080010a4                _write
 .text.main     0x0000000008001130       0xc4 ./Core/Src/main.o
                0x0000000008001130                main
 .text.SystemClock_Config
                0x00000000080011f4       0xd4 ./Core/Src/main.o
                0x00000000080011f4                SystemClock_Config
 .text.MX_I2C1_Init
                0x00000000080012c8       0x5c ./Core/Src/main.o
 .text.MX_SPI1_Init
                0x0000000008001324       0x6c ./Core/Src/main.o
 .text.MX_TIM1_Init
                0x0000000008001390      0x144 ./Core/Src/main.o
 .text.MX_TIM2_Init
                0x00000000080014d4       0x9c ./Core/Src/main.o
 .text.MX_TIM3_Init
                0x0000000008001570       0xf0 ./Core/Src/main.o
 .text.MX_TIM5_Init
                0x0000000008001660       0xa0 ./Core/Src/main.o
 .text.MX_TIM8_Init
                0x0000000008001700       0x78 ./Core/Src/main.o
 .text.MX_USART2_UART_Init
                0x0000000008001778       0x54 ./Core/Src/main.o
 .text.MX_DMA_Init
                0x00000000080017cc       0x7c ./Core/Src/main.o
 .text.MX_GPIO_Init
                0x0000000008001848      0x284 ./Core/Src/main.o
 .text.Error_Handler
                0x0000000008001acc        0xa ./Core/Src/main.o
                0x0000000008001acc                Error_Handler
 .text.mt_move_to_home
                0x0000000008001ad6       0x22 ./Core/Src/motor.o
                0x0000000008001ad6                mt_move_to_home
 .text.mt_set_target_position
                0x0000000008001af8       0x1c ./Core/Src/motor.o
                0x0000000008001af8                mt_set_target_position
 .text.x_mt_set_dir
                0x0000000008001b14       0x68 ./Core/Src/motor.o
                0x0000000008001b14                x_mt_set_dir
 .text.x_mt_start
                0x0000000008001b7c       0x14 ./Core/Src/motor.o
                0x0000000008001b7c                x_mt_start
 .text.x_mt_stop
                0x0000000008001b90       0x14 ./Core/Src/motor.o
                0x0000000008001b90                x_mt_stop
 .text.x_set_current_position
                0x0000000008001ba4       0x2c ./Core/Src/motor.o
                0x0000000008001ba4                x_set_current_position
 .text.x_step_mt_int
                0x0000000008001bd0       0x48 ./Core/Src/motor.o
                0x0000000008001bd0                x_step_mt_int
 .text.step_mt_move_foward
                0x0000000008001c18       0x38 ./Core/Src/motor.o
                0x0000000008001c18                step_mt_move_foward
 .text.step_mt_move_backward
                0x0000000008001c50       0x38 ./Core/Src/motor.o
                0x0000000008001c50                step_mt_move_backward
 .text.x_step_motor_home_position
                0x0000000008001c88       0x5c ./Core/Src/motor.o
                0x0000000008001c88                x_step_motor_home_position
 .text.home_process
                0x0000000008001ce4       0x80 ./Core/Src/motor.o
                0x0000000008001ce4                home_process
 .text.x_step_motor_process
                0x0000000008001d64       0xb8 ./Core/Src/motor.o
                0x0000000008001d64                x_step_motor_process
 .text.z_mt_set_dir
                0x0000000008001e1c       0x64 ./Core/Src/motor.o
                0x0000000008001e1c                z_mt_set_dir
 .text.z_mt_start
                0x0000000008001e80       0x14 ./Core/Src/motor.o
                0x0000000008001e80                z_mt_start
 .text.z_mt_stop
                0x0000000008001e94       0x14 ./Core/Src/motor.o
                0x0000000008001e94                z_mt_stop
 .text.z_set_current_position
                0x0000000008001ea8       0x2c ./Core/Src/motor.o
                0x0000000008001ea8                z_set_current_position
 .text.z_step_mt_int
                0x0000000008001ed4       0x44 ./Core/Src/motor.o
                0x0000000008001ed4                z_step_mt_int
 .text.z_step_motor_home_position
                0x0000000008001f18       0x58 ./Core/Src/motor.o
                0x0000000008001f18                z_step_motor_home_position
 .text.z_step_motor_process
                0x0000000008001f70       0xb8 ./Core/Src/motor.o
                0x0000000008001f70                z_step_motor_process
 .text.step_shake_start
                0x0000000008002028       0x70 ./Core/Src/program_process.o
                0x0000000008002028                step_shake_start
 .text.show_infor_shake_step
                0x0000000008002098       0xa8 ./Core/Src/program_process.o
                0x0000000008002098                show_infor_shake_step
 .text.step_shake_process
                0x0000000008002140      0x350 ./Core/Src/program_process.o
                0x0000000008002140                step_shake_process
 .text.start_fill_washing_solution
                0x0000000008002490       0x28 ./Core/Src/program_process.o
                0x0000000008002490                start_fill_washing_solution
 .text.is_washing_solution_full
                0x00000000080024b8       0x24 ./Core/Src/program_process.o
                0x00000000080024b8                is_washing_solution_full
 .text.stop_fill_washing_solution
                0x00000000080024dc       0x28 ./Core/Src/program_process.o
                0x00000000080024dc                stop_fill_washing_solution
 .text.start_drain_washing_solution
                0x0000000008002504       0x18 ./Core/Src/program_process.o
                0x0000000008002504                start_drain_washing_solution
 .text.is_washing_solution_empty
                0x000000000800251c       0x24 ./Core/Src/program_process.o
                0x000000000800251c                is_washing_solution_empty
 .text.stop_drain_washing_solution
                0x0000000008002540       0x18 ./Core/Src/program_process.o
                0x0000000008002540                stop_drain_washing_solution
 .text.step_washing_start
                0x0000000008002558       0x74 ./Core/Src/program_process.o
                0x0000000008002558                step_washing_start
 .text.show_infor_washing_step
                0x00000000080025cc       0xb0 ./Core/Src/program_process.o
                0x00000000080025cc                show_infor_washing_step
 .text.step_washing_process
                0x000000000800267c      0x44c ./Core/Src/program_process.o
                0x000000000800267c                step_washing_process
 .text.step_drying_start
                0x0000000008002ac8       0x74 ./Core/Src/program_process.o
                0x0000000008002ac8                step_drying_start
 .text.heater_on
                0x0000000008002b3c       0x1c ./Core/Src/program_process.o
                0x0000000008002b3c                heater_on
 .text.heater_off
                0x0000000008002b58       0x1c ./Core/Src/program_process.o
                0x0000000008002b58                heater_off
 .text.show_infor_drying_step
                0x0000000008002b74       0x7c ./Core/Src/program_process.o
                0x0000000008002b74                show_infor_drying_step
 .text.step_drying_process
                0x0000000008002bf0      0x248 ./Core/Src/program_process.o
                0x0000000008002bf0                step_drying_process
 .text.pg_start
                0x0000000008002e38       0x58 ./Core/Src/program_process.o
                0x0000000008002e38                pg_start
 .text.pg_stop  0x0000000008002e90       0x1c ./Core/Src/program_process.o
                0x0000000008002e90                pg_stop
 .text.start_step
                0x0000000008002eac       0xf0 ./Core/Src/program_process.o
                0x0000000008002eac                start_step
 .text.pg_process_loop
                0x0000000008002f9c      0x180 ./Core/Src/program_process.o
                0x0000000008002f9c                pg_process_loop
 .text.HAL_MspInit
                0x000000000800311c       0x50 ./Core/Src/stm32f4xx_hal_msp.o
                0x000000000800311c                HAL_MspInit
 .text.HAL_I2C_MspInit
                0x000000000800316c       0x90 ./Core/Src/stm32f4xx_hal_msp.o
                0x000000000800316c                HAL_I2C_MspInit
 .text.HAL_SPI_MspInit
                0x00000000080031fc       0x90 ./Core/Src/stm32f4xx_hal_msp.o
                0x00000000080031fc                HAL_SPI_MspInit
 .text.HAL_TIM_Base_MspInit
                0x000000000800328c      0x128 ./Core/Src/stm32f4xx_hal_msp.o
                0x000000000800328c                HAL_TIM_Base_MspInit
 .text.HAL_TIM_OnePulse_MspInit
                0x00000000080033b4       0x44 ./Core/Src/stm32f4xx_hal_msp.o
                0x00000000080033b4                HAL_TIM_OnePulse_MspInit
 .text.HAL_TIM_MspPostInit
                0x00000000080033f8       0xc4 ./Core/Src/stm32f4xx_hal_msp.o
                0x00000000080033f8                HAL_TIM_MspPostInit
 .text.HAL_UART_MspInit
                0x00000000080034bc      0x168 ./Core/Src/stm32f4xx_hal_msp.o
                0x00000000080034bc                HAL_UART_MspInit
 .text.NMI_Handler
                0x0000000008003624        0x6 ./Core/Src/stm32f4xx_it.o
                0x0000000008003624                NMI_Handler
 .text.HardFault_Handler
                0x000000000800362a        0x6 ./Core/Src/stm32f4xx_it.o
                0x000000000800362a                HardFault_Handler
 .text.MemManage_Handler
                0x0000000008003630        0x6 ./Core/Src/stm32f4xx_it.o
                0x0000000008003630                MemManage_Handler
 .text.BusFault_Handler
                0x0000000008003636        0x6 ./Core/Src/stm32f4xx_it.o
                0x0000000008003636                BusFault_Handler
 .text.UsageFault_Handler
                0x000000000800363c        0x6 ./Core/Src/stm32f4xx_it.o
                0x000000000800363c                UsageFault_Handler
 .text.SVC_Handler
                0x0000000008003642        0xe ./Core/Src/stm32f4xx_it.o
                0x0000000008003642                SVC_Handler
 .text.DebugMon_Handler
                0x0000000008003650        0xe ./Core/Src/stm32f4xx_it.o
                0x0000000008003650                DebugMon_Handler
 .text.PendSV_Handler
                0x000000000800365e        0xe ./Core/Src/stm32f4xx_it.o
                0x000000000800365e                PendSV_Handler
 .text.SysTick_Handler
                0x000000000800366c        0xc ./Core/Src/stm32f4xx_it.o
                0x000000000800366c                SysTick_Handler
 .text.DMA1_Stream5_IRQHandler
                0x0000000008003678       0x14 ./Core/Src/stm32f4xx_it.o
                0x0000000008003678                DMA1_Stream5_IRQHandler
 .text.DMA1_Stream6_IRQHandler
                0x000000000800368c       0x14 ./Core/Src/stm32f4xx_it.o
                0x000000000800368c                DMA1_Stream6_IRQHandler
 .text.USART2_IRQHandler
                0x00000000080036a0       0x14 ./Core/Src/stm32f4xx_it.o
                0x00000000080036a0                USART2_IRQHandler
 .text.DMA2_Stream1_IRQHandler
                0x00000000080036b4       0x14 ./Core/Src/stm32f4xx_it.o
                0x00000000080036b4                DMA2_Stream1_IRQHandler
 .text.OTG_FS_IRQHandler
                0x00000000080036c8       0x14 ./Core/Src/stm32f4xx_it.o
                0x00000000080036c8                OTG_FS_IRQHandler
 .text._read    0x00000000080036dc       0x3a ./Core/Src/syscalls.o
                0x00000000080036dc                _read
 .text._close   0x0000000008003716       0x18 ./Core/Src/syscalls.o
                0x0000000008003716                _close
 .text._fstat   0x000000000800372e       0x20 ./Core/Src/syscalls.o
                0x000000000800372e                _fstat
 .text._isatty  0x000000000800374e       0x16 ./Core/Src/syscalls.o
                0x000000000800374e                _isatty
 .text._lseek   0x0000000008003764       0x1a ./Core/Src/syscalls.o
                0x0000000008003764                _lseek
 *fill*         0x000000000800377e        0x2 
 .text._sbrk    0x0000000008003780       0x6c ./Core/Src/sysmem.o
                0x0000000008003780                _sbrk
 .text.SystemInit
                0x00000000080037ec       0x24 ./Core/Src/system_stm32f4xx.o
                0x00000000080037ec                SystemInit
 .text.HAL_UART_TxCpltCallback
                0x0000000008003810       0x94 ./Core/Src/uart.o
                0x0000000008003810                HAL_UART_TxCpltCallback
 .text.uart_transmit
                0x00000000080038a4       0xf0 ./Core/Src/uart.o
                0x00000000080038a4                uart_transmit
 .text.uart_dma_start
                0x0000000008003994       0x1c ./Core/Src/uart.o
                0x0000000008003994                uart_dma_start
 .text.uart_dma_stop
                0x00000000080039b0       0x14 ./Core/Src/uart.o
                0x00000000080039b0                uart_dma_stop
 .text.uart_process
                0x00000000080039c4       0x94 ./Core/Src/uart.o
                0x00000000080039c4                uart_process
 .text.uart_transmit_block
                0x0000000008003a58       0x26 ./Core/Src/uart.o
                0x0000000008003a58                uart_transmit_block
 *fill*         0x0000000008003a7e        0x2 
 .text.Reset_Handler
                0x0000000008003a80       0x50 ./Core/Startup/startup_stm32f407vgtx.o
                0x0000000008003a80                Reset_Handler
 .text.Default_Handler
                0x0000000008003ad0        0x2 ./Core/Startup/startup_stm32f407vgtx.o
                0x0000000008003ad0                RTC_Alarm_IRQHandler
                0x0000000008003ad0                HASH_RNG_IRQHandler
                0x0000000008003ad0                EXTI2_IRQHandler
                0x0000000008003ad0                TIM8_CC_IRQHandler
                0x0000000008003ad0                TIM1_CC_IRQHandler
                0x0000000008003ad0                DMA2_Stream5_IRQHandler
                0x0000000008003ad0                PVD_IRQHandler
                0x0000000008003ad0                SDIO_IRQHandler
                0x0000000008003ad0                TAMP_STAMP_IRQHandler
                0x0000000008003ad0                CAN2_RX1_IRQHandler
                0x0000000008003ad0                EXTI3_IRQHandler
                0x0000000008003ad0                TIM8_TRG_COM_TIM14_IRQHandler
                0x0000000008003ad0                TIM1_UP_TIM10_IRQHandler
                0x0000000008003ad0                TIM8_UP_TIM13_IRQHandler
                0x0000000008003ad0                I2C3_ER_IRQHandler
                0x0000000008003ad0                EXTI0_IRQHandler
                0x0000000008003ad0                I2C2_EV_IRQHandler
                0x0000000008003ad0                DMA1_Stream2_IRQHandler
                0x0000000008003ad0                CAN1_RX0_IRQHandler
                0x0000000008003ad0                FPU_IRQHandler
                0x0000000008003ad0                OTG_HS_WKUP_IRQHandler
                0x0000000008003ad0                CAN2_SCE_IRQHandler
                0x0000000008003ad0                DMA2_Stream2_IRQHandler
                0x0000000008003ad0                SPI1_IRQHandler
                0x0000000008003ad0                TIM6_DAC_IRQHandler
                0x0000000008003ad0                TIM1_BRK_TIM9_IRQHandler
                0x0000000008003ad0                DCMI_IRQHandler
                0x0000000008003ad0                CAN2_RX0_IRQHandler
                0x0000000008003ad0                DMA2_Stream3_IRQHandler
                0x0000000008003ad0                USART6_IRQHandler
                0x0000000008003ad0                USART3_IRQHandler
                0x0000000008003ad0                CAN1_RX1_IRQHandler
                0x0000000008003ad0                UART5_IRQHandler
                0x0000000008003ad0                DMA2_Stream0_IRQHandler
                0x0000000008003ad0                TIM4_IRQHandler
                0x0000000008003ad0                I2C1_EV_IRQHandler
                0x0000000008003ad0                DMA1_Stream1_IRQHandler
                0x0000000008003ad0                UART4_IRQHandler
                0x0000000008003ad0                TIM3_IRQHandler
                0x0000000008003ad0                RCC_IRQHandler
                0x0000000008003ad0                TIM8_BRK_TIM12_IRQHandler
                0x0000000008003ad0                Default_Handler
                0x0000000008003ad0                EXTI15_10_IRQHandler
                0x0000000008003ad0                ADC_IRQHandler
                0x0000000008003ad0                DMA1_Stream7_IRQHandler
                0x0000000008003ad0                TIM7_IRQHandler
                0x0000000008003ad0                CAN2_TX_IRQHandler
                0x0000000008003ad0                TIM5_IRQHandler
                0x0000000008003ad0                DMA2_Stream7_IRQHandler
                0x0000000008003ad0                I2C3_EV_IRQHandler
                0x0000000008003ad0                EXTI9_5_IRQHandler
                0x0000000008003ad0                RTC_WKUP_IRQHandler
                0x0000000008003ad0                ETH_WKUP_IRQHandler
                0x0000000008003ad0                SPI2_IRQHandler
                0x0000000008003ad0                OTG_HS_EP1_IN_IRQHandler
                0x0000000008003ad0                DMA1_Stream0_IRQHandler
                0x0000000008003ad0                CAN1_TX_IRQHandler
                0x0000000008003ad0                EXTI4_IRQHandler
                0x0000000008003ad0                FSMC_IRQHandler
                0x0000000008003ad0                ETH_IRQHandler
                0x0000000008003ad0                OTG_HS_EP1_OUT_IRQHandler
                0x0000000008003ad0                WWDG_IRQHandler
                0x0000000008003ad0                TIM2_IRQHandler
                0x0000000008003ad0                OTG_FS_WKUP_IRQHandler
                0x0000000008003ad0                TIM1_TRG_COM_TIM11_IRQHandler
                0x0000000008003ad0                OTG_HS_IRQHandler
                0x0000000008003ad0                EXTI1_IRQHandler
                0x0000000008003ad0                I2C2_ER_IRQHandler
                0x0000000008003ad0                CAN1_SCE_IRQHandler
                0x0000000008003ad0                FLASH_IRQHandler
                0x0000000008003ad0                DMA2_Stream4_IRQHandler
                0x0000000008003ad0                USART1_IRQHandler
                0x0000000008003ad0                SPI3_IRQHandler
                0x0000000008003ad0                DMA1_Stream4_IRQHandler
                0x0000000008003ad0                I2C1_ER_IRQHandler
                0x0000000008003ad0                DMA2_Stream6_IRQHandler
                0x0000000008003ad0                DMA1_Stream3_IRQHandler
 *fill*         0x0000000008003ad2        0x2 
 .text.HAL_Init
                0x0000000008003ad4       0x44 ./Drivers/STM32F4xx_HAL_Driver/Src/stm32f4xx_hal.o
                0x0000000008003ad4                HAL_Init
 .text.HAL_InitTick
                0x0000000008003b18       0x60 ./Drivers/STM32F4xx_HAL_Driver/Src/stm32f4xx_hal.o
                0x0000000008003b18                HAL_InitTick
 .text.HAL_IncTick
                0x0000000008003b78       0x28 ./Drivers/STM32F4xx_HAL_Driver/Src/stm32f4xx_hal.o
                0x0000000008003b78                HAL_IncTick
 .text.HAL_GetTick
                0x0000000008003ba0       0x18 ./Drivers/STM32F4xx_HAL_Driver/Src/stm32f4xx_hal.o
                0x0000000008003ba0                HAL_GetTick
 .text.HAL_Delay
                0x0000000008003bb8       0x48 ./Drivers/STM32F4xx_HAL_Driver/Src/stm32f4xx_hal.o
                0x0000000008003bb8                HAL_Delay
 .text.__NVIC_SetPriorityGrouping
                0x0000000008003c00       0x48 ./Drivers/STM32F4xx_HAL_Driver/Src/stm32f4xx_hal_cortex.o
 .text.__NVIC_GetPriorityGrouping
                0x0000000008003c48       0x1c ./Drivers/STM32F4xx_HAL_Driver/Src/stm32f4xx_hal_cortex.o
 .text.__NVIC_EnableIRQ
                0x0000000008003c64       0x3c ./Drivers/STM32F4xx_HAL_Driver/Src/stm32f4xx_hal_cortex.o
 .text.__NVIC_SetPriority
                0x0000000008003ca0       0x54 ./Drivers/STM32F4xx_HAL_Driver/Src/stm32f4xx_hal_cortex.o
 .text.NVIC_EncodePriority
                0x0000000008003cf4       0x66 ./Drivers/STM32F4xx_HAL_Driver/Src/stm32f4xx_hal_cortex.o
 *fill*         0x0000000008003d5a        0x2 
 .text.SysTick_Config
                0x0000000008003d5c       0x44 ./Drivers/STM32F4xx_HAL_Driver/Src/stm32f4xx_hal_cortex.o
 .text.HAL_NVIC_SetPriorityGrouping
                0x0000000008003da0       0x16 ./Drivers/STM32F4xx_HAL_Driver/Src/stm32f4xx_hal_cortex.o
                0x0000000008003da0                HAL_NVIC_SetPriorityGrouping
 .text.HAL_NVIC_SetPriority
                0x0000000008003db6       0x38 ./Drivers/STM32F4xx_HAL_Driver/Src/stm32f4xx_hal_cortex.o
                0x0000000008003db6                HAL_NVIC_SetPriority
 .text.HAL_NVIC_EnableIRQ
                0x0000000008003dee       0x1c ./Drivers/STM32F4xx_HAL_Driver/Src/stm32f4xx_hal_cortex.o
                0x0000000008003dee                HAL_NVIC_EnableIRQ
 .text.HAL_SYSTICK_Config
                0x0000000008003e0a       0x18 ./Drivers/STM32F4xx_HAL_Driver/Src/stm32f4xx_hal_cortex.o
                0x0000000008003e0a                HAL_SYSTICK_Config
 *fill*         0x0000000008003e22        0x2 
 .text.HAL_DMA_Init
                0x0000000008003e24      0x15c ./Drivers/STM32F4xx_HAL_Driver/Src/stm32f4xx_hal_dma.o
                0x0000000008003e24                HAL_DMA_Init
 .text.HAL_DMA_Start_IT
                0x0000000008003f80       0xb0 ./Drivers/STM32F4xx_HAL_Driver/Src/stm32f4xx_hal_dma.o
                0x0000000008003f80                HAL_DMA_Start_IT
 .text.HAL_DMA_Abort
                0x0000000008004030       0xe0 ./Drivers/STM32F4xx_HAL_Driver/Src/stm32f4xx_hal_dma.o
                0x0000000008004030                HAL_DMA_Abort
 .text.HAL_DMA_Abort_IT
                0x0000000008004110       0x44 ./Drivers/STM32F4xx_HAL_Driver/Src/stm32f4xx_hal_dma.o
                0x0000000008004110                HAL_DMA_Abort_IT
 .text.HAL_DMA_IRQHandler
                0x0000000008004154      0x314 ./Drivers/STM32F4xx_HAL_Driver/Src/stm32f4xx_hal_dma.o
                0x0000000008004154                HAL_DMA_IRQHandler
 .text.DMA_SetConfig
                0x0000000008004468       0x5c ./Drivers/STM32F4xx_HAL_Driver/Src/stm32f4xx_hal_dma.o
 .text.DMA_CalcBaseAndBitshift
                0x00000000080044c4       0x6c ./Drivers/STM32F4xx_HAL_Driver/Src/stm32f4xx_hal_dma.o
 .text.DMA_CheckFifoParam
                0x0000000008004530       0xf8 ./Drivers/STM32F4xx_HAL_Driver/Src/stm32f4xx_hal_dma.o
 .text.HAL_FLASH_Program
                0x0000000008004628       0xa8 ./Drivers/STM32F4xx_HAL_Driver/Src/stm32f4xx_hal_flash.o
                0x0000000008004628                HAL_FLASH_Program
 .text.HAL_FLASH_Unlock
                0x00000000080046d0       0x44 ./Drivers/STM32F4xx_HAL_Driver/Src/stm32f4xx_hal_flash.o
                0x00000000080046d0                HAL_FLASH_Unlock
 .text.HAL_FLASH_Lock
                0x0000000008004714       0x20 ./Drivers/STM32F4xx_HAL_Driver/Src/stm32f4xx_hal_flash.o
                0x0000000008004714                HAL_FLASH_Lock
 .text.FLASH_WaitForLastOperation
                0x0000000008004734       0x80 ./Drivers/STM32F4xx_HAL_Driver/Src/stm32f4xx_hal_flash.o
                0x0000000008004734                FLASH_WaitForLastOperation
 .text.FLASH_Program_DoubleWord
                0x00000000080047b4       0x64 ./Drivers/STM32F4xx_HAL_Driver/Src/stm32f4xx_hal_flash.o
 .text.FLASH_Program_Word
                0x0000000008004818       0x44 ./Drivers/STM32F4xx_HAL_Driver/Src/stm32f4xx_hal_flash.o
 .text.FLASH_Program_HalfWord
                0x000000000800485c       0x48 ./Drivers/STM32F4xx_HAL_Driver/Src/stm32f4xx_hal_flash.o
 .text.FLASH_Program_Byte
                0x00000000080048a4       0x44 ./Drivers/STM32F4xx_HAL_Driver/Src/stm32f4xx_hal_flash.o
 .text.FLASH_SetErrorCode
                0x00000000080048e8       0xac ./Drivers/STM32F4xx_HAL_Driver/Src/stm32f4xx_hal_flash.o
 .text.FLASH_Erase_Sector
                0x0000000008004994       0x90 ./Drivers/STM32F4xx_HAL_Driver/Src/stm32f4xx_hal_flash_ex.o
                0x0000000008004994                FLASH_Erase_Sector
 .text.HAL_GPIO_Init
                0x0000000008004a24      0x338 ./Drivers/STM32F4xx_HAL_Driver/Src/stm32f4xx_hal_gpio.o
                0x0000000008004a24                HAL_GPIO_Init
 .text.HAL_GPIO_ReadPin
                0x0000000008004d5c       0x30 ./Drivers/STM32F4xx_HAL_Driver/Src/stm32f4xx_hal_gpio.o
                0x0000000008004d5c                HAL_GPIO_ReadPin
 .text.HAL_GPIO_WritePin
                0x0000000008004d8c       0x32 ./Drivers/STM32F4xx_HAL_Driver/Src/stm32f4xx_hal_gpio.o
                0x0000000008004d8c                HAL_GPIO_WritePin
 *fill*         0x0000000008004dbe        0x2 
 .text.HAL_I2C_Init
                0x0000000008004dc0      0x288 ./Drivers/STM32F4xx_HAL_Driver/Src/stm32f4xx_hal_i2c.o
                0x0000000008004dc0                HAL_I2C_Init
 .text.HAL_PCD_Init
                0x0000000008005048      0x23a ./Drivers/STM32F4xx_HAL_Driver/Src/stm32f4xx_hal_pcd.o
                0x0000000008005048                HAL_PCD_Init
 .text.HAL_PCD_Start
                0x0000000008005282       0x66 ./Drivers/STM32F4xx_HAL_Driver/Src/stm32f4xx_hal_pcd.o
                0x0000000008005282                HAL_PCD_Start
 .text.HAL_PCD_IRQHandler
                0x00000000080052e8      0x93e ./Drivers/STM32F4xx_HAL_Driver/Src/stm32f4xx_hal_pcd.o
                0x00000000080052e8                HAL_PCD_IRQHandler
 .text.HAL_PCD_SetAddress
                0x0000000008005c26       0x4a ./Drivers/STM32F4xx_HAL_Driver/Src/stm32f4xx_hal_pcd.o
                0x0000000008005c26                HAL_PCD_SetAddress
 .text.HAL_PCD_EP_Open
                0x0000000008005c70       0xd0 ./Drivers/STM32F4xx_HAL_Driver/Src/stm32f4xx_hal_pcd.o
                0x0000000008005c70                HAL_PCD_EP_Open
 .text.HAL_PCD_EP_Close
                0x0000000008005d40       0x94 ./Drivers/STM32F4xx_HAL_Driver/Src/stm32f4xx_hal_pcd.o
                0x0000000008005d40                HAL_PCD_EP_Close
 .text.HAL_PCD_EP_Receive
                0x0000000008005dd4       0x96 ./Drivers/STM32F4xx_HAL_Driver/Src/stm32f4xx_hal_pcd.o
                0x0000000008005dd4                HAL_PCD_EP_Receive
 .text.HAL_PCD_EP_GetRxCount
                0x0000000008005e6a       0x30 ./Drivers/STM32F4xx_HAL_Driver/Src/stm32f4xx_hal_pcd.o
                0x0000000008005e6a                HAL_PCD_EP_GetRxCount
 .text.HAL_PCD_EP_Transmit
                0x0000000008005e9a       0x94 ./Drivers/STM32F4xx_HAL_Driver/Src/stm32f4xx_hal_pcd.o
                0x0000000008005e9a                HAL_PCD_EP_Transmit
 .text.HAL_PCD_EP_SetStall
                0x0000000008005f2e       0xc8 ./Drivers/STM32F4xx_HAL_Driver/Src/stm32f4xx_hal_pcd.o
                0x0000000008005f2e                HAL_PCD_EP_SetStall
 .text.HAL_PCD_EP_ClrStall
                0x0000000008005ff6       0xac ./Drivers/STM32F4xx_HAL_Driver/Src/stm32f4xx_hal_pcd.o
                0x0000000008005ff6                HAL_PCD_EP_ClrStall
 .text.HAL_PCD_EP_Abort
                0x00000000080060a2       0x62 ./Drivers/STM32F4xx_HAL_Driver/Src/stm32f4xx_hal_pcd.o
                0x00000000080060a2                HAL_PCD_EP_Abort
 .text.PCD_WriteEmptyTxFifo
                0x0000000008006104      0x11a ./Drivers/STM32F4xx_HAL_Driver/Src/stm32f4xx_hal_pcd.o
 *fill*         0x000000000800621e        0x2 
 .text.PCD_EP_OutXfrComplete_int
                0x0000000008006220      0x1d0 ./Drivers/STM32F4xx_HAL_Driver/Src/stm32f4xx_hal_pcd.o
 .text.PCD_EP_OutSetupPacket_int
                0x00000000080063f0       0x8c ./Drivers/STM32F4xx_HAL_Driver/Src/stm32f4xx_hal_pcd.o
 .text.HAL_PCDEx_SetTxFiFo
                0x000000000800647c       0x8e ./Drivers/STM32F4xx_HAL_Driver/Src/stm32f4xx_hal_pcd_ex.o
                0x000000000800647c                HAL_PCDEx_SetTxFiFo
 .text.HAL_PCDEx_SetRxFiFo
                0x000000000800650a       0x22 ./Drivers/STM32F4xx_HAL_Driver/Src/stm32f4xx_hal_pcd_ex.o
                0x000000000800650a                HAL_PCDEx_SetRxFiFo
 .text.HAL_PCDEx_LPM_Callback
                0x000000000800652c       0x18 ./Drivers/STM32F4xx_HAL_Driver/Src/stm32f4xx_hal_pcd_ex.o
                0x000000000800652c                HAL_PCDEx_LPM_Callback
 .text.HAL_RCC_OscConfig
                0x0000000008006544      0x4f0 ./Drivers/STM32F4xx_HAL_Driver/Src/stm32f4xx_hal_rcc.o
                0x0000000008006544                HAL_RCC_OscConfig
 .text.HAL_RCC_ClockConfig
                0x0000000008006a34      0x1cc ./Drivers/STM32F4xx_HAL_Driver/Src/stm32f4xx_hal_rcc.o
                0x0000000008006a34                HAL_RCC_ClockConfig
 .text.HAL_RCC_GetSysClockFreq
                0x0000000008006c00      0x20c ./Drivers/STM32F4xx_HAL_Driver/Src/stm32f4xx_hal_rcc.o
                0x0000000008006c00                HAL_RCC_GetSysClockFreq
 .text.HAL_RCC_GetHCLKFreq
                0x0000000008006e0c       0x18 ./Drivers/STM32F4xx_HAL_Driver/Src/stm32f4xx_hal_rcc.o
                0x0000000008006e0c                HAL_RCC_GetHCLKFreq
 .text.HAL_RCC_GetPCLK1Freq
                0x0000000008006e24       0x28 ./Drivers/STM32F4xx_HAL_Driver/Src/stm32f4xx_hal_rcc.o
                0x0000000008006e24                HAL_RCC_GetPCLK1Freq
 .text.HAL_RCC_GetPCLK2Freq
                0x0000000008006e4c       0x28 ./Drivers/STM32F4xx_HAL_Driver/Src/stm32f4xx_hal_rcc.o
                0x0000000008006e4c                HAL_RCC_GetPCLK2Freq
 .text.HAL_SPI_Init
                0x0000000008006e74      0x112 ./Drivers/STM32F4xx_HAL_Driver/Src/stm32f4xx_hal_spi.o
                0x0000000008006e74                HAL_SPI_Init
 .text.HAL_TIM_Base_Init
                0x0000000008006f86       0x9e ./Drivers/STM32F4xx_HAL_Driver/Src/stm32f4xx_hal_tim.o
                0x0000000008006f86                HAL_TIM_Base_Init
 .text.HAL_TIM_Base_Start
                0x0000000008007024       0xd0 ./Drivers/STM32F4xx_HAL_Driver/Src/stm32f4xx_hal_tim.o
                0x0000000008007024                HAL_TIM_Base_Start
 .text.HAL_TIM_PWM_Init
                0x00000000080070f4       0x9e ./Drivers/STM32F4xx_HAL_Driver/Src/stm32f4xx_hal_tim.o
                0x00000000080070f4                HAL_TIM_PWM_Init
 .text.HAL_TIM_PWM_MspInit
                0x0000000008007192       0x14 ./Drivers/STM32F4xx_HAL_Driver/Src/stm32f4xx_hal_tim.o
                0x0000000008007192                HAL_TIM_PWM_MspInit
 *fill*         0x00000000080071a6        0x2 
 .text.HAL_TIM_PWM_Start
                0x00000000080071a8      0x190 ./Drivers/STM32F4xx_HAL_Driver/Src/stm32f4xx_hal_tim.o
                0x00000000080071a8                HAL_TIM_PWM_Start
 .text.HAL_TIM_PWM_Stop
                0x0000000008007338       0xe0 ./Drivers/STM32F4xx_HAL_Driver/Src/stm32f4xx_hal_tim.o
                0x0000000008007338                HAL_TIM_PWM_Stop
 .text.HAL_TIM_OnePulse_Init
                0x0000000008007418       0xa0 ./Drivers/STM32F4xx_HAL_Driver/Src/stm32f4xx_hal_tim.o
                0x0000000008007418                HAL_TIM_OnePulse_Init
 .text.HAL_TIM_PWM_ConfigChannel
                0x00000000080074b8      0x184 ./Drivers/STM32F4xx_HAL_Driver/Src/stm32f4xx_hal_tim.o
                0x00000000080074b8                HAL_TIM_PWM_ConfigChannel
 .text.HAL_TIM_ConfigClockSource
                0x000000000800763c      0x18e ./Drivers/STM32F4xx_HAL_Driver/Src/stm32f4xx_hal_tim.o
                0x000000000800763c                HAL_TIM_ConfigClockSource
 .text.HAL_TIM_SlaveConfigSynchro
                0x00000000080077ca       0x84 ./Drivers/STM32F4xx_HAL_Driver/Src/stm32f4xx_hal_tim.o
                0x00000000080077ca                HAL_TIM_SlaveConfigSynchro
 *fill*         0x000000000800784e        0x2 
 .text.TIM_Base_SetConfig
                0x0000000008007850      0x140 ./Drivers/STM32F4xx_HAL_Driver/Src/stm32f4xx_hal_tim.o
                0x0000000008007850                TIM_Base_SetConfig
 .text.TIM_OC1_SetConfig
                0x0000000008007990       0xe0 ./Drivers/STM32F4xx_HAL_Driver/Src/stm32f4xx_hal_tim.o
 .text.TIM_OC2_SetConfig
                0x0000000008007a70       0xec ./Drivers/STM32F4xx_HAL_Driver/Src/stm32f4xx_hal_tim.o
                0x0000000008007a70                TIM_OC2_SetConfig
 .text.TIM_OC3_SetConfig
                0x0000000008007b5c       0xe8 ./Drivers/STM32F4xx_HAL_Driver/Src/stm32f4xx_hal_tim.o
 .text.TIM_OC4_SetConfig
                0x0000000008007c44       0xac ./Drivers/STM32F4xx_HAL_Driver/Src/stm32f4xx_hal_tim.o
 .text.TIM_SlaveTimer_SetConfig
                0x0000000008007cf0      0x122 ./Drivers/STM32F4xx_HAL_Driver/Src/stm32f4xx_hal_tim.o
 .text.TIM_TI1_ConfigInputStage
                0x0000000008007e12       0x5e ./Drivers/STM32F4xx_HAL_Driver/Src/stm32f4xx_hal_tim.o
 .text.TIM_TI2_ConfigInputStage
                0x0000000008007e70       0x60 ./Drivers/STM32F4xx_HAL_Driver/Src/stm32f4xx_hal_tim.o
 .text.TIM_ITRx_SetConfig
                0x0000000008007ed0       0x36 ./Drivers/STM32F4xx_HAL_Driver/Src/stm32f4xx_hal_tim.o
 .text.TIM_ETR_SetConfig
                0x0000000008007f06       0x40 ./Drivers/STM32F4xx_HAL_Driver/Src/stm32f4xx_hal_tim.o
                0x0000000008007f06                TIM_ETR_SetConfig
 .text.TIM_CCxChannelCmd
                0x0000000008007f46       0x4a ./Drivers/STM32F4xx_HAL_Driver/Src/stm32f4xx_hal_tim.o
                0x0000000008007f46                TIM_CCxChannelCmd
 .text.HAL_TIMEx_MasterConfigSynchronization
                0x0000000008007f90       0xf8 ./Drivers/STM32F4xx_HAL_Driver/Src/stm32f4xx_hal_tim_ex.o
                0x0000000008007f90                HAL_TIMEx_MasterConfigSynchronization
 .text.HAL_TIMEx_ConfigBreakDeadTime
                0x0000000008008088       0xa4 ./Drivers/STM32F4xx_HAL_Driver/Src/stm32f4xx_hal_tim_ex.o
                0x0000000008008088                HAL_TIMEx_ConfigBreakDeadTime
 .text.HAL_UART_Init
                0x000000000800812c       0x9a ./Drivers/STM32F4xx_HAL_Driver/Src/stm32f4xx_hal_uart.o
                0x000000000800812c                HAL_UART_Init
 *fill*         0x00000000080081c6        0x2 
 .text.HAL_UART_Transmit_DMA
                0x00000000080081c8       0xfc ./Drivers/STM32F4xx_HAL_Driver/Src/stm32f4xx_hal_uart.o
                0x00000000080081c8                HAL_UART_Transmit_DMA
 .text.HAL_UART_Receive_DMA
                0x00000000080082c4       0x60 ./Drivers/STM32F4xx_HAL_Driver/Src/stm32f4xx_hal_uart.o
                0x00000000080082c4                HAL_UART_Receive_DMA
 .text.HAL_UART_DMAStop
                0x0000000008008324       0xfe ./Drivers/STM32F4xx_HAL_Driver/Src/stm32f4xx_hal_uart.o
                0x0000000008008324                HAL_UART_DMAStop
 *fill*         0x0000000008008422        0x2 
 .text.HAL_UART_IRQHandler
                0x0000000008008424      0x51c ./Drivers/STM32F4xx_HAL_Driver/Src/stm32f4xx_hal_uart.o
                0x0000000008008424                HAL_UART_IRQHandler
 .text.HAL_UART_TxHalfCpltCallback
                0x0000000008008940       0x14 ./Drivers/STM32F4xx_HAL_Driver/Src/stm32f4xx_hal_uart.o
                0x0000000008008940                HAL_UART_TxHalfCpltCallback
 .text.HAL_UART_RxCpltCallback
                0x0000000008008954       0x14 ./Drivers/STM32F4xx_HAL_Driver/Src/stm32f4xx_hal_uart.o
                0x0000000008008954                HAL_UART_RxCpltCallback
 .text.HAL_UART_RxHalfCpltCallback
                0x0000000008008968       0x14 ./Drivers/STM32F4xx_HAL_Driver/Src/stm32f4xx_hal_uart.o
                0x0000000008008968                HAL_UART_RxHalfCpltCallback
 .text.HAL_UART_ErrorCallback
                0x000000000800897c       0x14 ./Drivers/STM32F4xx_HAL_Driver/Src/stm32f4xx_hal_uart.o
                0x000000000800897c                HAL_UART_ErrorCallback
 .text.HAL_UARTEx_RxEventCallback
                0x0000000008008990       0x18 ./Drivers/STM32F4xx_HAL_Driver/Src/stm32f4xx_hal_uart.o
                0x0000000008008990                HAL_UARTEx_RxEventCallback
 .text.UART_DMATransmitCplt
                0x00000000080089a8       0x9a ./Drivers/STM32F4xx_HAL_Driver/Src/stm32f4xx_hal_uart.o
 .text.UART_DMATxHalfCplt
                0x0000000008008a42       0x1c ./Drivers/STM32F4xx_HAL_Driver/Src/stm32f4xx_hal_uart.o
 .text.UART_DMAReceiveCplt
                0x0000000008008a5e      0x126 ./Drivers/STM32F4xx_HAL_Driver/Src/stm32f4xx_hal_uart.o
 .text.UART_DMARxHalfCplt
                0x0000000008008b84       0x36 ./Drivers/STM32F4xx_HAL_Driver/Src/stm32f4xx_hal_uart.o
 .text.UART_DMAError
                0x0000000008008bba       0x94 ./Drivers/STM32F4xx_HAL_Driver/Src/stm32f4xx_hal_uart.o
 *fill*         0x0000000008008c4e        0x2 
 .text.UART_Start_Receive_DMA
                0x0000000008008c50      0x13c ./Drivers/STM32F4xx_HAL_Driver/Src/stm32f4xx_hal_uart.o
                0x0000000008008c50                UART_Start_Receive_DMA
 .text.UART_EndTxTransfer
                0x0000000008008d8c       0x50 ./Drivers/STM32F4xx_HAL_Driver/Src/stm32f4xx_hal_uart.o
 .text.UART_EndRxTransfer
                0x0000000008008ddc       0xc6 ./Drivers/STM32F4xx_HAL_Driver/Src/stm32f4xx_hal_uart.o
 .text.UART_DMAAbortOnError
                0x0000000008008ea2       0x28 ./Drivers/STM32F4xx_HAL_Driver/Src/stm32f4xx_hal_uart.o
 .text.UART_Transmit_IT
                0x0000000008008eca       0xa0 ./Drivers/STM32F4xx_HAL_Driver/Src/stm32f4xx_hal_uart.o
 .text.UART_EndTransmit_IT
                0x0000000008008f6a       0x30 ./Drivers/STM32F4xx_HAL_Driver/Src/stm32f4xx_hal_uart.o
 .text.UART_Receive_IT
                0x0000000008008f9a      0x176 ./Drivers/STM32F4xx_HAL_Driver/Src/stm32f4xx_hal_uart.o
 .text.UART_SetConfig
                0x0000000008009110      0x4e8 ./Drivers/STM32F4xx_HAL_Driver/Src/stm32f4xx_hal_uart.o
 .text.USB_CoreInit
                0x00000000080095f8       0xc2 ./Drivers/STM32F4xx_HAL_Driver/Src/stm32f4xx_ll_usb.o
                0x00000000080095f8                USB_CoreInit
 *fill*         0x00000000080096ba        0x2 
 .text.USB_SetTurnaroundTime
                0x00000000080096bc      0x144 ./Drivers/STM32F4xx_HAL_Driver/Src/stm32f4xx_ll_usb.o
                0x00000000080096bc                USB_SetTurnaroundTime
 .text.USB_EnableGlobalInt
                0x0000000008009800       0x22 ./Drivers/STM32F4xx_HAL_Driver/Src/stm32f4xx_ll_usb.o
                0x0000000008009800                USB_EnableGlobalInt
 .text.USB_DisableGlobalInt
                0x0000000008009822       0x22 ./Drivers/STM32F4xx_HAL_Driver/Src/stm32f4xx_ll_usb.o
                0x0000000008009822                USB_DisableGlobalInt
 .text.USB_SetCurrentMode
                0x0000000008009844       0x98 ./Drivers/STM32F4xx_HAL_Driver/Src/stm32f4xx_ll_usb.o
                0x0000000008009844                USB_SetCurrentMode
 .text.USB_DevInit
                0x00000000080098dc      0x2c8 ./Drivers/STM32F4xx_HAL_Driver/Src/stm32f4xx_ll_usb.o
                0x00000000080098dc                USB_DevInit
 .text.USB_FlushTxFifo
                0x0000000008009ba4       0x68 ./Drivers/STM32F4xx_HAL_Driver/Src/stm32f4xx_ll_usb.o
                0x0000000008009ba4                USB_FlushTxFifo
 .text.USB_FlushRxFifo
                0x0000000008009c0c       0x60 ./Drivers/STM32F4xx_HAL_Driver/Src/stm32f4xx_ll_usb.o
                0x0000000008009c0c                USB_FlushRxFifo
 .text.USB_SetDevSpeed
                0x0000000008009c6c       0x32 ./Drivers/STM32F4xx_HAL_Driver/Src/stm32f4xx_ll_usb.o
                0x0000000008009c6c                USB_SetDevSpeed
 .text.USB_GetDevSpeed
                0x0000000008009c9e       0x4a ./Drivers/STM32F4xx_HAL_Driver/Src/stm32f4xx_ll_usb.o
                0x0000000008009c9e                USB_GetDevSpeed
 .text.USB_ActivateEndpoint
                0x0000000008009ce8      0x10e ./Drivers/STM32F4xx_HAL_Driver/Src/stm32f4xx_ll_usb.o
                0x0000000008009ce8                USB_ActivateEndpoint
 *fill*         0x0000000008009df6        0x2 
 .text.USB_DeactivateEndpoint
                0x0000000008009df8      0x1b8 ./Drivers/STM32F4xx_HAL_Driver/Src/stm32f4xx_ll_usb.o
                0x0000000008009df8                USB_DeactivateEndpoint
 .text.USB_EPStartXfer
                0x0000000008009fb0      0x490 ./Drivers/STM32F4xx_HAL_Driver/Src/stm32f4xx_ll_usb.o
                0x0000000008009fb0                USB_EPStartXfer
 .text.USB_EP0StartXfer
                0x000000000800a440      0x2b0 ./Drivers/STM32F4xx_HAL_Driver/Src/stm32f4xx_ll_usb.o
                0x000000000800a440                USB_EP0StartXfer
 .text.USB_EPStopXfer
                0x000000000800a6f0      0x154 ./Drivers/STM32F4xx_HAL_Driver/Src/stm32f4xx_ll_usb.o
                0x000000000800a6f0                USB_EPStopXfer
 .text.USB_WritePacket
                0x000000000800a844       0x7c ./Drivers/STM32F4xx_HAL_Driver/Src/stm32f4xx_ll_usb.o
                0x000000000800a844                USB_WritePacket
 .text.USB_ReadPacket
                0x000000000800a8c0       0xb0 ./Drivers/STM32F4xx_HAL_Driver/Src/stm32f4xx_ll_usb.o
                0x000000000800a8c0                USB_ReadPacket
 .text.USB_EPSetStall
                0x000000000800a970       0xdc ./Drivers/STM32F4xx_HAL_Driver/Src/stm32f4xx_ll_usb.o
                0x000000000800a970                USB_EPSetStall
 .text.USB_EPClearStall
                0x000000000800aa4c       0xcc ./Drivers/STM32F4xx_HAL_Driver/Src/stm32f4xx_ll_usb.o
                0x000000000800aa4c                USB_EPClearStall
 .text.USB_SetDevAddress
                0x000000000800ab18       0x4c ./Drivers/STM32F4xx_HAL_Driver/Src/stm32f4xx_ll_usb.o
                0x000000000800ab18                USB_SetDevAddress
 .text.USB_DevConnect
                0x000000000800ab64       0x42 ./Drivers/STM32F4xx_HAL_Driver/Src/stm32f4xx_ll_usb.o
                0x000000000800ab64                USB_DevConnect
 .text.USB_DevDisconnect
                0x000000000800aba6       0x42 ./Drivers/STM32F4xx_HAL_Driver/Src/stm32f4xx_ll_usb.o
                0x000000000800aba6                USB_DevDisconnect
 .text.USB_ReadInterrupts
                0x000000000800abe8       0x26 ./Drivers/STM32F4xx_HAL_Driver/Src/stm32f4xx_ll_usb.o
                0x000000000800abe8                USB_ReadInterrupts
 .text.USB_ReadDevAllOutEpInterrupt
                0x000000000800ac0e       0x34 ./Drivers/STM32F4xx_HAL_Driver/Src/stm32f4xx_ll_usb.o
                0x000000000800ac0e                USB_ReadDevAllOutEpInterrupt
 .text.USB_ReadDevAllInEpInterrupt
                0x000000000800ac42       0x34 ./Drivers/STM32F4xx_HAL_Driver/Src/stm32f4xx_ll_usb.o
                0x000000000800ac42                USB_ReadDevAllInEpInterrupt
 .text.USB_ReadDevOutEPInterrupt
                0x000000000800ac76       0x3c ./Drivers/STM32F4xx_HAL_Driver/Src/stm32f4xx_ll_usb.o
                0x000000000800ac76                USB_ReadDevOutEPInterrupt
 .text.USB_ReadDevInEPInterrupt
                0x000000000800acb2       0x5c ./Drivers/STM32F4xx_HAL_Driver/Src/stm32f4xx_ll_usb.o
                0x000000000800acb2                USB_ReadDevInEPInterrupt
 .text.USB_GetMode
                0x000000000800ad0e       0x1c ./Drivers/STM32F4xx_HAL_Driver/Src/stm32f4xx_ll_usb.o
                0x000000000800ad0e                USB_GetMode
 .text.USB_ActivateSetup
                0x000000000800ad2a       0x46 ./Drivers/STM32F4xx_HAL_Driver/Src/stm32f4xx_ll_usb.o
                0x000000000800ad2a                USB_ActivateSetup
 .text.USB_EP0_OutStart
                0x000000000800ad70       0xbc ./Drivers/STM32F4xx_HAL_Driver/Src/stm32f4xx_ll_usb.o
                0x000000000800ad70                USB_EP0_OutStart
 .text.USB_CoreReset
                0x000000000800ae2c       0x68 ./Drivers/STM32F4xx_HAL_Driver/Src/stm32f4xx_ll_usb.o
 .text.USBD_CDC_Init
                0x000000000800ae94      0x1f0 ./Middlewares/ST/STM32_USB_Device_Library/Class/CDC/Src/usbd_cdc.o
 .text.USBD_CDC_DeInit
                0x000000000800b084      0x104 ./Middlewares/ST/STM32_USB_Device_Library/Class/CDC/Src/usbd_cdc.o
 .text.USBD_CDC_Setup
                0x000000000800b188      0x1b8 ./Middlewares/ST/STM32_USB_Device_Library/Class/CDC/Src/usbd_cdc.o
 .text.USBD_CDC_DataIn
                0x000000000800b340       0xfe ./Middlewares/ST/STM32_USB_Device_Library/Class/CDC/Src/usbd_cdc.o
 .text.USBD_CDC_DataOut
                0x000000000800b43e       0x70 ./Middlewares/ST/STM32_USB_Device_Library/Class/CDC/Src/usbd_cdc.o
 .text.USBD_CDC_EP0_RxReady
                0x000000000800b4ae       0x76 ./Middlewares/ST/STM32_USB_Device_Library/Class/CDC/Src/usbd_cdc.o
 .text.USBD_CDC_GetFSCfgDesc
                0x000000000800b524       0x70 ./Middlewares/ST/STM32_USB_Device_Library/Class/CDC/Src/usbd_cdc.o
 .text.USBD_CDC_GetHSCfgDesc
                0x000000000800b594       0x70 ./Middlewares/ST/STM32_USB_Device_Library/Class/CDC/Src/usbd_cdc.o
 .text.USBD_CDC_GetOtherSpeedCfgDesc
                0x000000000800b604       0x70 ./Middlewares/ST/STM32_USB_Device_Library/Class/CDC/Src/usbd_cdc.o
 .text.USBD_CDC_GetDeviceQualifierDescriptor
                0x000000000800b674       0x20 ./Middlewares/ST/STM32_USB_Device_Library/Class/CDC/Src/usbd_cdc.o
                0x000000000800b674                USBD_CDC_GetDeviceQualifierDescriptor
 .text.USBD_CDC_RegisterInterface
                0x000000000800b694       0x34 ./Middlewares/ST/STM32_USB_Device_Library/Class/CDC/Src/usbd_cdc.o
                0x000000000800b694                USBD_CDC_RegisterInterface
 .text.USBD_CDC_SetTxBuffer
                0x000000000800b6c8       0x44 ./Middlewares/ST/STM32_USB_Device_Library/Class/CDC/Src/usbd_cdc.o
                0x000000000800b6c8                USBD_CDC_SetTxBuffer
 .text.USBD_CDC_SetRxBuffer
                0x000000000800b70c       0x3a ./Middlewares/ST/STM32_USB_Device_Library/Class/CDC/Src/usbd_cdc.o
                0x000000000800b70c                USBD_CDC_SetRxBuffer
 *fill*         0x000000000800b746        0x2 
 .text.USBD_CDC_TransmitPacket
                0x000000000800b748       0x8c ./Middlewares/ST/STM32_USB_Device_Library/Class/CDC/Src/usbd_cdc.o
                0x000000000800b748                USBD_CDC_TransmitPacket
 .text.USBD_CDC_ReceivePacket
                0x000000000800b7d4       0x6c ./Middlewares/ST/STM32_USB_Device_Library/Class/CDC/Src/usbd_cdc.o
                0x000000000800b7d4                USBD_CDC_ReceivePacket
 .text.USBD_Init
                0x000000000800b840       0x60 ./Middlewares/ST/STM32_USB_Device_Library/Core/Src/usbd_core.o
                0x000000000800b840                USBD_Init
 .text.USBD_RegisterClass
                0x000000000800b8a0       0x6c ./Middlewares/ST/STM32_USB_Device_Library/Core/Src/usbd_core.o
                0x000000000800b8a0                USBD_RegisterClass
 .text.USBD_Start
                0x000000000800b90c       0x18 ./Middlewares/ST/STM32_USB_Device_Library/Core/Src/usbd_core.o
                0x000000000800b90c                USBD_Start
 .text.USBD_RunTestMode
                0x000000000800b924       0x16 ./Middlewares/ST/STM32_USB_Device_Library/Core/Src/usbd_core.o
                0x000000000800b924                USBD_RunTestMode
 .text.USBD_SetClassConfig
                0x000000000800b93a       0x38 ./Middlewares/ST/STM32_USB_Device_Library/Core/Src/usbd_core.o
                0x000000000800b93a                USBD_SetClassConfig
 .text.USBD_ClrClassConfig
                0x000000000800b972       0x34 ./Middlewares/ST/STM32_USB_Device_Library/Core/Src/usbd_core.o
                0x000000000800b972                USBD_ClrClassConfig
 .text.USBD_LL_SetupStage
                0x000000000800b9a6       0xaa ./Middlewares/ST/STM32_USB_Device_Library/Core/Src/usbd_core.o
                0x000000000800b9a6                USBD_LL_SetupStage
 .text.USBD_LL_DataOutStage
                0x000000000800ba50      0x166 ./Middlewares/ST/STM32_USB_Device_Library/Core/Src/usbd_core.o
                0x000000000800ba50                USBD_LL_DataOutStage
 .text.USBD_LL_DataInStage
                0x000000000800bbb6      0x164 ./Middlewares/ST/STM32_USB_Device_Library/Core/Src/usbd_core.o
                0x000000000800bbb6                USBD_LL_DataInStage
 .text.USBD_LL_Reset
                0x000000000800bd1a       0xa4 ./Middlewares/ST/STM32_USB_Device_Library/Core/Src/usbd_core.o
                0x000000000800bd1a                USBD_LL_Reset
 .text.USBD_LL_SetSpeed
                0x000000000800bdbe       0x20 ./Middlewares/ST/STM32_USB_Device_Library/Core/Src/usbd_core.o
                0x000000000800bdbe                USBD_LL_SetSpeed
 .text.USBD_LL_Suspend
                0x000000000800bdde       0x2c ./Middlewares/ST/STM32_USB_Device_Library/Core/Src/usbd_core.o
                0x000000000800bdde                USBD_LL_Suspend
 .text.USBD_LL_Resume
                0x000000000800be0a       0x30 ./Middlewares/ST/STM32_USB_Device_Library/Core/Src/usbd_core.o
                0x000000000800be0a                USBD_LL_Resume
 .text.USBD_LL_SOF
                0x000000000800be3a       0x40 ./Middlewares/ST/STM32_USB_Device_Library/Core/Src/usbd_core.o
                0x000000000800be3a                USBD_LL_SOF
 .text.USBD_LL_IsoINIncomplete
                0x000000000800be7a       0x64 ./Middlewares/ST/STM32_USB_Device_Library/Core/Src/usbd_core.o
                0x000000000800be7a                USBD_LL_IsoINIncomplete
 .text.USBD_LL_IsoOUTIncomplete
                0x000000000800bede       0x64 ./Middlewares/ST/STM32_USB_Device_Library/Core/Src/usbd_core.o
                0x000000000800bede                USBD_LL_IsoOUTIncomplete
 .text.USBD_LL_DevConnected
                0x000000000800bf42       0x16 ./Middlewares/ST/STM32_USB_Device_Library/Core/Src/usbd_core.o
                0x000000000800bf42                USBD_LL_DevConnected
 .text.USBD_LL_DevDisconnected
                0x000000000800bf58       0x46 ./Middlewares/ST/STM32_USB_Device_Library/Core/Src/usbd_core.o
                0x000000000800bf58                USBD_LL_DevDisconnected
 .text.USBD_CoreFindIF
                0x000000000800bf9e       0x1a ./Middlewares/ST/STM32_USB_Device_Library/Core/Src/usbd_core.o
                0x000000000800bf9e                USBD_CoreFindIF
 .text.USBD_CoreFindEP
                0x000000000800bfb8       0x1a ./Middlewares/ST/STM32_USB_Device_Library/Core/Src/usbd_core.o
                0x000000000800bfb8                USBD_CoreFindEP
 .text.USBD_GetEpDesc
                0x000000000800bfd2       0x74 ./Middlewares/ST/STM32_USB_Device_Library/Core/Src/usbd_core.o
                0x000000000800bfd2                USBD_GetEpDesc
 .text.USBD_GetNextDesc
                0x000000000800c046       0x3a ./Middlewares/ST/STM32_USB_Device_Library/Core/Src/usbd_core.o
                0x000000000800c046                USBD_GetNextDesc
 .text.SWAPBYTE
                0x000000000800c080       0x3c ./Middlewares/ST/STM32_USB_Device_Library/Core/Src/usbd_ctlreq.o
 .text.USBD_StdDevReq
                0x000000000800c0bc       0xe4 ./Middlewares/ST/STM32_USB_Device_Library/Core/Src/usbd_ctlreq.o
                0x000000000800c0bc                USBD_StdDevReq
 .text.USBD_StdItfReq
                0x000000000800c1a0       0xd8 ./Middlewares/ST/STM32_USB_Device_Library/Core/Src/usbd_ctlreq.o
                0x000000000800c1a0                USBD_StdItfReq
 .text.USBD_StdEPReq
                0x000000000800c278      0x33a ./Middlewares/ST/STM32_USB_Device_Library/Core/Src/usbd_ctlreq.o
                0x000000000800c278                USBD_StdEPReq
 *fill*         0x000000000800c5b2        0x2 
 .text.USBD_GetDescriptor
                0x000000000800c5b4      0x2d4 ./Middlewares/ST/STM32_USB_Device_Library/Core/Src/usbd_ctlreq.o
 .text.USBD_SetAddress
                0x000000000800c888       0x88 ./Middlewares/ST/STM32_USB_Device_Library/Core/Src/usbd_ctlreq.o
 .text.USBD_SetConfig
                0x000000000800c910      0x154 ./Middlewares/ST/STM32_USB_Device_Library/Core/Src/usbd_ctlreq.o
 .text.USBD_GetConfig
                0x000000000800ca64       0x6c ./Middlewares/ST/STM32_USB_Device_Library/Core/Src/usbd_ctlreq.o
 .text.USBD_GetStatus
                0x000000000800cad0       0x68 ./Middlewares/ST/STM32_USB_Device_Library/Core/Src/usbd_ctlreq.o
 .text.USBD_SetFeature
                0x000000000800cb38       0x52 ./Middlewares/ST/STM32_USB_Device_Library/Core/Src/usbd_ctlreq.o
 .text.USBD_ClrFeature
                0x000000000800cb8a       0x44 ./Middlewares/ST/STM32_USB_Device_Library/Core/Src/usbd_ctlreq.o
 .text.USBD_ParseSetupRequest
                0x000000000800cbce       0x74 ./Middlewares/ST/STM32_USB_Device_Library/Core/Src/usbd_ctlreq.o
                0x000000000800cbce                USBD_ParseSetupRequest
 .text.USBD_CtlError
                0x000000000800cc42       0x22 ./Middlewares/ST/STM32_USB_Device_Library/Core/Src/usbd_ctlreq.o
                0x000000000800cc42                USBD_CtlError
 .text.USBD_GetString
                0x000000000800cc64       0x8c ./Middlewares/ST/STM32_USB_Device_Library/Core/Src/usbd_ctlreq.o
                0x000000000800cc64                USBD_GetString
 .text.USBD_GetLen
                0x000000000800ccf0       0x34 ./Middlewares/ST/STM32_USB_Device_Library/Core/Src/usbd_ctlreq.o
 .text.USBD_CtlSendData
                0x000000000800cd24       0x36 ./Middlewares/ST/STM32_USB_Device_Library/Core/Src/usbd_ioreq.o
                0x000000000800cd24                USBD_CtlSendData
 .text.USBD_CtlContinueSendData
                0x000000000800cd5a       0x22 ./Middlewares/ST/STM32_USB_Device_Library/Core/Src/usbd_ioreq.o
                0x000000000800cd5a                USBD_CtlContinueSendData
 .text.USBD_CtlPrepareRx
                0x000000000800cd7c       0x3a ./Middlewares/ST/STM32_USB_Device_Library/Core/Src/usbd_ioreq.o
                0x000000000800cd7c                USBD_CtlPrepareRx
 .text.USBD_CtlContinueRx
                0x000000000800cdb6       0x22 ./Middlewares/ST/STM32_USB_Device_Library/Core/Src/usbd_ioreq.o
                0x000000000800cdb6                USBD_CtlContinueRx
 .text.USBD_CtlSendStatus
                0x000000000800cdd8       0x26 ./Middlewares/ST/STM32_USB_Device_Library/Core/Src/usbd_ioreq.o
                0x000000000800cdd8                USBD_CtlSendStatus
 .text.USBD_CtlReceiveStatus
                0x000000000800cdfe       0x26 ./Middlewares/ST/STM32_USB_Device_Library/Core/Src/usbd_ioreq.o
                0x000000000800cdfe                USBD_CtlReceiveStatus
 .text.MX_USB_DEVICE_Init
                0x000000000800ce24       0x60 ./USB_DEVICE/App/usb_device.o
                0x000000000800ce24                MX_USB_DEVICE_Init
 .text.CDC_Init_FS
                0x000000000800ce84       0x28 ./USB_DEVICE/App/usbd_cdc_if.o
 .text.CDC_DeInit_FS
                0x000000000800ceac       0x10 ./USB_DEVICE/App/usbd_cdc_if.o
 .text.CDC_Control_FS
                0x000000000800cebc       0xbc ./USB_DEVICE/App/usbd_cdc_if.o
 .text.CDC_Receive_FS
                0x000000000800cf78       0x28 ./USB_DEVICE/App/usbd_cdc_if.o
 .text.CDC_Transmit_FS
                0x000000000800cfa0       0x4c ./USB_DEVICE/App/usbd_cdc_if.o
                0x000000000800cfa0                CDC_Transmit_FS
 .text.CDC_TransmitCplt_FS
                0x000000000800cfec       0x22 ./USB_DEVICE/App/usbd_cdc_if.o
 *fill*         0x000000000800d00e        0x2 
 .text.USBD_FS_DeviceDescriptor
                0x000000000800d010       0x24 ./USB_DEVICE/App/usbd_desc.o
                0x000000000800d010                USBD_FS_DeviceDescriptor
 .text.USBD_FS_LangIDStrDescriptor
                0x000000000800d034       0x24 ./USB_DEVICE/App/usbd_desc.o
                0x000000000800d034                USBD_FS_LangIDStrDescriptor
 .text.USBD_FS_ProductStrDescriptor
                0x000000000800d058       0x3c ./USB_DEVICE/App/usbd_desc.o
                0x000000000800d058                USBD_FS_ProductStrDescriptor
 .text.USBD_FS_ManufacturerStrDescriptor
                0x000000000800d094       0x28 ./USB_DEVICE/App/usbd_desc.o
                0x000000000800d094                USBD_FS_ManufacturerStrDescriptor
 .text.USBD_FS_SerialStrDescriptor
                0x000000000800d0bc       0x24 ./USB_DEVICE/App/usbd_desc.o
                0x000000000800d0bc                USBD_FS_SerialStrDescriptor
 .text.USBD_FS_ConfigStrDescriptor
                0x000000000800d0e0       0x3c ./USB_DEVICE/App/usbd_desc.o
                0x000000000800d0e0                USBD_FS_ConfigStrDescriptor
 .text.USBD_FS_InterfaceStrDescriptor
                0x000000000800d11c       0x3c ./USB_DEVICE/App/usbd_desc.o
                0x000000000800d11c                USBD_FS_InterfaceStrDescriptor
 .text.Get_SerialNum
                0x000000000800d158       0x58 ./USB_DEVICE/App/usbd_desc.o
 .text.IntToUnicode
                0x000000000800d1b0       0x7e ./USB_DEVICE/App/usbd_desc.o
 *fill*         0x000000000800d22e        0x2 
 .text.HAL_PCD_MspInit
                0x000000000800d230       0xc4 ./USB_DEVICE/Target/usbd_conf.o
                0x000000000800d230                HAL_PCD_MspInit
 .text.HAL_PCD_SetupStageCallback
                0x000000000800d2f4       0x24 ./USB_DEVICE/Target/usbd_conf.o
                0x000000000800d2f4                HAL_PCD_SetupStageCallback
 .text.HAL_PCD_DataOutStageCallback
                0x000000000800d318       0x36 ./USB_DEVICE/Target/usbd_conf.o
                0x000000000800d318                HAL_PCD_DataOutStageCallback
 .text.HAL_PCD_DataInStageCallback
                0x000000000800d34e       0x34 ./USB_DEVICE/Target/usbd_conf.o
                0x000000000800d34e                HAL_PCD_DataInStageCallback
 .text.HAL_PCD_SOFCallback
                0x000000000800d382       0x1c ./USB_DEVICE/Target/usbd_conf.o
                0x000000000800d382                HAL_PCD_SOFCallback
 .text.HAL_PCD_ResetCallback
                0x000000000800d39e       0x50 ./USB_DEVICE/Target/usbd_conf.o
                0x000000000800d39e                HAL_PCD_ResetCallback
 *fill*         0x000000000800d3ee        0x2 
 .text.HAL_PCD_SuspendCallback
                0x000000000800d3f0       0x4c ./USB_DEVICE/Target/usbd_conf.o
                0x000000000800d3f0                HAL_PCD_SuspendCallback
 .text.HAL_PCD_ResumeCallback
                0x000000000800d43c       0x1c ./USB_DEVICE/Target/usbd_conf.o
                0x000000000800d43c                HAL_PCD_ResumeCallback
 .text.HAL_PCD_ISOOUTIncompleteCallback
                0x000000000800d458       0x24 ./USB_DEVICE/Target/usbd_conf.o
                0x000000000800d458                HAL_PCD_ISOOUTIncompleteCallback
 .text.HAL_PCD_ISOINIncompleteCallback
                0x000000000800d47c       0x24 ./USB_DEVICE/Target/usbd_conf.o
                0x000000000800d47c                HAL_PCD_ISOINIncompleteCallback
 .text.HAL_PCD_ConnectCallback
                0x000000000800d4a0       0x1c ./USB_DEVICE/Target/usbd_conf.o
                0x000000000800d4a0                HAL_PCD_ConnectCallback
 .text.HAL_PCD_DisconnectCallback
                0x000000000800d4bc       0x1c ./USB_DEVICE/Target/usbd_conf.o
                0x000000000800d4bc                HAL_PCD_DisconnectCallback
 .text.USBD_LL_Init
                0x000000000800d4d8       0x98 ./USB_DEVICE/Target/usbd_conf.o
                0x000000000800d4d8                USBD_LL_Init
 .text.USBD_LL_Start
                0x000000000800d570       0x36 ./USB_DEVICE/Target/usbd_conf.o
                0x000000000800d570                USBD_LL_Start
 .text.USBD_LL_OpenEP
                0x000000000800d5a6       0x4c ./USB_DEVICE/Target/usbd_conf.o
                0x000000000800d5a6                USBD_LL_OpenEP
 .text.USBD_LL_CloseEP
                0x000000000800d5f2       0x3e ./USB_DEVICE/Target/usbd_conf.o
                0x000000000800d5f2                USBD_LL_CloseEP
 .text.USBD_LL_StallEP
                0x000000000800d630       0x3e ./USB_DEVICE/Target/usbd_conf.o
                0x000000000800d630                USBD_LL_StallEP
 .text.USBD_LL_ClearStallEP
                0x000000000800d66e       0x3e ./USB_DEVICE/Target/usbd_conf.o
                0x000000000800d66e                USBD_LL_ClearStallEP
 .text.USBD_LL_IsStallEP
                0x000000000800d6ac       0x58 ./USB_DEVICE/Target/usbd_conf.o
                0x000000000800d6ac                USBD_LL_IsStallEP
 .text.USBD_LL_SetUSBAddress
                0x000000000800d704       0x3e ./USB_DEVICE/Target/usbd_conf.o
                0x000000000800d704                USBD_LL_SetUSBAddress
 .text.USBD_LL_Transmit
                0x000000000800d742       0x42 ./USB_DEVICE/Target/usbd_conf.o
                0x000000000800d742                USBD_LL_Transmit
 .text.USBD_LL_PrepareReceive
                0x000000000800d784       0x42 ./USB_DEVICE/Target/usbd_conf.o
                0x000000000800d784                USBD_LL_PrepareReceive
 .text.USBD_LL_GetRxDataSize
                0x000000000800d7c6       0x26 ./USB_DEVICE/Target/usbd_conf.o
                0x000000000800d7c6                USBD_LL_GetRxDataSize
 .text.USBD_static_malloc
                0x000000000800d7ec       0x1c ./USB_DEVICE/Target/usbd_conf.o
                0x000000000800d7ec                USBD_static_malloc
 .text.USBD_static_free
                0x000000000800d808       0x14 ./USB_DEVICE/Target/usbd_conf.o
                0x000000000800d808                USBD_static_free
 .text.USBD_Get_USB_Status
                0x000000000800d81c       0x58 ./USB_DEVICE/Target/usbd_conf.o
                0x000000000800d81c                USBD_Get_USB_Status
 .text.__errno  0x000000000800d874        0xc d:/00.software/01.stm32cubeide/stm32cubeide_1.12.0/stm32cubeide/plugins/com.st.stm32cube.ide.mcu.externaltools.gnu-tools-for-stm32.10.3-2021.10.win32_1.0.200.202301161003/tools/bin/../lib/gcc/arm-none-eabi/10.3.1/../../../../arm-none-eabi/lib/thumb/v7e-m+fp/hard\libc_nano.a(lib_a-errno.o)
                0x000000000800d874                __errno
 .text.__libc_init_array
                0x000000000800d880       0x48 d:/00.software/01.stm32cubeide/stm32cubeide_1.12.0/stm32cubeide/plugins/com.st.stm32cube.ide.mcu.externaltools.gnu-tools-for-stm32.10.3-2021.10.win32_1.0.200.202301161003/tools/bin/../lib/gcc/arm-none-eabi/10.3.1/../../../../arm-none-eabi/lib/thumb/v7e-m+fp/hard\libc_nano.a(lib_a-init.o)
                0x000000000800d880                __libc_init_array
 .text.memcmp   0x000000000800d8c8       0x20 d:/00.software/01.stm32cubeide/stm32cubeide_1.12.0/stm32cubeide/plugins/com.st.stm32cube.ide.mcu.externaltools.gnu-tools-for-stm32.10.3-2021.10.win32_1.0.200.202301161003/tools/bin/../lib/gcc/arm-none-eabi/10.3.1/../../../../arm-none-eabi/lib/thumb/v7e-m+fp/hard\libc_nano.a(lib_a-memcmp.o)
                0x000000000800d8c8                memcmp
 .text.memcpy   0x000000000800d8e8       0x1c d:/00.software/01.stm32cubeide/stm32cubeide_1.12.0/stm32cubeide/plugins/com.st.stm32cube.ide.mcu.externaltools.gnu-tools-for-stm32.10.3-2021.10.win32_1.0.200.202301161003/tools/bin/../lib/gcc/arm-none-eabi/10.3.1/../../../../arm-none-eabi/lib/thumb/v7e-m+fp/hard\libc_nano.a(lib_a-memcpy-stub.o)
                0x000000000800d8e8                memcpy
 .text.memset   0x000000000800d904       0x10 d:/00.software/01.stm32cubeide/stm32cubeide_1.12.0/stm32cubeide/plugins/com.st.stm32cube.ide.mcu.externaltools.gnu-tools-for-stm32.10.3-2021.10.win32_1.0.200.202301161003/tools/bin/../lib/gcc/arm-none-eabi/10.3.1/../../../../arm-none-eabi/lib/thumb/v7e-m+fp/hard\libc_nano.a(lib_a-memset.o)
                0x000000000800d904                memset
 .text.printf   0x000000000800d914       0x30 d:/00.software/01.stm32cubeide/stm32cubeide_1.12.0/stm32cubeide/plugins/com.st.stm32cube.ide.mcu.externaltools.gnu-tools-for-stm32.10.3-2021.10.win32_1.0.200.202301161003/tools/bin/../lib/gcc/arm-none-eabi/10.3.1/../../../../arm-none-eabi/lib/thumb/v7e-m+fp/hard\libc_nano.a(lib_a-printf.o)
                0x000000000800d914                iprintf
                0x000000000800d914                printf
 .text._puts_r  0x000000000800d944       0xdc d:/00.software/01.stm32cubeide/stm32cubeide_1.12.0/stm32cubeide/plugins/com.st.stm32cube.ide.mcu.externaltools.gnu-tools-for-stm32.10.3-2021.10.win32_1.0.200.202301161003/tools/bin/../lib/gcc/arm-none-eabi/10.3.1/../../../../arm-none-eabi/lib/thumb/v7e-m+fp/hard\libc_nano.a(lib_a-puts.o)
                0x000000000800d944                _puts_r
 .text.puts     0x000000000800da20       0x10 d:/00.software/01.stm32cubeide/stm32cubeide_1.12.0/stm32cubeide/plugins/com.st.stm32cube.ide.mcu.externaltools.gnu-tools-for-stm32.10.3-2021.10.win32_1.0.200.202301161003/tools/bin/../lib/gcc/arm-none-eabi/10.3.1/../../../../arm-none-eabi/lib/thumb/v7e-m+fp/hard\libc_nano.a(lib_a-puts.o)
                0x000000000800da20                puts
 .text.sprintf  0x000000000800da30       0x40 d:/00.software/01.stm32cubeide/stm32cubeide_1.12.0/stm32cubeide/plugins/com.st.stm32cube.ide.mcu.externaltools.gnu-tools-for-stm32.10.3-2021.10.win32_1.0.200.202301161003/tools/bin/../lib/gcc/arm-none-eabi/10.3.1/../../../../arm-none-eabi/lib/thumb/v7e-m+fp/hard\libc_nano.a(lib_a-sprintf.o)
                0x000000000800da30                siprintf
                0x000000000800da30                sprintf
 .text.__swbuf_r
                0x000000000800da70       0xa4 d:/00.software/01.stm32cubeide/stm32cubeide_1.12.0/stm32cubeide/plugins/com.st.stm32cube.ide.mcu.externaltools.gnu-tools-for-stm32.10.3-2021.10.win32_1.0.200.202301161003/tools/bin/../lib/gcc/arm-none-eabi/10.3.1/../../../../arm-none-eabi/lib/thumb/v7e-m+fp/hard\libc_nano.a(lib_a-wbuf.o)
                0x000000000800da70                __swbuf_r
 .text.__swsetup_r
                0x000000000800db14       0xdc d:/00.software/01.stm32cubeide/stm32cubeide_1.12.0/stm32cubeide/plugins/com.st.stm32cube.ide.mcu.externaltools.gnu-tools-for-stm32.10.3-2021.10.win32_1.0.200.202301161003/tools/bin/../lib/gcc/arm-none-eabi/10.3.1/../../../../arm-none-eabi/lib/thumb/v7e-m+fp/hard\libc_nano.a(lib_a-wsetup.o)
                0x000000000800db14                __swsetup_r
 .text.__sflush_r
                0x000000000800dbf0      0x10c d:/00.software/01.stm32cubeide/stm32cubeide_1.12.0/stm32cubeide/plugins/com.st.stm32cube.ide.mcu.externaltools.gnu-tools-for-stm32.10.3-2021.10.win32_1.0.200.202301161003/tools/bin/../lib/gcc/arm-none-eabi/10.3.1/../../../../arm-none-eabi/lib/thumb/v7e-m+fp/hard\libc_nano.a(lib_a-fflush.o)
                0x000000000800dbf0                __sflush_r
 .text._fflush_r
                0x000000000800dcfc       0x78 d:/00.software/01.stm32cubeide/stm32cubeide_1.12.0/stm32cubeide/plugins/com.st.stm32cube.ide.mcu.externaltools.gnu-tools-for-stm32.10.3-2021.10.win32_1.0.200.202301161003/tools/bin/../lib/gcc/arm-none-eabi/10.3.1/../../../../arm-none-eabi/lib/thumb/v7e-m+fp/hard\libc_nano.a(lib_a-fflush.o)
                0x000000000800dcfc                _fflush_r
 .text.std      0x000000000800dd74       0x48 d:/00.software/01.stm32cubeide/stm32cubeide_1.12.0/stm32cubeide/plugins/com.st.stm32cube.ide.mcu.externaltools.gnu-tools-for-stm32.10.3-2021.10.win32_1.0.200.202301161003/tools/bin/../lib/gcc/arm-none-eabi/10.3.1/../../../../arm-none-eabi/lib/thumb/v7e-m+fp/hard\libc_nano.a(lib_a-findfp.o)
 .text._cleanup_r
                0x000000000800ddbc        0xc d:/00.software/01.stm32cubeide/stm32cubeide_1.12.0/stm32cubeide/plugins/com.st.stm32cube.ide.mcu.externaltools.gnu-tools-for-stm32.10.3-2021.10.win32_1.0.200.202301161003/tools/bin/../lib/gcc/arm-none-eabi/10.3.1/../../../../arm-none-eabi/lib/thumb/v7e-m+fp/hard\libc_nano.a(lib_a-findfp.o)
                0x000000000800ddbc                _cleanup_r
 .text.__sfmoreglue
                0x000000000800ddc8       0x2c d:/00.software/01.stm32cubeide/stm32cubeide_1.12.0/stm32cubeide/plugins/com.st.stm32cube.ide.mcu.externaltools.gnu-tools-for-stm32.10.3-2021.10.win32_1.0.200.202301161003/tools/bin/../lib/gcc/arm-none-eabi/10.3.1/../../../../arm-none-eabi/lib/thumb/v7e-m+fp/hard\libc_nano.a(lib_a-findfp.o)
                0x000000000800ddc8                __sfmoreglue
 .text.__sfp_lock_acquire
                0x000000000800ddf4        0xc d:/00.software/01.stm32cubeide/stm32cubeide_1.12.0/stm32cubeide/plugins/com.st.stm32cube.ide.mcu.externaltools.gnu-tools-for-stm32.10.3-2021.10.win32_1.0.200.202301161003/tools/bin/../lib/gcc/arm-none-eabi/10.3.1/../../../../arm-none-eabi/lib/thumb/v7e-m+fp/hard\libc_nano.a(lib_a-findfp.o)
                0x000000000800ddf4                __sfp_lock_acquire
 .text.__sfp_lock_release
                0x000000000800de00        0xc d:/00.software/01.stm32cubeide/stm32cubeide_1.12.0/stm32cubeide/plugins/com.st.stm32cube.ide.mcu.externaltools.gnu-tools-for-stm32.10.3-2021.10.win32_1.0.200.202301161003/tools/bin/../lib/gcc/arm-none-eabi/10.3.1/../../../../arm-none-eabi/lib/thumb/v7e-m+fp/hard\libc_nano.a(lib_a-findfp.o)
                0x000000000800de00                __sfp_lock_release
 .text.__sinit_lock_acquire
                0x000000000800de0c        0xc d:/00.software/01.stm32cubeide/stm32cubeide_1.12.0/stm32cubeide/plugins/com.st.stm32cube.ide.mcu.externaltools.gnu-tools-for-stm32.10.3-2021.10.win32_1.0.200.202301161003/tools/bin/../lib/gcc/arm-none-eabi/10.3.1/../../../../arm-none-eabi/lib/thumb/v7e-m+fp/hard\libc_nano.a(lib_a-findfp.o)
                0x000000000800de0c                __sinit_lock_acquire
 .text.__sinit_lock_release
                0x000000000800de18        0xc d:/00.software/01.stm32cubeide/stm32cubeide_1.12.0/stm32cubeide/plugins/com.st.stm32cube.ide.mcu.externaltools.gnu-tools-for-stm32.10.3-2021.10.win32_1.0.200.202301161003/tools/bin/../lib/gcc/arm-none-eabi/10.3.1/../../../../arm-none-eabi/lib/thumb/v7e-m+fp/hard\libc_nano.a(lib_a-findfp.o)
                0x000000000800de18                __sinit_lock_release
 .text.__sinit  0x000000000800de24       0x70 d:/00.software/01.stm32cubeide/stm32cubeide_1.12.0/stm32cubeide/plugins/com.st.stm32cube.ide.mcu.externaltools.gnu-tools-for-stm32.10.3-2021.10.win32_1.0.200.202301161003/tools/bin/../lib/gcc/arm-none-eabi/10.3.1/../../../../arm-none-eabi/lib/thumb/v7e-m+fp/hard\libc_nano.a(lib_a-findfp.o)
                0x000000000800de24                __sinit
 .text.__sfp    0x000000000800de94       0x8c d:/00.software/01.stm32cubeide/stm32cubeide_1.12.0/stm32cubeide/plugins/com.st.stm32cube.ide.mcu.externaltools.gnu-tools-for-stm32.10.3-2021.10.win32_1.0.200.202301161003/tools/bin/../lib/gcc/arm-none-eabi/10.3.1/../../../../arm-none-eabi/lib/thumb/v7e-m+fp/hard\libc_nano.a(lib_a-findfp.o)
                0x000000000800de94                __sfp
 .text._fwalk_reent
                0x000000000800df20       0x3e d:/00.software/01.stm32cubeide/stm32cubeide_1.12.0/stm32cubeide/plugins/com.st.stm32cube.ide.mcu.externaltools.gnu-tools-for-stm32.10.3-2021.10.win32_1.0.200.202301161003/tools/bin/../lib/gcc/arm-none-eabi/10.3.1/../../../../arm-none-eabi/lib/thumb/v7e-m+fp/hard\libc_nano.a(lib_a-fwalk.o)
                0x000000000800df20                _fwalk_reent
 .text.__retarget_lock_init_recursive
                0x000000000800df5e        0x2 d:/00.software/01.stm32cubeide/stm32cubeide_1.12.0/stm32cubeide/plugins/com.st.stm32cube.ide.mcu.externaltools.gnu-tools-for-stm32.10.3-2021.10.win32_1.0.200.202301161003/tools/bin/../lib/gcc/arm-none-eabi/10.3.1/../../../../arm-none-eabi/lib/thumb/v7e-m+fp/hard\libc_nano.a(lib_a-lock.o)
                0x000000000800df5e                __retarget_lock_init_recursive
 .text.__retarget_lock_acquire_recursive
                0x000000000800df60        0x2 d:/00.software/01.stm32cubeide/stm32cubeide_1.12.0/stm32cubeide/plugins/com.st.stm32cube.ide.mcu.externaltools.gnu-tools-for-stm32.10.3-2021.10.win32_1.0.200.202301161003/tools/bin/../lib/gcc/arm-none-eabi/10.3.1/../../../../arm-none-eabi/lib/thumb/v7e-m+fp/hard\libc_nano.a(lib_a-lock.o)
                0x000000000800df60                __retarget_lock_acquire_recursive
 .text.__retarget_lock_release_recursive
                0x000000000800df62        0x2 d:/00.software/01.stm32cubeide/stm32cubeide_1.12.0/stm32cubeide/plugins/com.st.stm32cube.ide.mcu.externaltools.gnu-tools-for-stm32.10.3-2021.10.win32_1.0.200.202301161003/tools/bin/../lib/gcc/arm-none-eabi/10.3.1/../../../../arm-none-eabi/lib/thumb/v7e-m+fp/hard\libc_nano.a(lib_a-lock.o)
                0x000000000800df62                __retarget_lock_release_recursive
 .text.__swhatbuf_r
                0x000000000800df64       0x4a d:/00.software/01.stm32cubeide/stm32cubeide_1.12.0/stm32cubeide/plugins/com.st.stm32cube.ide.mcu.externaltools.gnu-tools-for-stm32.10.3-2021.10.win32_1.0.200.202301161003/tools/bin/../lib/gcc/arm-none-eabi/10.3.1/../../../../arm-none-eabi/lib/thumb/v7e-m+fp/hard\libc_nano.a(lib_a-makebuf.o)
                0x000000000800df64                __swhatbuf_r
 *fill*         0x000000000800dfae        0x2 
 .text.__smakebuf_r
                0x000000000800dfb0       0x80 d:/00.software/01.stm32cubeide/stm32cubeide_1.12.0/stm32cubeide/plugins/com.st.stm32cube.ide.mcu.externaltools.gnu-tools-for-stm32.10.3-2021.10.win32_1.0.200.202301161003/tools/bin/../lib/gcc/arm-none-eabi/10.3.1/../../../../arm-none-eabi/lib/thumb/v7e-m+fp/hard\libc_nano.a(lib_a-makebuf.o)
                0x000000000800dfb0                __smakebuf_r
 .text._free_r  0x000000000800e030       0x98 d:/00.software/01.stm32cubeide/stm32cubeide_1.12.0/stm32cubeide/plugins/com.st.stm32cube.ide.mcu.externaltools.gnu-tools-for-stm32.10.3-2021.10.win32_1.0.200.202301161003/tools/bin/../lib/gcc/arm-none-eabi/10.3.1/../../../../arm-none-eabi/lib/thumb/v7e-m+fp/hard\libc_nano.a(lib_a-nano-freer.o)
                0x000000000800e030                _free_r
 .text.sbrk_aligned
                0x000000000800e0c8       0x40 d:/00.software/01.stm32cubeide/stm32cubeide_1.12.0/stm32cubeide/plugins/com.st.stm32cube.ide.mcu.externaltools.gnu-tools-for-stm32.10.3-2021.10.win32_1.0.200.202301161003/tools/bin/../lib/gcc/arm-none-eabi/10.3.1/../../../../arm-none-eabi/lib/thumb/v7e-m+fp/hard\libc_nano.a(lib_a-nano-mallocr.o)
 .text._malloc_r
                0x000000000800e108       0xe8 d:/00.software/01.stm32cubeide/stm32cubeide_1.12.0/stm32cubeide/plugins/com.st.stm32cube.ide.mcu.externaltools.gnu-tools-for-stm32.10.3-2021.10.win32_1.0.200.202301161003/tools/bin/../lib/gcc/arm-none-eabi/10.3.1/../../../../arm-none-eabi/lib/thumb/v7e-m+fp/hard\libc_nano.a(lib_a-nano-mallocr.o)
                0x000000000800e108                _malloc_r
 .text.__ssputs_r
                0x000000000800e1f0       0xb6 d:/00.software/01.stm32cubeide/stm32cubeide_1.12.0/stm32cubeide/plugins/com.st.stm32cube.ide.mcu.externaltools.gnu-tools-for-stm32.10.3-2021.10.win32_1.0.200.202301161003/tools/bin/../lib/gcc/arm-none-eabi/10.3.1/../../../../arm-none-eabi/lib/thumb/v7e-m+fp/hard\libc_nano.a(lib_a-nano-svfprintf.o)
                0x000000000800e1f0                __ssputs_r
 *fill*         0x000000000800e2a6        0x2 
 .text._svfprintf_r
                0x000000000800e2a8      0x200 d:/00.software/01.stm32cubeide/stm32cubeide_1.12.0/stm32cubeide/plugins/com.st.stm32cube.ide.mcu.externaltools.gnu-tools-for-stm32.10.3-2021.10.win32_1.0.200.202301161003/tools/bin/../lib/gcc/arm-none-eabi/10.3.1/../../../../arm-none-eabi/lib/thumb/v7e-m+fp/hard\libc_nano.a(lib_a-nano-svfprintf.o)
                0x000000000800e2a8                _svfiprintf_r
                0x000000000800e2a8                _svfprintf_r
 .text.__sfputc_r
                0x000000000800e4a8       0x2e d:/00.software/01.stm32cubeide/stm32cubeide_1.12.0/stm32cubeide/plugins/com.st.stm32cube.ide.mcu.externaltools.gnu-tools-for-stm32.10.3-2021.10.win32_1.0.200.202301161003/tools/bin/../lib/gcc/arm-none-eabi/10.3.1/../../../../arm-none-eabi/lib/thumb/v7e-m+fp/hard\libc_nano.a(lib_a-nano-vfprintf.o)
 .text.__sfputs_r
                0x000000000800e4d6       0x24 d:/00.software/01.stm32cubeide/stm32cubeide_1.12.0/stm32cubeide/plugins/com.st.stm32cube.ide.mcu.externaltools.gnu-tools-for-stm32.10.3-2021.10.win32_1.0.200.202301161003/tools/bin/../lib/gcc/arm-none-eabi/10.3.1/../../../../arm-none-eabi/lib/thumb/v7e-m+fp/hard\libc_nano.a(lib_a-nano-vfprintf.o)
                0x000000000800e4d6                __sfputs_r
 *fill*         0x000000000800e4fa        0x2 
 .text._vfprintf_r
                0x000000000800e4fc      0x260 d:/00.software/01.stm32cubeide/stm32cubeide_1.12.0/stm32cubeide/plugins/com.st.stm32cube.ide.mcu.externaltools.gnu-tools-for-stm32.10.3-2021.10.win32_1.0.200.202301161003/tools/bin/../lib/gcc/arm-none-eabi/10.3.1/../../../../arm-none-eabi/lib/thumb/v7e-m+fp/hard\libc_nano.a(lib_a-nano-vfprintf.o)
                0x000000000800e4fc                _vfprintf_r
                0x000000000800e4fc                _vfiprintf_r
 .text._printf_common
                0x000000000800e75c       0xda d:/00.software/01.stm32cubeide/stm32cubeide_1.12.0/stm32cubeide/plugins/com.st.stm32cube.ide.mcu.externaltools.gnu-tools-for-stm32.10.3-2021.10.win32_1.0.200.202301161003/tools/bin/../lib/gcc/arm-none-eabi/10.3.1/../../../../arm-none-eabi/lib/thumb/v7e-m+fp/hard\libc_nano.a(lib_a-nano-vfprintf_i.o)
                0x000000000800e75c                _printf_common
 *fill*         0x000000000800e836        0x2 
 .text._printf_i
                0x000000000800e838      0x24c d:/00.software/01.stm32cubeide/stm32cubeide_1.12.0/stm32cubeide/plugins/com.st.stm32cube.ide.mcu.externaltools.gnu-tools-for-stm32.10.3-2021.10.win32_1.0.200.202301161003/tools/bin/../lib/gcc/arm-none-eabi/10.3.1/../../../../arm-none-eabi/lib/thumb/v7e-m+fp/hard\libc_nano.a(lib_a-nano-vfprintf_i.o)
                0x000000000800e838                _printf_i
 .text._sbrk_r  0x000000000800ea84       0x20 d:/00.software/01.stm32cubeide/stm32cubeide_1.12.0/stm32cubeide/plugins/com.st.stm32cube.ide.mcu.externaltools.gnu-tools-for-stm32.10.3-2021.10.win32_1.0.200.202301161003/tools/bin/../lib/gcc/arm-none-eabi/10.3.1/../../../../arm-none-eabi/lib/thumb/v7e-m+fp/hard\libc_nano.a(lib_a-sbrkr.o)
                0x000000000800ea84                _sbrk_r
 .text.__sread  0x000000000800eaa4       0x22 d:/00.software/01.stm32cubeide/stm32cubeide_1.12.0/stm32cubeide/plugins/com.st.stm32cube.ide.mcu.externaltools.gnu-tools-for-stm32.10.3-2021.10.win32_1.0.200.202301161003/tools/bin/../lib/gcc/arm-none-eabi/10.3.1/../../../../arm-none-eabi/lib/thumb/v7e-m+fp/hard\libc_nano.a(lib_a-stdio.o)
                0x000000000800eaa4                __sread
 .text.__swrite
                0x000000000800eac6       0x38 d:/00.software/01.stm32cubeide/stm32cubeide_1.12.0/stm32cubeide/plugins/com.st.stm32cube.ide.mcu.externaltools.gnu-tools-for-stm32.10.3-2021.10.win32_1.0.200.202301161003/tools/bin/../lib/gcc/arm-none-eabi/10.3.1/../../../../arm-none-eabi/lib/thumb/v7e-m+fp/hard\libc_nano.a(lib_a-stdio.o)
                0x000000000800eac6                __swrite
 .text.__sseek  0x000000000800eafe       0x24 d:/00.software/01.stm32cubeide/stm32cubeide_1.12.0/stm32cubeide/plugins/com.st.stm32cube.ide.mcu.externaltools.gnu-tools-for-stm32.10.3-2021.10.win32_1.0.200.202301161003/tools/bin/../lib/gcc/arm-none-eabi/10.3.1/../../../../arm-none-eabi/lib/thumb/v7e-m+fp/hard\libc_nano.a(lib_a-stdio.o)
                0x000000000800eafe                __sseek
 .text.__sclose
                0x000000000800eb22        0x8 d:/00.software/01.stm32cubeide/stm32cubeide_1.12.0/stm32cubeide/plugins/com.st.stm32cube.ide.mcu.externaltools.gnu-tools-for-stm32.10.3-2021.10.win32_1.0.200.202301161003/tools/bin/../lib/gcc/arm-none-eabi/10.3.1/../../../../arm-none-eabi/lib/thumb/v7e-m+fp/hard\libc_nano.a(lib_a-stdio.o)
                0x000000000800eb22                __sclose
 *fill*         0x000000000800eb2a        0x2 
 .text._write_r
                0x000000000800eb2c       0x24 d:/00.software/01.stm32cubeide/stm32cubeide_1.12.0/stm32cubeide/plugins/com.st.stm32cube.ide.mcu.externaltools.gnu-tools-for-stm32.10.3-2021.10.win32_1.0.200.202301161003/tools/bin/../lib/gcc/arm-none-eabi/10.3.1/../../../../arm-none-eabi/lib/thumb/v7e-m+fp/hard\libc_nano.a(lib_a-writer.o)
                0x000000000800eb2c                _write_r
 .text._close_r
                0x000000000800eb50       0x20 d:/00.software/01.stm32cubeide/stm32cubeide_1.12.0/stm32cubeide/plugins/com.st.stm32cube.ide.mcu.externaltools.gnu-tools-for-stm32.10.3-2021.10.win32_1.0.200.202301161003/tools/bin/../lib/gcc/arm-none-eabi/10.3.1/../../../../arm-none-eabi/lib/thumb/v7e-m+fp/hard\libc_nano.a(lib_a-closer.o)
                0x000000000800eb50                _close_r
 .text._fstat_r
                0x000000000800eb70       0x24 d:/00.software/01.stm32cubeide/stm32cubeide_1.12.0/stm32cubeide/plugins/com.st.stm32cube.ide.mcu.externaltools.gnu-tools-for-stm32.10.3-2021.10.win32_1.0.200.202301161003/tools/bin/../lib/gcc/arm-none-eabi/10.3.1/../../../../arm-none-eabi/lib/thumb/v7e-m+fp/hard\libc_nano.a(lib_a-fstatr.o)
                0x000000000800eb70                _fstat_r
 .text._isatty_r