../Core/Src/dw_display.c:42:6:s_log_add_1_line	24	static
../Core/Src/dw_display.c:62:6:s_log_clear	8	static
../Core/Src/dw_display.c:69:13:Dw_write	16	static,ignoring_inline_asm
../Core/Src/dw_display.c:79:6:dw_log_deamon	8	static
../Core/Src/dw_display.c:103:5:Dwin_Write_VP	120	static
../Core/Src/dw_display.c:122:5:Dwin_Write_VP_String	224	static
../Core/Src/dw_display.c:144:5:Dwin_read_VP	120	static
../Core/Src/dw_display.c:155:6:Dwin_switch_page	24	static
../Core/Src/dw_display.c:163:6:Dwin_switch_running_page	16	static,ignoring_inline_asm
../Core/Src/dw_display.c:187:6:Dwin_init	8	static
../Core/Src/dw_display.c:196:6:Dwin_reset	16	static
../Core/Src/dw_display.c:201:5:dw_get_well_number	16	static
../Core/Src/dw_display.c:208:5:dw_update_setup_page	56	static
../Core/Src/dw_display.c:229:6:show_user_page	8	static
../Core/Src/dw_display.c:232:6:show_setup_page	16	static
../Core/Src/dw_display.c:242:6:dwin_update_step	56	static
../Core/Src/dw_display.c:253:6:dwin_start_program	24	static
../Core/Src/dw_display.c:267:6:dwin_stop_program	4	static
../Core/Src/dw_display.c:271:6:Update_color	16	static
../Core/Src/dw_display.c:311:6:dw_return_previous_page	16	static
../Core/Src/dw_display.c:330:6:dwin_change_target_well	24	static
../Core/Src/dw_display.c:356:5:dw_process_rx_buffer	24	static
../Core/Src/dw_display.c:457:5:dw_update_steper_positon	16	static
../Core/Src/dw_display.c:475:6:dwin_log_change_color	16	static
../Core/Src/dw_display.c:479:6:dwin_change_color_sp	16	static
../Core/Src/dw_display.c:484:6:dwin_log_change_len	16	static
../Core/Src/dw_display.c:493:6:dwin_log_visiable	16	static
../Core/Src/dw_display.c:506:6:dwin_log_text	24	static
../Core/Src/dw_display.c:521:6:dwin_log_timeout	8	static
../Core/Src/dw_display.c:531:9:checkData	32	static
