../Core/Src/main.c:97:6:debug_process	8	static
../Core/Src/main.c:118:5:_write	24	static
../Core/Src/main.c:136:6:HAL_TIM_PWM_PulseFinishedCallback	16	static
../Core/Src/main.c:143:6:HAL_TIM_TriggerHalfCpltCallback	16	static
../Core/Src/main.c:156:5:main	8	static
../Core/Src/main.c:296:6:SystemClock_Config	88	static
../Core/Src/main.c:342:13:MX_I2C1_Init	8	static
../Core/Src/main.c:376:13:MX_SPI1_Init	8	static
../Core/Src/main.c:414:13:MX_TIM1_Init	96	static
../Core/Src/main.c:489:13:MX_TIM2_Init	40	static
../Core/Src/main.c:535:13:MX_TIM3_Init	64	static
../Core/Src/main.c:594:13:MX_TIM5_Init	40	static
../Core/Src/main.c:640:13:MX_TIM8_Init	16	static
../Core/Src/main.c:680:13:MX_USART2_UART_Init	8	static
../Core/Src/main.c:711:13:MX_DMA_Init	16	static
../Core/Src/main.c:736:13:MX_GPIO_Init	56	static
../Core/Src/main.c:866:6:Error_Handler	4	static,ignoring_inline_asm
