../Core/Src/motor.c:24:6:HAL_TIM_PeriodElapsedCallback	16	static
../Core/Src/motor.c:39:6:mt_move_to_home	16	static
../Core/Src/motor.c:44:5:isMotor_atHome	16	static
../Core/Src/motor.c:48:6:mt_set_target_position	16	static
../Core/Src/motor.c:52:6:x_mt_set_dir	8	static
../Core/Src/motor.c:68:6:x_mt_start	8	static
../Core/Src/motor.c:75:6:x_mt_stop	8	static
../Core/Src/motor.c:85:6:x_mt_move_to_pos	16	static
../Core/Src/motor.c:89:6:x_set_current_position	16	static
../Core/Src/motor.c:95:6:x_step_mt_int	8	static
../Core/Src/motor.c:103:6:step_mt_move_foward	16	static
../Core/Src/motor.c:111:6:step_mt_move_backward	16	static
../Core/Src/motor.c:119:6:x_step_motor_home_position	8	static
../Core/Src/motor.c:134:6:home_process	16	static
../Core/Src/motor.c:163:6:x_step_motor_process	8	static
../Core/Src/motor.c:216:6:z_mt_set_dir	8	static
../Core/Src/motor.c:231:6:z_mt_start	8	static
../Core/Src/motor.c:235:6:z_mt_stop	8	static
../Core/Src/motor.c:243:6:z_mt_move_to_pos	16	static
../Core/Src/motor.c:250:6:z_set_current_position	16	static
../Core/Src/motor.c:254:6:z_step_mt_int	8	static
../Core/Src/motor.c:262:6:z_step_motor_home_position	8	static
../Core/Src/motor.c:279:6:z_step_motor_process	8	static
../Core/Src/motor.c:331:6:x_motor_boot_start	8	static
../Core/Src/motor.c:354:6:z_motor_boot_start	8	static
