Archive member included to satisfy reference by file (symbol)

E:/STM32CubeIDE_1.13.1/STM32CubeIDE/plugins/com.st.stm32cube.ide.mcu.externaltools.gnu-tools-for-stm32.11.3.rel1.win32_1.1.0.202305231506/tools/bin/../lib/gcc/arm-none-eabi/11.3.1/../../../../arm-none-eabi/lib/thumb/v7e-m+fp/hard\libc_nano.a(libc_a-exit.o)
                              E:/STM32CubeIDE_1.13.1/STM32CubeIDE/plugins/com.st.stm32cube.ide.mcu.externaltools.gnu-tools-for-stm32.11.3.rel1.win32_1.1.0.202305231506/tools/bin/../lib/gcc/arm-none-eabi/11.3.1/../../../../arm-none-eabi/lib/thumb/v7e-m+fp/hard/crt0.o (exit)
E:/STM32CubeIDE_1.13.1/STM32CubeIDE/plugins/com.st.stm32cube.ide.mcu.externaltools.gnu-tools-for-stm32.11.3.rel1.win32_1.1.0.202305231506/tools/bin/../lib/gcc/arm-none-eabi/11.3.1/../../../../arm-none-eabi/lib/thumb/v7e-m+fp/hard\libc_nano.a(libc_a-findfp.o)
                              E:/STM32CubeIDE_1.13.1/STM32CubeIDE/plugins/com.st.stm32cube.ide.mcu.externaltools.gnu-tools-for-stm32.11.3.rel1.win32_1.1.0.202305231506/tools/bin/../lib/gcc/arm-none-eabi/11.3.1/../../../../arm-none-eabi/lib/thumb/v7e-m+fp/hard\libc_nano.a(libc_a-exit.o) (__stdio_exit_handler)
E:/STM32CubeIDE_1.13.1/STM32CubeIDE/plugins/com.st.stm32cube.ide.mcu.externaltools.gnu-tools-for-stm32.11.3.rel1.win32_1.1.0.202305231506/tools/bin/../lib/gcc/arm-none-eabi/11.3.1/../../../../arm-none-eabi/lib/thumb/v7e-m+fp/hard\libc_nano.a(libc_a-fwalk.o)
                              E:/STM32CubeIDE_1.13.1/STM32CubeIDE/plugins/com.st.stm32cube.ide.mcu.externaltools.gnu-tools-for-stm32.11.3.rel1.win32_1.1.0.202305231506/tools/bin/../lib/gcc/arm-none-eabi/11.3.1/../../../../arm-none-eabi/lib/thumb/v7e-m+fp/hard\libc_nano.a(libc_a-findfp.o) (_fwalk_sglue)
E:/STM32CubeIDE_1.13.1/STM32CubeIDE/plugins/com.st.stm32cube.ide.mcu.externaltools.gnu-tools-for-stm32.11.3.rel1.win32_1.1.0.202305231506/tools/bin/../lib/gcc/arm-none-eabi/11.3.1/../../../../arm-none-eabi/lib/thumb/v7e-m+fp/hard\libc_nano.a(libc_a-printf.o)
                              ./Core/Src/data.o (printf)
E:/STM32CubeIDE_1.13.1/STM32CubeIDE/plugins/com.st.stm32cube.ide.mcu.externaltools.gnu-tools-for-stm32.11.3.rel1.win32_1.1.0.202305231506/tools/bin/../lib/gcc/arm-none-eabi/11.3.1/../../../../arm-none-eabi/lib/thumb/v7e-m+fp/hard\libc_nano.a(libc_a-puts.o)
                              ./Core/Src/main.o (puts)
E:/STM32CubeIDE_1.13.1/STM32CubeIDE/plugins/com.st.stm32cube.ide.mcu.externaltools.gnu-tools-for-stm32.11.3.rel1.win32_1.1.0.202305231506/tools/bin/../lib/gcc/arm-none-eabi/11.3.1/../../../../arm-none-eabi/lib/thumb/v7e-m+fp/hard\libc_nano.a(libc_a-sprintf.o)
                              ./Core/Src/dw_display.o (sprintf)
E:/STM32CubeIDE_1.13.1/STM32CubeIDE/plugins/com.st.stm32cube.ide.mcu.externaltools.gnu-tools-for-stm32.11.3.rel1.win32_1.1.0.202305231506/tools/bin/../lib/gcc/arm-none-eabi/11.3.1/../../../../arm-none-eabi/lib/thumb/v7e-m+fp/hard\libc_nano.a(libc_a-stdio.o)
                              E:/STM32CubeIDE_1.13.1/STM32CubeIDE/plugins/com.st.stm32cube.ide.mcu.externaltools.gnu-tools-for-stm32.11.3.rel1.win32_1.1.0.202305231506/tools/bin/../lib/gcc/arm-none-eabi/11.3.1/../../../../arm-none-eabi/lib/thumb/v7e-m+fp/hard\libc_nano.a(libc_a-findfp.o) (__sread)
E:/STM32CubeIDE_1.13.1/STM32CubeIDE/plugins/com.st.stm32cube.ide.mcu.externaltools.gnu-tools-for-stm32.11.3.rel1.win32_1.1.0.202305231506/tools/bin/../lib/gcc/arm-none-eabi/11.3.1/../../../../arm-none-eabi/lib/thumb/v7e-m+fp/hard\libc_nano.a(libc_a-wbuf.o)
                              E:/STM32CubeIDE_1.13.1/STM32CubeIDE/plugins/com.st.stm32cube.ide.mcu.externaltools.gnu-tools-for-stm32.11.3.rel1.win32_1.1.0.202305231506/tools/bin/../lib/gcc/arm-none-eabi/11.3.1/../../../../arm-none-eabi/lib/thumb/v7e-m+fp/hard\libc_nano.a(libc_a-puts.o) (__swbuf_r)
E:/STM32CubeIDE_1.13.1/STM32CubeIDE/plugins/com.st.stm32cube.ide.mcu.externaltools.gnu-tools-for-stm32.11.3.rel1.win32_1.1.0.202305231506/tools/bin/../lib/gcc/arm-none-eabi/11.3.1/../../../../arm-none-eabi/lib/thumb/v7e-m+fp/hard\libc_nano.a(libc_a-wsetup.o)
                              E:/STM32CubeIDE_1.13.1/STM32CubeIDE/plugins/com.st.stm32cube.ide.mcu.externaltools.gnu-tools-for-stm32.11.3.rel1.win32_1.1.0.202305231506/tools/bin/../lib/gcc/arm-none-eabi/11.3.1/../../../../arm-none-eabi/lib/thumb/v7e-m+fp/hard\libc_nano.a(libc_a-puts.o) (__swsetup_r)
E:/STM32CubeIDE_1.13.1/STM32CubeIDE/plugins/com.st.stm32cube.ide.mcu.externaltools.gnu-tools-for-stm32.11.3.rel1.win32_1.1.0.202305231506/tools/bin/../lib/gcc/arm-none-eabi/11.3.1/../../../../arm-none-eabi/lib/thumb/v7e-m+fp/hard\libc_nano.a(libc_a-memcmp.o)
                              ./Core/Src/data.o (memcmp)
E:/STM32CubeIDE_1.13.1/STM32CubeIDE/plugins/com.st.stm32cube.ide.mcu.externaltools.gnu-tools-for-stm32.11.3.rel1.win32_1.1.0.202305231506/tools/bin/../lib/gcc/arm-none-eabi/11.3.1/../../../../arm-none-eabi/lib/thumb/v7e-m+fp/hard\libc_nano.a(libc_a-memset.o)
[...]
Memory Configuration

Name             Origin             Length             Attributes
CCMRAM           0x0000000010000000 0x0000000000010000 xrw
RAM              0x0000000020000000 0x0000000000020000 xrw
FLASH            0x0000000008000000 0x0000000000100000 xr
*default*        0x0000000000000000 0xffffffffffffffff

Linker script and memory map

LOAD E:/STM32CubeIDE_1.13.1/STM32CubeIDE/plugins/com.st.stm32cube.ide.mcu.externaltools.gnu-tools-for-stm32.11.3.rel1.win32_1.1.0.202305231506/tools/bin/../lib/gcc/arm-none-eabi/11.3.1/thumb/v7e-m+fp/hard/crti.o
LOAD E:/STM32CubeIDE_1.13.1/STM32CubeIDE/plugins/com.st.stm32cube.ide.mcu.externaltools.gnu-tools-for-stm32.11.3.rel1.win32_1.1.0.202305231506/tools/bin/../lib/gcc/arm-none-eabi/11.3.1/thumb/v7e-m+fp/hard/crtbegin.o
LOAD E:/STM32CubeIDE_1.13.1/STM32CubeIDE/plugins/com.st.stm32cube.ide.mcu.externaltools.gnu-tools-for-stm32.11.3.rel1.win32_1.1.0.202305231506/tools/bin/../lib/gcc/arm-none-eabi/11.3.1/../../../../arm-none-eabi/lib/thumb/v7e-m+fp/hard/crt0.o
LOAD ./Core/Src/data.o
LOAD ./Core/Src/dw_display.o
LOAD ./Core/Src/flash.o
LOAD ./Core/Src/main.o
LOAD ./Core/Src/motor.o
LOAD ./Core/Src/program_process.o
LOAD ./Core/Src/step_drying_process.o
LOAD ./Core/Src/step_shake_process.o
LOAD ./Core/Src/step_washing_process.o
LOAD ./Core/Src/stm32f4xx_hal_msp.o
LOAD ./Core/Src/stm32f4xx_it.o
LOAD ./Core/Src/syscalls.o
LOAD ./Core/Src/sysmem.o
LOAD ./Core/Src/system_stm32f4xx.o
LOAD ./Core/Src/uart.o
LOAD ./Core/Startup/startup_stm32f407vgtx.o
LOAD ./Drivers/STM32F4xx_HAL_Driver/Src/stm32f4xx_hal.o
LOAD ./Drivers/STM32F4xx_HAL_Driver/Src/stm32f4xx_hal_cortex.o
LOAD ./Drivers/STM32F4xx_HAL_Driver/Src/stm32f4xx_hal_dma.o
LOAD ./Drivers/STM32F4xx_HAL_Driver/Src/stm32f4xx_hal_dma_ex.o
LOAD ./Drivers/STM32F4xx_HAL_Driver/Src/stm32f4xx_hal_exti.o
LOAD ./Drivers/STM32F4xx_HAL_Driver/Src/stm32f4xx_hal_flash.o
LOAD ./Drivers/STM32F4xx_HAL_Driver/Src/stm32f4xx_hal_flash_ex.o
LOAD ./Drivers/STM32F4xx_HAL_Driver/Src/stm32f4xx_hal_flash_ramfunc.o
LOAD ./Drivers/STM32F4xx_HAL_Driver/Src/stm32f4xx_hal_gpio.o
LOAD ./Drivers/STM32F4xx_HAL_Driver/Src/stm32f4xx_hal_i2c.o
LOAD ./Drivers/STM32F4xx_HAL_Driver/Src/stm32f4xx_hal_i2c_ex.o
LOAD ./Drivers/STM32F4xx_HAL_Driver/Src/stm32f4xx_hal_pcd.o
LOAD ./Drivers/STM32F4xx_HAL_Driver/Src/stm32f4xx_hal_pcd_ex.o
LOAD ./Drivers/STM32F4xx_HAL_Driver/Src/stm32f4xx_hal_pwr.o
LOAD ./Drivers/STM32F4xx_HAL_Driver/Src/stm32f4xx_hal_pwr_ex.o
LOAD ./Drivers/STM32F4xx_HAL_Driver/Src/stm32f4xx_hal_rcc.o
LOAD ./Drivers/STM32F4xx_HAL_Driver/Src/stm32f4xx_hal_rcc_ex.o
LOAD ./Drivers/STM32F4xx_HAL_Driver/Src/stm32f4xx_hal_spi.o
LOAD ./Drivers/STM32F4xx_HAL_Driver/Src/stm32f4xx_hal_tim.o
LOAD ./Drivers/STM32F4xx_HAL_Driver/Src/stm32f4xx_hal_tim_ex.o
LOAD ./Drivers/STM32F4xx_HAL_Driver/Src/stm32f4xx_hal_uart.o
LOAD ./Drivers/STM32F4xx_HAL_Driver/Src/stm32f4xx_ll_usb.o
LOAD ./Middlewares/ST/STM32_USB_Device_Library/Class/CDC/Src/usbd_cdc.o
LOAD ./Middlewares/ST/STM32_USB_Device_Library/Core/Src/usbd_core.o
LOAD ./Middlewares/ST/STM32_USB_Device_Library/Core/Src/usbd_ctlreq.o
LOAD ./Middlewares/ST/STM32_USB_Device_Library/Core/Src/usbd_ioreq.o
LOAD ./USB_DEVICE/App/usb_device.o
LOAD ./USB_DEVICE/App/usbd_cdc_if.o
LOAD ./USB_DEVICE/App/usbd_desc.o
LOAD ./USB_DEVICE/Target/usbd_conf.o
START GROUP
LOAD E:/STM32CubeIDE_1.13.1/STM32CubeIDE/plugins/com.st.stm32cube.ide.mcu.externaltools.gnu-tools-for-stm32.11.3.rel1.win32_1.1.0.202305231506/tools/bin/../lib/gcc/arm-none-eabi/11.3.1/../../../../arm-none-eabi/lib/thumb/v7e-m+fp/hard\libc_nano.a
LOAD E:/STM32CubeIDE_1.13.1/STM32CubeIDE/plugins/com.st.stm32cube.ide.mcu.externaltools.gnu-tools-for-stm32.11.3.rel1.win32_1.1.0.202305231506/tools/bin/../lib/gcc/arm-none-eabi/11.3.1/../../../../arm-none-eabi/lib/thumb/v7e-m+fp/hard\libm.a
END GROUP
START GROUP
LOAD E:/STM32CubeIDE_1.13.1/STM32CubeIDE/plugins/com.st.stm32cube.ide.mcu.externaltools.gnu-tools-for-stm32.11.3.rel1.win32_1.1.0.202305231506/tools/bin/../lib/gcc/arm-none-eabi/11.3.1/thumb/v7e-m+fp/hard\libgcc.a
LOAD E:/STM32CubeIDE_1.13.1/STM32CubeIDE/plugins/com.st.stm32cube.ide.mcu.externaltools.gnu-tools-for-stm32.11.3.rel1.win32_1.1.0.202305231506/tools/bin/../lib/gcc/arm-none-eabi/11.3.1/../../../../arm-none-eabi/lib/thumb/v7e-m+fp/hard\libc_nano.a
END GROUP
START GROUP
LOAD E:/STM32CubeIDE_1.13.1/STM32CubeIDE/plugins/com.st.stm32cube.ide.mcu.externaltools.gnu-tools-for-stm32.11.3.rel1.win32_1.1.0.202305231506/tools/bin/../lib/gcc/arm-none-eabi/11.3.1/thumb/v7e-m+fp/hard\libgcc.a
LOAD E:/STM32CubeIDE_1.13.1/STM32CubeIDE/plugins/com.st.stm32cube.ide.mcu.externaltools.gnu-tools-for-stm32.11.3.rel1.win32_1.1.0.202305231506/tools/bin/../lib/gcc/arm-none-eabi/11.3.1/../../../../arm-none-eabi/lib/thumb/v7e-m+fp/hard\libc_nano.a
LOAD E:/STM32CubeIDE_1.13.1/STM32CubeIDE/plugins/com.st.stm32cube.ide.mcu.externaltools.gnu-tools-for-stm32.11.3.rel1.win32_1.1.0.202305231506/tools/bin/../lib/gcc/arm-none-eabi/11.3.1/../../../../arm-none-eabi/lib/thumb/v7e-m+fp/hard\libnosys.a
END GROUP
START GROUP
LOAD E:/STM32CubeIDE_1.13.1/STM32CubeIDE/plugins/com.st.stm32cube.ide.mcu.externaltools.gnu-tools-for-stm32.11.3.rel1.win32_1.1.0.202305231506/tools/bin/../lib/gcc/arm-none-eabi/11.3.1/thumb/v7e-m+fp/hard\libgcc.a
LOAD E:/STM32CubeIDE_1.13.1/STM32CubeIDE/plugins/com.st.stm32cube.ide.mcu.externaltools.gnu-tools-for-stm32.11.3.rel1.win32_1.1.0.202305231506/tools/bin/../lib/gcc/arm-none-eabi/11.3.1/../../../../arm-none-eabi/lib/thumb/v7e-m+fp/hard\libc_nano.a
LOAD E:/STM32CubeIDE_1.13.1/STM32CubeIDE/plugins/com.st.stm32cube.ide.mcu.externaltools.gnu-tools-for-stm32.11.3.rel1.win32_1.1.0.202305231506/tools/bin/../lib/gcc/arm-none-eabi/11.3.1/../../../../arm-none-eabi/lib/thumb/v7e-m+fp/hard\libnosys.a
END GROUP
LOAD E:/STM32CubeIDE_1.13.1/STM32CubeIDE/plugins/com.st.stm32cube.ide.mcu.externaltools.gnu-tools-for-stm32.11.3.rel1.win32_1.1.0.202305231506/tools/bin/../lib/gcc/arm-none-eabi/11.3.1/thumb/v7e-m+fp/hard/crtend.o
LOAD E:/STM32CubeIDE_1.13.1/STM32CubeIDE/plugins/com.st.stm32cube.ide.mcu.externaltools.gnu-tools-for-stm32.11.3.rel1.win32_1.1.0.202305231506/tools/bin/../lib/gcc/arm-none-eabi/11.3.1/thumb/v7e-m+fp/hard/crtn.o
                0x0000000020020000                _estack = (ORIGIN (RAM) + LENGTH (RAM))
                0x0000000000004000                _Min_Heap_Size = 0x4000
                0x0000000000008000                _Min_Stack_Size = 0x8000

.isr_vector     0x0000000008000000      0x188
                0x0000000008000000                . = ALIGN (0x4)
 *(.isr_vector)
 .isr_vector    0x0000000008000000      0x188 ./Core/Startup/startup_stm32f407vgtx.o
                0x0000000008000000                g_pfnVectors
                0x0000000008000188                . = ALIGN (0x4)

.text           0x0000000008000190     0xf340
                0x0000000008000190                . = ALIGN (0x4)
 *(.text)
 .text          0x0000000008000190       0x40 E:/STM32CubeIDE_1.13.1/STM32CubeIDE/plugins/com.st.stm32cube.ide.mcu.externaltools.gnu-tools-for-stm32.11.3.rel1.win32_1.1.0.202305231506/tools/bin/../lib/gcc/arm-none-eabi/11.3.1/thumb/v7e-m+fp/hard/crtbegin.o
 .text          0x00000000080001d0       0xa0 E:/STM32CubeIDE_1.13.1/STM32CubeIDE/plugins/com.st.stm32cube.ide.mcu.externaltools.gnu-tools-for-stm32.11.3.rel1.win32_1.1.0.202305231506/tools/bin/../lib/gcc/arm-none-eabi/11.3.1/../../../../arm-none-eabi/lib/thumb/v7e-m+fp/hard\libc_nano.a(libc_a-memchr.o)
                0x00000000080001d0                memchr
 .text          0x0000000008000270       0x30 E:/STM32CubeIDE_1.13.1/STM32CubeIDE/plugins/com.st.stm32cube.ide.mcu.externaltools.gnu-tools-for-stm32.11.3.rel1.win32_1.1.0.202305231506/tools/bin/../lib/gcc/arm-none-eabi/11.3.1/thumb/v7e-m+fp/hard\libgcc.a(_aeabi_uldivmod.o)
                0x0000000008000270                __aeabi_uldivmod
 .text          0x00000000080002a0      0x2c8 E:/STM32CubeIDE_1.13.1/STM32CubeIDE/plugins/com.st.stm32cube.ide.mcu.externaltools.gnu-tools-for-stm32.11.3.rel1.win32_1.1.0.202305231506/tools/bin/../lib/gcc/arm-none-eabi/11.3.1/thumb/v7e-m+fp/hard\libgcc.a(_udivmoddi4.o)
                0x00000000080002a0                __udivmoddi4
 .text          0x0000000008000568        0x4 E:/STM32CubeIDE_1.13.1/STM32CubeIDE/plugins/com.st.stm32cube.ide.mcu.externaltools.gnu-tools-for-stm32.11.3.rel1.win32_1.1.0.202305231506/tools/bin/../lib/gcc/arm-none-eabi/11.3.1/thumb/v7e-m+fp/hard\libgcc.a(_dvmd_tls.o)
                0x0000000008000568                __aeabi_idiv0
                0x0000000008000568                __aeabi_ldiv0
 *(.text*)
 .text.is_data_init
                0x000000000800056c       0x28 ./Core/Src/data.o
                0x000000000800056c                is_data_init
 .text.dt_calculator_step_type
                0x0000000008000594       0x3a ./Core/Src/data.o
                0x0000000008000594                dt_calculator_step_type
 *fill*         0x00000000080005ce        0x2 
 .text.dt_calculator_pg_stepnumber
                0x00000000080005d0       0x8c ./Core/Src/data.o
                0x00000000080005d0                dt_calculator_pg_stepnumber
 .text.is_step_differrent
                0x000000000800065c       0x54 ./Core/Src/data.o
                0x000000000800065c                is_step_differrent
 .text.dt_Modify_step
                0x00000000080006b0       0x7c ./Core/Src/data.o
                0x00000000080006b0                dt_Modify_step
 .text.dt_system_data_init
                0x000000000800072c       0x54 ./Core/Src/data.o
                0x000000000800072c                dt_system_data_init
 .text.dt_store_system_data
                0x0000000008000780       0x3c ./Core/Src/data.o
                0x0000000008000780                dt_store_system_data
 .text.Dw_write
                0x00000000080007bc       0x44 ./Core/Src/dw_display.o
 .text.Dwin_Write_VP
                0x0000000008000800       0xac ./Core/Src/dw_display.o
                0x0000000008000800                Dwin_Write_VP
 .text.Dwin_switch_page
                0x00000000080008ac       0x40 ./Core/Src/dw_display.o
                0x00000000080008ac                Dwin_switch_page
 .text.Dwin_switch_running_page
                0x00000000080008ec       0xbc ./Core/Src/dw_display.o
                0x00000000080008ec                Dwin_switch_running_page
 .text.Dwin_init
                0x00000000080009a8       0x2c ./Core/Src/dw_display.o
                0x00000000080009a8                Dwin_init
 .text.Dwin_reset
                0x00000000080009d4       0x24 ./Core/Src/dw_display.o
                0x00000000080009d4                Dwin_reset
 .text.dw_get_well_number
                0x00000000080009f8       0x4c ./Core/Src/dw_display.o
                0x00000000080009f8                dw_get_well_number
 .text.dw_update_setup_page
                0x0000000008000a44       0xec ./Core/Src/dw_display.o
                0x0000000008000a44                dw_update_setup_page
 .text.show_user_page
                0x0000000008000b30        0xe ./Core/Src/dw_display.o
                0x0000000008000b30                show_user_page
 *fill*         0x0000000008000b3e        0x2 
 .text.show_setup_page
                0x0000000008000b40       0x5c ./Core/Src/dw_display.o
                0x0000000008000b40                show_setup_page
 .text.dwin_update_step
                0x0000000008000b9c       0x90 ./Core/Src/dw_display.o
                0x0000000008000b9c                dwin_update_step
 .text.dwin_start_program
                0x0000000008000c2c       0x58 ./Core/Src/dw_display.o
                0x0000000008000c2c                dwin_start_program
 .text.Update_color
                0x0000000008000c84      0x130 ./Core/Src/dw_display.o
                0x0000000008000c84                Update_color
 .text.dw_return_previous_page
                0x0000000008000db4       0x48 ./Core/Src/dw_display.o
                0x0000000008000db4                dw_return_previous_page
 .text.dwin_change_target_well
                0x0000000008000dfc       0x88 ./Core/Src/dw_display.o
                0x0000000008000dfc                dwin_change_target_well
 .text.dw_process_rx_buffer
                0x0000000008000e84      0x384 ./Core/Src/dw_display.o
                0x0000000008000e84                dw_process_rx_buffer
 .text.dw_update_steper_positon
                0x0000000008001208       0xa4 ./Core/Src/dw_display.o
                0x0000000008001208                dw_update_steper_positon
 .text.dwin_change_color_sp
                0x00000000080012ac       0x28 ./Core/Src/dw_display.o
                0x00000000080012ac                dwin_change_color_sp
 .text.dwin_log_change_len
                0x00000000080012d4       0x34 ./Core/Src/dw_display.o
                0x00000000080012d4                dwin_log_change_len
 .text.dwin_log_visiable
                0x0000000008001308       0x3c ./Core/Src/dw_display.o
                0x0000000008001308                dwin_log_visiable
 .text.dwin_log_timeout
                0x0000000008001344       0x28 ./Core/Src/dw_display.o
                0x0000000008001344                dwin_log_timeout
 .text.checkData
                0x000000000800136c       0x48 ./Core/Src/dw_display.o
                0x000000000800136c                checkData
 .text.write_flash
                0x00000000080013b4       0x7c ./Core/Src/flash.o
                0x00000000080013b4                write_flash
 .text.read_flash
                0x0000000008001430       0x40 ./Core/Src/flash.o
                0x0000000008001430                read_flash
 .text.debug_process
                0x0000000008001470       0x8c ./Core/Src/main.o
                0x0000000008001470                debug_process
 .text._write   0x00000000080014fc       0x8c ./Core/Src/main.o
                0x00000000080014fc                _write
 .text.HAL_TIM_PWM_PulseFinishedCallback
                0x0000000008001588       0x34 ./Core/Src/main.o
                0x0000000008001588                HAL_TIM_PWM_PulseFinishedCallback
 .text.main     0x00000000080015bc      0x128 ./Core/Src/main.o
                0x00000000080015bc                main
 .text.SystemClock_Config
                0x00000000080016e4       0xd4 ./Core/Src/main.o
                0x00000000080016e4                SystemClock_Config
 .text.MX_I2C1_Init
                0x00000000080017b8       0x5c ./Core/Src/main.o
 .text.MX_SPI1_Init
                0x0000000008001814       0x6c ./Core/Src/main.o
 .text.MX_TIM1_Init
                0x0000000008001880      0x144 ./Core/Src/main.o
 .text.MX_TIM2_Init
                0x00000000080019c4       0x9c ./Core/Src/main.o
 .text.MX_TIM3_Init
                0x0000000008001a60       0xf0 ./Core/Src/main.o
 .text.MX_TIM5_Init
                0x0000000008001b50       0xa0 ./Core/Src/main.o
 .text.MX_TIM8_Init
                0x0000000008001bf0       0x78 ./Core/Src/main.o
 .text.MX_USART2_UART_Init
                0x0000000008001c68       0x54 ./Core/Src/main.o
 .text.MX_DMA_Init
                0x0000000008001cbc       0x7c ./Core/Src/main.o
 .text.MX_GPIO_Init
                0x0000000008001d38      0x284 ./Core/Src/main.o
 .text.Error_Handler
                0x0000000008001fbc        0xa ./Core/Src/main.o
                0x0000000008001fbc                Error_Handler
 *fill*         0x0000000008001fc6        0x2 
 .text.HAL_TIM_PeriodElapsedCallback
                0x0000000008001fc8       0x4c ./Core/Src/motor.o
                0x0000000008001fc8                HAL_TIM_PeriodElapsedCallback
 .text.mt_move_to_home
                0x0000000008002014       0x22 ./Core/Src/motor.o
                0x0000000008002014                mt_move_to_home
 .text.isMotor_atHome
                0x0000000008002036       0x22 ./Core/Src/motor.o
                0x0000000008002036                isMotor_atHome
 .text.mt_set_target_position
                0x0000000008002058       0x1c ./Core/Src/motor.o
                0x0000000008002058                mt_set_target_position
 .text.x_mt_set_dir
                0x0000000008002074       0x68 ./Core/Src/motor.o
                0x0000000008002074                x_mt_set_dir
 .text.x_mt_start
                0x00000000080020dc       0x14 ./Core/Src/motor.o
                0x00000000080020dc                x_mt_start
 .text.x_mt_stop
                0x00000000080020f0       0x34 ./Core/Src/motor.o
                0x00000000080020f0                x_mt_stop
 .text.x_set_current_position
                0x0000000008002124       0x2c ./Core/Src/motor.o
                0x0000000008002124                x_set_current_position
 .text.x_step_mt_int
                0x0000000008002150       0x48 ./Core/Src/motor.o
                0x0000000008002150                x_step_mt_int
 .text.step_mt_move_foward
                0x0000000008002198       0x38 ./Core/Src/motor.o
                0x0000000008002198                step_mt_move_foward
 .text.step_mt_move_backward
                0x00000000080021d0       0x38 ./Core/Src/motor.o
                0x00000000080021d0                step_mt_move_backward
 .text.x_step_motor_home_position
                0x0000000008002208       0x5c ./Core/Src/motor.o
                0x0000000008002208                x_step_motor_home_position
 .text.home_process
                0x0000000008002264       0x80 ./Core/Src/motor.o
                0x0000000008002264                home_process
 .text.x_step_motor_process
                0x00000000080022e4       0xdc ./Core/Src/motor.o
                0x00000000080022e4                x_step_motor_process
 .text.z_mt_set_dir
                0x00000000080023c0       0x64 ./Core/Src/motor.o
                0x00000000080023c0                z_mt_set_dir
 .text.z_mt_start
                0x0000000008002424       0x14 ./Core/Src/motor.o
                0x0000000008002424                z_mt_start
 .text.z_mt_stop
                0x0000000008002438       0x34 ./Core/Src/motor.o
                0x0000000008002438                z_mt_stop
 .text.z_set_current_position
                0x000000000800246c       0x2c ./Core/Src/motor.o
                0x000000000800246c                z_set_current_position
 .text.z_step_mt_int
                0x0000000008002498       0x44 ./Core/Src/motor.o
                0x0000000008002498                z_step_mt_int
 .text.z_step_motor_home_position
                0x00000000080024dc       0x58 ./Core/Src/motor.o
                0x00000000080024dc                z_step_motor_home_position
 .text.z_step_motor_process
                0x0000000008002534      0x100 ./Core/Src/motor.o
                0x0000000008002534                z_step_motor_process
 .text.pg_start
                0x0000000008002634       0x84 ./Core/Src/program_process.o
                0x0000000008002634                pg_start
 .text.pg_stop  0x00000000080026b8       0x1c ./Core/Src/program_process.o
                0x00000000080026b8                pg_stop
 .text.start_step
                0x00000000080026d4      0x190 ./Core/Src/program_process.o
                0x00000000080026d4                start_step
 .text.pg_process_loop
                0x0000000008002864      0x270 ./Core/Src/program_process.o
                0x0000000008002864                pg_process_loop
 .text.step_drying_start
                0x0000000008002ad4       0x7c ./Core/Src/step_drying_process.o
                0x0000000008002ad4                step_drying_start
 .text.heater_on
                0x0000000008002b50       0x38 ./Core/Src/step_drying_process.o
                0x0000000008002b50                heater_on
 .text.heater_off
                0x0000000008002b88       0x38 ./Core/Src/step_drying_process.o
                0x0000000008002b88                heater_off
 .text.show_infor_drying_step
                0x0000000008002bc0       0xac ./Core/Src/step_drying_process.o
                0x0000000008002bc0                show_infor_drying_step
 .text.step_drying_stop
                0x0000000008002c6c       0x18 ./Core/Src/step_drying_process.o
                0x0000000008002c6c                step_drying_stop
 .text.step_drying_process
                0x0000000008002c84      0x254 ./Core/Src/step_drying_process.o
                0x0000000008002c84                step_drying_process
 .text.step_shake_start
                0x0000000008002ed8       0x5c ./Core/Src/step_shake_process.o
                0x0000000008002ed8                step_shake_start
 .text.step_shake_stop
                0x0000000008002f34       0x1c ./Core/Src/step_shake_process.o
                0x0000000008002f34                step_shake_stop
 .text.show_infor_shake_step
                0x0000000008002f50       0xe8 ./Core/Src/step_shake_process.o
                0x0000000008002f50                show_infor_shake_step
 .text.step_shake_process
                0x0000000008003038      0x37c ./Core/Src/step_shake_process.o
                0x0000000008003038                step_shake_process
 .text.set_timeout_for_fill_drain
                0x00000000080033b4       0x2c ./Core/Src/step_washing_process.o
                0x00000000080033b4                set_timeout_for_fill_drain
 .text.start_fill_washing_solution
                0x00000000080033e0       0x38 ./Core/Src/step_washing_process.o
                0x00000000080033e0                start_fill_washing_solution
 .text.is_washing_solution_full
                0x0000000008003418       0x10 ./Core/Src/step_washing_process.o
                0x0000000008003418                is_washing_solution_full
 .text.stop_fill_washing_solution
                0x0000000008003428       0x30 ./Core/Src/step_washing_process.o
                0x0000000008003428                stop_fill_washing_solution
 .text.start_drain_washing_solution
                0x0000000008003458       0x38 ./Core/Src/step_washing_process.o
                0x0000000008003458                start_drain_washing_solution
 .text.is_washing_solution_empty
                0x0000000008003490       0x10 ./Core/Src/step_washing_process.o
                0x0000000008003490                is_washing_solution_empty
 .text.stop_drain_washing_solution
                0x00000000080034a0       0x30 ./Core/Src/step_washing_process.o
                0x00000000080034a0                stop_drain_washing_solution
 .text.step_washing_start
                0x00000000080034d0       0x7c ./Core/Src/step_washing_process.o
                0x00000000080034d0                step_washing_start
 .text.step_washing_stop
                0x000000000800354c       0x1c ./Core/Src/step_washing_process.o
                0x000000000800354c                step_washing_stop
 .text.show_infor_washing_step
                0x0000000008003568       0xe8 ./Core/Src/step_washing_process.o
                0x0000000008003568                show_infor_washing_step
 .text.step_washing_process
                0x0000000008003650      0x4c4 ./Core/Src/step_washing_process.o
                0x0000000008003650                step_washing_process
 .text.HAL_MspInit
                0x0000000008003b14       0x50 ./Core/Src/stm32f4xx_hal_msp.o
                0x0000000008003b14                HAL_MspInit
 .text.HAL_I2C_MspInit
                0x0000000008003b64       0x90 ./Core/Src/stm32f4xx_hal_msp.o
                0x0000000008003b64                HAL_I2C_MspInit
 .text.HAL_SPI_MspInit
                0x0000000008003bf4       0x90 ./Core/Src/stm32f4xx_hal_msp.o
                0x0000000008003bf4                HAL_SPI_MspInit
 .text.HAL_TIM_Base_MspInit
                0x0000000008003c84      0x148 ./Core/Src/stm32f4xx_hal_msp.o
                0x0000000008003c84                HAL_TIM_Base_MspInit
 .text.HAL_TIM_OnePulse_MspInit
                0x0000000008003dcc       0x44 ./Core/Src/stm32f4xx_hal_msp.o
                0x0000000008003dcc                HAL_TIM_OnePulse_MspInit
 .text.HAL_TIM_MspPostInit
                0x0000000008003e10       0xc4 ./Core/Src/stm32f4xx_hal_msp.o
                0x0000000008003e10                HAL_TIM_MspPostInit
 .text.HAL_UART_MspInit
                0x0000000008003ed4      0x168 ./Core/Src/stm32f4xx_hal_msp.o
                0x0000000008003ed4                HAL_UART_MspInit
 .text.NMI_Handler
                0x000000000800403c        0x6 ./Core/Src/stm32f4xx_it.o
                0x000000000800403c                NMI_Handler
 .text.HardFault_Handler
                0x0000000008004042        0x6 ./Core/Src/stm32f4xx_it.o
                0x0000000008004042                HardFault_Handler
 .text.MemManage_Handler
                0x0000000008004048        0x6 ./Core/Src/stm32f4xx_it.o
                0x0000000008004048                MemManage_Handler
 .text.BusFault_Handler
                0x000000000800404e        0x6 ./Core/Src/stm32f4xx_it.o
                0x000000000800404e                BusFault_Handler
 .text.UsageFault_Handler
                0x0000000008004054        0x6 ./Core/Src/stm32f4xx_it.o
                0x0000000008004054                UsageFault_Handler
 .text.SVC_Handler
                0x000000000800405a        0xe ./Core/Src/stm32f4xx_it.o
                0x000000000800405a                SVC_Handler
 .text.DebugMon_Handler
                0x0000000008004068        0xe ./Core/Src/stm32f4xx_it.o
                0x0000000008004068                DebugMon_Handler
 .text.PendSV_Handler
                0x0000000008004076        0xe ./Core/Src/stm32f4xx_it.o
                0x0000000008004076                PendSV_Handler
 .text.SysTick_Handler
                0x0000000008004084        0xc ./Core/Src/stm32f4xx_it.o
                0x0000000008004084                SysTick_Handler
 .text.DMA1_Stream5_IRQHandler
                0x0000000008004090       0x14 ./Core/Src/stm32f4xx_it.o
                0x0000000008004090                DMA1_Stream5_IRQHandler
 .text.DMA1_Stream6_IRQHandler
                0x00000000080040a4       0x14 ./Core/Src/stm32f4xx_it.o
                0x00000000080040a4                DMA1_Stream6_IRQHandler
 .text.TIM2_IRQHandler
                0x00000000080040b8       0x14 ./Core/Src/stm32f4xx_it.o
                0x00000000080040b8                TIM2_IRQHandler
 .text.USART2_IRQHandler
                0x00000000080040cc       0x14 ./Core/Src/stm32f4xx_it.o
                0x00000000080040cc                USART2_IRQHandler
 .text.TIM5_IRQHandler
                0x00000000080040e0       0x14 ./Core/Src/stm32f4xx_it.o
                0x00000000080040e0                TIM5_IRQHandler
 .text.DMA2_Stream1_IRQHandler
                0x00000000080040f4       0x14 ./Core/Src/stm32f4xx_it.o
                0x00000000080040f4                DMA2_Stream1_IRQHandler
 .text.OTG_FS_IRQHandler
                0x0000000008004108       0x14 ./Core/Src/stm32f4xx_it.o
                0x0000000008004108                OTG_FS_IRQHandler
 .text._read    0x000000000800411c       0x3a ./Core/Src/syscalls.o
                0x000000000800411c                _read
 .text._close   0x0000000008004156       0x18 ./Core/Src/syscalls.o
                0x0000000008004156                _close
 .text._fstat   0x000000000800416e       0x20 ./Core/Src/syscalls.o
                0x000000000800416e                _fstat
 .text._isatty  0x000000000800418e       0x16 ./Core/Src/syscalls.o
                0x000000000800418e                _isatty
 .text._lseek   0x00000000080041a4       0x1a ./Core/Src/syscalls.o
                0x00000000080041a4                _lseek
 *fill*         0x00000000080041be        0x2 
 .text._sbrk    0x00000000080041c0       0x6c ./Core/Src/sysmem.o
                0x00000000080041c0                _sbrk
 .text.SystemInit
                0x000000000800422c       0x24 ./Core/Src/system_stm32f4xx.o
                0x000000000800422c                SystemInit
 .text.HAL_UART_TxCpltCallback
                0x0000000008004250       0x94 ./Core/Src/uart.o
                0x0000000008004250                HAL_UART_TxCpltCallback
 .text.uart_transmit
                0x00000000080042e4       0xf0 ./Core/Src/uart.o
                0x00000000080042e4                uart_transmit
 .text.uart_dma_start
                0x00000000080043d4       0x28 ./Core/Src/uart.o
                0x00000000080043d4                uart_dma_start
 .text.uart_dma_stop
                0x00000000080043fc       0x14 ./Core/Src/uart.o
                0x00000000080043fc                uart_dma_stop
 .text.HAL_UART_RxCpltCallback
                0x0000000008004410       0x18 ./Core/Src/uart.o
                0x0000000008004410                HAL_UART_RxCpltCallback
 .text.uart_process
                0x0000000008004428       0x90 ./Core/Src/uart.o
                0x0000000008004428                uart_process
 .text.uart_transmit_block
                0x00000000080044b8       0x26 ./Core/Src/uart.o
                0x00000000080044b8                uart_transmit_block
 *fill*         0x00000000080044de        0x2 
 .text.Reset_Handler
                0x00000000080044e0       0x50 ./Core/Startup/startup_stm32f407vgtx.o
                0x00000000080044e0                Reset_Handler
 .text.Default_Handler
                0x0000000008004530        0x2 ./Core/Startup/startup_stm32f407vgtx.o
                0x0000000008004530                RTC_Alarm_IRQHandler
                0x0000000008004530                HASH_RNG_IRQHandler
                0x0000000008004530                EXTI2_IRQHandler
                0x0000000008004530                TIM8_CC_IRQHandler
                0x0000000008004530                TIM1_CC_IRQHandler
                0x0000000008004530                DMA2_Stream5_IRQHandler
                0x0000000008004530                PVD_IRQHandler
                0x0000000008004530                SDIO_IRQHandler
                0x0000000008004530                TAMP_STAMP_IRQHandler
                0x0000000008004530                CAN2_RX1_IRQHandler
                0x0000000008004530                EXTI3_IRQHandler
                0x0000000008004530                TIM8_TRG_COM_TIM14_IRQHandler
                0x0000000008004530                TIM1_UP_TIM10_IRQHandler
                0x0000000008004530                TIM8_UP_TIM13_IRQHandler
                0x0000000008004530                I2C3_ER_IRQHandler
                0x0000000008004530                EXTI0_IRQHandler
                0x0000000008004530                I2C2_EV_IRQHandler
                0x0000000008004530                DMA1_Stream2_IRQHandler
                0x0000000008004530                CAN1_RX0_IRQHandler
                0x0000000008004530                FPU_IRQHandler
                0x0000000008004530                OTG_HS_WKUP_IRQHandler
                0x0000000008004530                CAN2_SCE_IRQHandler
                0x0000000008004530                DMA2_Stream2_IRQHandler
                0x0000000008004530                SPI1_IRQHandler
                0x0000000008004530                TIM6_DAC_IRQHandler
                0x0000000008004530                TIM1_BRK_TIM9_IRQHandler
                0x0000000008004530                DCMI_IRQHandler
                0x0000000008004530                CAN2_RX0_IRQHandler
                0x0000000008004530                DMA2_Stream3_IRQHandler
                0x0000000008004530                USART6_IRQHandler
                0x0000000008004530                USART3_IRQHandler
                0x0000000008004530                CAN1_RX1_IRQHandler
                0x0000000008004530                UART5_IRQHandler
                0x0000000008004530                DMA2_Stream0_IRQHandler
                0x0000000008004530                TIM4_IRQHandler
                0x0000000008004530                I2C1_EV_IRQHandler
                0x0000000008004530                DMA1_Stream1_IRQHandler
                0x0000000008004530                UART4_IRQHandler
                0x0000000008004530                TIM3_IRQHandler
                0x0000000008004530                RCC_IRQHandler
                0x0000000008004530                TIM8_BRK_TIM12_IRQHandler
                0x0000000008004530                Default_Handler
                0x0000000008004530                EXTI15_10_IRQHandler
                0x0000000008004530                ADC_IRQHandler
                0x0000000008004530                DMA1_Stream7_IRQHandler
                0x0000000008004530                TIM7_IRQHandler
                0x0000000008004530                CAN2_TX_IRQHandler
                0x0000000008004530                DMA2_Stream7_IRQHandler
                0x0000000008004530                I2C3_EV_IRQHandler
                0x0000000008004530                EXTI9_5_IRQHandler
                0x0000000008004530                RTC_WKUP_IRQHandler
                0x0000000008004530                ETH_WKUP_IRQHandler
                0x0000000008004530                SPI2_IRQHandler
                0x0000000008004530                OTG_HS_EP1_IN_IRQHandler
                0x0000000008004530                DMA1_Stream0_IRQHandler
                0x0000000008004530                CAN1_TX_IRQHandler
                0x0000000008004530                EXTI4_IRQHandler
                0x0000000008004530                FSMC_IRQHandler
                0x0000000008004530                ETH_IRQHandler
                0x0000000008004530                OTG_HS_EP1_OUT_IRQHandler
                0x0000000008004530                WWDG_IRQHandler
                0x0000000008004530                OTG_FS_WKUP_IRQHandler
                0x0000000008004530                TIM1_TRG_COM_TIM11_IRQHandler
                0x0000000008004530                OTG_HS_IRQHandler
                0x0000000008004530                EXTI1_IRQHandler
                0x0000000008004530                I2C2_ER_IRQHandler
                0x0000000008004530                CAN1_SCE_IRQHandler
                0x0000000008004530                FLASH_IRQHandler
                0x0000000008004530                DMA2_Stream4_IRQHandler
                0x0000000008004530                USART1_IRQHandler
                0x0000000008004530                SPI3_IRQHandler
                0x0000000008004530                DMA1_Stream4_IRQHandler
                0x0000000008004530                I2C1_ER_IRQHandler
                0x0000000008004530                DMA2_Stream6_IRQHandler
                0x0000000008004530                DMA1_Stream3_IRQHandler
 *fill*         0x0000000008004532        0x2 
 .text.HAL_Init
                0x0000000008004534       0x44 ./Drivers/STM32F4xx_HAL_Driver/Src/stm32f4xx_hal.o
                0x0000000008004534                HAL_Init
 .text.HAL_InitTick
                0x0000000008004578       0x60 ./Drivers/STM32F4xx_HAL_Driver/Src/stm32f4xx_hal.o
                0x0000000008004578                HAL_InitTick
 .text.HAL_IncTick
                0x00000000080045d8       0x28 ./Drivers/STM32F4xx_HAL_Driver/Src/stm32f4xx_hal.o
                0x00000000080045d8                HAL_IncTick
 .text.HAL_GetTick
                0x0000000008004600       0x18 ./Drivers/STM32F4xx_HAL_Driver/Src/stm32f4xx_hal.o
                0x0000000008004600                HAL_GetTick
 .text.HAL_Delay
                0x0000000008004618       0x48 ./Drivers/STM32F4xx_HAL_Driver/Src/stm32f4xx_hal.o
                0x0000000008004618                HAL_Delay
 .text.__NVIC_SetPriorityGrouping
                0x0000000008004660       0x48 ./Drivers/STM32F4xx_HAL_Driver/Src/stm32f4xx_hal_cortex.o
 .text.__NVIC_GetPriorityGrouping
                0x00000000080046a8       0x1c ./Drivers/STM32F4xx_HAL_Driver/Src/stm32f4xx_hal_cortex.o
 .text.__NVIC_EnableIRQ
                0x00000000080046c4       0x3c ./Drivers/STM32F4xx_HAL_Driver/Src/stm32f4xx_hal_cortex.o
 .text.__NVIC_SetPriority
                0x0000000008004700       0x54 ./Drivers/STM32F4xx_HAL_Driver/Src/stm32f4xx_hal_cortex.o
 .text.NVIC_EncodePriority
                0x0000000008004754       0x66 ./Drivers/STM32F4xx_HAL_Driver/Src/stm32f4xx_hal_cortex.o
 *fill*         0x00000000080047ba        0x2 
 .text.SysTick_Config
                0x00000000080047bc       0x44 ./Drivers/STM32F4xx_HAL_Driver/Src/stm32f4xx_hal_cortex.o
 .text.HAL_NVIC_SetPriorityGrouping
                0x0000000008004800       0x16 ./Drivers/STM32F4xx_HAL_Driver/Src/stm32f4xx_hal_cortex.o
                0x0000000008004800                HAL_NVIC_SetPriorityGrouping
 .text.HAL_NVIC_SetPriority
                0x0000000008004816       0x38 ./Drivers/STM32F4xx_HAL_Driver/Src/stm32f4xx_hal_cortex.o
                0x0000000008004816                HAL_NVIC_SetPriority
 .text.HAL_NVIC_EnableIRQ
                0x000000000800484e       0x1c ./Drivers/STM32F4xx_HAL_Driver/Src/stm32f4xx_hal_cortex.o
                0x000000000800484e                HAL_NVIC_EnableIRQ
 .text.HAL_SYSTICK_Config
                0x000000000800486a       0x18 ./Drivers/STM32F4xx_HAL_Driver/Src/stm32f4xx_hal_cortex.o
                0x000000000800486a                HAL_SYSTICK_Config
 *fill*         0x0000000008004882        0x2 
 .text.HAL_DMA_Init
                0x0000000008004884      0x15c ./Drivers/STM32F4xx_HAL_Driver/Src/stm32f4xx_hal_dma.o
                0x0000000008004884                HAL_DMA_Init
 .text.HAL_DMA_Start_IT
                0x00000000080049e0       0xb0 ./Drivers/STM32F4xx_HAL_Driver/Src/stm32f4xx_hal_dma.o
                0x00000000080049e0                HAL_DMA_Start_IT
 .text.HAL_DMA_Abort
                0x0000000008004a90       0xe0 ./Drivers/STM32F4xx_HAL_Driver/Src/stm32f4xx_hal_dma.o
                0x0000000008004a90                HAL_DMA_Abort
 .text.HAL_DMA_Abort_IT
                0x0000000008004b70       0x44 ./Drivers/STM32F4xx_HAL_Driver/Src/stm32f4xx_hal_dma.o
                0x0000000008004b70                HAL_DMA_Abort_IT
 .text.HAL_DMA_IRQHandler
                0x0000000008004bb4      0x314 ./Drivers/STM32F4xx_HAL_Driver/Src/stm32f4xx_hal_dma.o
                0x0000000008004bb4                HAL_DMA_IRQHandler
 .text.DMA_SetConfig
                0x0000000008004ec8       0x5c ./Drivers/STM32F4xx_HAL_Driver/Src/stm32f4xx_hal_dma.o
 .text.DMA_CalcBaseAndBitshift
                0x0000000008004f24       0x6c ./Drivers/STM32F4xx_HAL_Driver/Src/stm32f4xx_hal_dma.o
 .text.DMA_CheckFifoParam
                0x0000000008004f90       0xf8 ./Drivers/STM32F4xx_HAL_Driver/Src/stm32f4xx_hal_dma.o
 .text.HAL_FLASH_Program
                0x0000000008005088       0xa8 ./Drivers/STM32F4xx_HAL_Driver/Src/stm32f4xx_hal_flash.o
                0x0000000008005088                HAL_FLASH_Program
 .text.HAL_FLASH_Unlock
                0x0000000008005130       0x44 ./Drivers/STM32F4xx_HAL_Driver/Src/stm32f4xx_hal_flash.o
                0x0000000008005130                HAL_FLASH_Unlock
 .text.HAL_FLASH_Lock
                0x0000000008005174       0x20 ./Drivers/STM32F4xx_HAL_Driver/Src/stm32f4xx_hal_flash.o
                0x0000000008005174                HAL_FLASH_Lock
 .text.FLASH_WaitForLastOperation
                0x0000000008005194       0x80 ./Drivers/STM32F4xx_HAL_Driver/Src/stm32f4xx_hal_flash.o
                0x0000000008005194                FLASH_WaitForLastOperation
 .text.FLASH_Program_DoubleWord
                0x0000000008005214       0x64 ./Drivers/STM32F4xx_HAL_Driver/Src/stm32f4xx_hal_flash.o
 .text.FLASH_Program_Word
                0x0000000008005278       0x44 ./Drivers/STM32F4xx_HAL_Driver/Src/stm32f4xx_hal_flash.o
 .text.FLASH_Program_HalfWord
                0x00000000080052bc       0x48 ./Drivers/STM32F4xx_HAL_Driver/Src/stm32f4xx_hal_flash.o
 .text.FLASH_Program_Byte
                0x0000000008005304       0x44 ./Drivers/STM32F4xx_HAL_Driver/Src/stm32f4xx_hal_flash.o
 .text.FLASH_SetErrorCode
                0x0000000008005348       0xac ./Drivers/STM32F4xx_HAL_Driver/Src/stm32f4xx_hal_flash.o
 .text.FLASH_Erase_Sector
                0x00000000080053f4       0x90 ./Drivers/STM32F4xx_HAL_Driver/Src/stm32f4xx_hal_flash_ex.o
                0x00000000080053f4                FLASH_Erase_Sector
 .text.HAL_GPIO_Init
                0x0000000008005484      0x338 ./Drivers/STM32F4xx_HAL_Driver/Src/stm32f4xx_hal_gpio.o
                0x0000000008005484                HAL_GPIO_Init
 .text.HAL_GPIO_ReadPin
                0x00000000080057bc       0x30 ./Drivers/STM32F4xx_HAL_Driver/Src/stm32f4xx_hal_gpio.o
                0x00000000080057bc                HAL_GPIO_ReadPin
 .text.HAL_GPIO_WritePin
                0x00000000080057ec       0x32 ./Drivers/STM32F4xx_HAL_Driver/Src/stm32f4xx_hal_gpio.o
                0x00000000080057ec                HAL_GPIO_WritePin
 .text.HAL_GPIO_TogglePin
                0x000000000800581e       0x34 ./Drivers/STM32F4xx_HAL_Driver/Src/stm32f4xx_hal_gpio.o
                0x000000000800581e                HAL_GPIO_TogglePin
 *fill*         0x0000000008005852        0x2 
 .text.HAL_I2C_Init
                0x0000000008005854      0x288 ./Drivers/STM32F4xx_HAL_Driver/Src/stm32f4xx_hal_i2c.o
                0x0000000008005854                HAL_I2C_Init
 .text.HAL_PCD_Init
                0x0000000008005adc      0x23a ./Drivers/STM32F4xx_HAL_Driver/Src/stm32f4xx_hal_pcd.o
                0x0000000008005adc                HAL_PCD_Init
 .text.HAL_PCD_Start
                0x0000000008005d16       0x66 ./Drivers/STM32F4xx_HAL_Driver/Src/stm32f4xx_hal_pcd.o
                0x0000000008005d16                HAL_PCD_Start
 .text.HAL_PCD_IRQHandler
                0x0000000008005d7c      0x93e ./Drivers/STM32F4xx_HAL_Driver/Src/stm32f4xx_hal_pcd.o
                0x0000000008005d7c                HAL_PCD_IRQHandler
 .text.HAL_PCD_SetAddress
                0x00000000080066ba       0x4a ./Drivers/STM32F4xx_HAL_Driver/Src/stm32f4xx_hal_pcd.o
                0x00000000080066ba                HAL_PCD_SetAddress
 .text.HAL_PCD_EP_Open
                0x0000000008006704       0xd0 ./Drivers/STM32F4xx_HAL_Driver/Src/stm32f4xx_hal_pcd.o
                0x0000000008006704                HAL_PCD_EP_Open
 .text.HAL_PCD_EP_Close
                0x00000000080067d4       0x94 ./Drivers/STM32F4xx_HAL_Driver/Src/stm32f4xx_hal_pcd.o
                0x00000000080067d4                HAL_PCD_EP_Close
 .text.HAL_PCD_EP_Receive
                0x0000000008006868       0x96 ./Drivers/STM32F4xx_HAL_Driver/Src/stm32f4xx_hal_pcd.o
                0x0000000008006868                HAL_PCD_EP_Receive
 .text.HAL_PCD_EP_GetRxCount
                0x00000000080068fe       0x30 ./Drivers/STM32F4xx_HAL_Driver/Src/stm32f4xx_hal_pcd.o
                0x00000000080068fe                HAL_PCD_EP_GetRxCount
 .text.HAL_PCD_EP_Transmit
                0x000000000800692e       0x94 ./Drivers/STM32F4xx_HAL_Driver/Src/stm32f4xx_hal_pcd.o
                0x000000000800692e                HAL_PCD_EP_Transmit
 .text.HAL_PCD_EP_SetStall
                0x00000000080069c2       0xc8 ./Drivers/STM32F4xx_HAL_Driver/Src/stm32f4xx_hal_pcd.o
                0x00000000080069c2                HAL_PCD_EP_SetStall
 .text.HAL_PCD_EP_ClrStall
                0x0000000008006a8a       0xac ./Drivers/STM32F4xx_HAL_Driver/Src/stm32f4xx_hal_pcd.o
                0x0000000008006a8a                HAL_PCD_EP_ClrStall
 .text.HAL_PCD_EP_Abort
                0x0000000008006b36       0x62 ./Drivers/STM32F4xx_HAL_Driver/Src/stm32f4xx_hal_pcd.o
                0x0000000008006b36                HAL_PCD_EP_Abort
 .text.PCD_WriteEmptyTxFifo
                0x0000000008006b98      0x11a ./Drivers/STM32F4xx_HAL_Driver/Src/stm32f4xx_hal_pcd.o
 *fill*         0x0000000008006cb2        0x2 
 .text.PCD_EP_OutXfrComplete_int
                0x0000000008006cb4      0x1d0 ./Drivers/STM32F4xx_HAL_Driver/Src/stm32f4xx_hal_pcd.o
 .text.PCD_EP_OutSetupPacket_int
                0x0000000008006e84       0x8c ./Drivers/STM32F4xx_HAL_Driver/Src/stm32f4xx_hal_pcd.o
 .text.HAL_PCDEx_SetTxFiFo
                0x0000000008006f10       0x8e ./Drivers/STM32F4xx_HAL_Driver/Src/stm32f4xx_hal_pcd_ex.o
                0x0000000008006f10                HAL_PCDEx_SetTxFiFo
 .text.HAL_PCDEx_SetRxFiFo
                0x0000000008006f9e       0x22 ./Drivers/STM32F4xx_HAL_Driver/Src/stm32f4xx_hal_pcd_ex.o
                0x0000000008006f9e                HAL_PCDEx_SetRxFiFo
 .text.HAL_PCDEx_LPM_Callback
                0x0000000008006fc0       0x18 ./Drivers/STM32F4xx_HAL_Driver/Src/stm32f4xx_hal_pcd_ex.o
                0x0000000008006fc0                HAL_PCDEx_LPM_Callback
 .text.HAL_RCC_OscConfig
                0x0000000008006fd8      0x4f0 ./Drivers/STM32F4xx_HAL_Driver/Src/stm32f4xx_hal_rcc.o
                0x0000000008006fd8                HAL_RCC_OscConfig
 .text.HAL_RCC_ClockConfig
                0x00000000080074c8      0x1cc ./Drivers/STM32F4xx_HAL_Driver/Src/stm32f4xx_hal_rcc.o
                0x00000000080074c8                HAL_RCC_ClockConfig
 .text.HAL_RCC_GetSysClockFreq
                0x0000000008007694      0x20c ./Drivers/STM32F4xx_HAL_Driver/Src/stm32f4xx_hal_rcc.o
                0x0000000008007694                HAL_RCC_GetSysClockFreq
 .text.HAL_RCC_GetHCLKFreq
                0x00000000080078a0       0x18 ./Drivers/STM32F4xx_HAL_Driver/Src/stm32f4xx_hal_rcc.o
                0x00000000080078a0                HAL_RCC_GetHCLKFreq
 .text.HAL_RCC_GetPCLK1Freq
                0x00000000080078b8       0x28 ./Drivers/STM32F4xx_HAL_Driver/Src/stm32f4xx_hal_rcc.o
                0x00000000080078b8                HAL_RCC_GetPCLK1Freq
 .text.HAL_RCC_GetPCLK2Freq
                0x00000000080078e0       0x28 ./Drivers/STM32F4xx_HAL_Driver/Src/stm32f4xx_hal_rcc.o
                0x00000000080078e0                HAL_RCC_GetPCLK2Freq
 .text.HAL_SPI_Init
                0x0000000008007908      0x112 ./Drivers/STM32F4xx_HAL_Driver/Src/stm32f4xx_hal_spi.o
                0x0000000008007908                HAL_SPI_Init
 .text.HAL_TIM_Base_Init
                0x0000000008007a1a       0x9e ./Drivers/STM32F4xx_HAL_Driver/Src/stm32f4xx_hal_tim.o
                0x0000000008007a1a                HAL_TIM_Base_Init
 .text.HAL_TIM_Base_Start_IT
                0x0000000008007ab8       0xe0 ./Drivers/STM32F4xx_HAL_Driver/Src/stm32f4xx_hal_tim.o
                0x0000000008007ab8                HAL_TIM_Base_Start_IT
 .text.HAL_TIM_PWM_Init
                0x0000000008007b98       0x9e ./Drivers/STM32F4xx_HAL_Driver/Src/stm32f4xx_hal_tim.o
                0x0000000008007b98                HAL_TIM_PWM_Init
 .text.HAL_TIM_PWM_MspInit
                0x0000000008007c36       0x14 ./Drivers/STM32F4xx_HAL_Driver/Src/stm32f4xx_hal_tim.o
                0x0000000008007c36                HAL_TIM_PWM_MspInit
 *fill*         0x0000000008007c4a        0x2 
 .text.HAL_TIM_PWM_Start
                0x0000000008007c4c      0x190 ./Drivers/STM32F4xx_HAL_Driver/Src/stm32f4xx_hal_tim.o
                0x0000000008007c4c                HAL_TIM_PWM_Start
 .text.HAL_TIM_PWM_Stop
                0x0000000008007ddc       0xe0 ./Drivers/STM32F4xx_HAL_Driver/Src/stm32f4xx_hal_tim.o
                0x0000000008007ddc                HAL_TIM_PWM_Stop
 .text.HAL_TIM_OnePulse_Init
                0x0000000008007ebc       0xa0 ./Drivers/STM32F4xx_HAL_Driver/Src/stm32f4xx_hal_tim.o
                0x0000000008007ebc                HAL_TIM_OnePulse_Init
 .text.HAL_TIM_IRQHandler
                0x0000000008007f5c      0x210 ./Drivers/STM32F4xx_HAL_Driver/Src/stm32f4xx_hal_tim.o
                0x0000000008007f5c                HAL_TIM_IRQHandler
 .text.HAL_TIM_PWM_ConfigChannel
                0x000000000800816c      0x184 ./Drivers/STM32F4xx_HAL_Driver/Src/stm32f4xx_hal_tim.o
                0x000000000800816c                HAL_TIM_PWM_ConfigChannel
 .text.HAL_TIM_ConfigClockSource
                0x00000000080082f0      0x18e ./Drivers/STM32F4xx_HAL_Driver/Src/stm32f4xx_hal_tim.o
                0x00000000080082f0                HAL_TIM_ConfigClockSource
 .text.HAL_TIM_SlaveConfigSynchro
                0x000000000800847e       0x84 ./Drivers/STM32F4xx_HAL_Driver/Src/stm32f4xx_hal_tim.o
                0x000000000800847e                HAL_TIM_SlaveConfigSynchro
 .text.HAL_TIM_OC_DelayElapsedCallback
                0x0000000008008502       0x14 ./Drivers/STM32F4xx_HAL_Driver/Src/stm32f4xx_hal_tim.o
                0x0000000008008502                HAL_TIM_OC_DelayElapsedCallback
 .text.HAL_TIM_IC_CaptureCallback
                0x0000000008008516       0x14 ./Drivers/STM32F4xx_HAL_Driver/Src/stm32f4xx_hal_tim.o
                0x0000000008008516                HAL_TIM_IC_CaptureCallback
 .text.HAL_TIM_TriggerCallback
                0x000000000800852a       0x14 ./Drivers/STM32F4xx_HAL_Driver/Src/stm32f4xx_hal_tim.o
                0x000000000800852a                HAL_TIM_TriggerCallback
 *fill*         0x000000000800853e        0x2 
 .text.TIM_Base_SetConfig
                0x0000000008008540      0x140 ./Drivers/STM32F4xx_HAL_Driver/Src/stm32f4xx_hal_tim.o
                0x0000000008008540                TIM_Base_SetConfig
 .text.TIM_OC1_SetConfig
                0x0000000008008680       0xe0 ./Drivers/STM32F4xx_HAL_Driver/Src/stm32f4xx_hal_tim.o
 .text.TIM_OC2_SetConfig
                0x0000000008008760       0xec ./Drivers/STM32F4xx_HAL_Driver/Src/stm32f4xx_hal_tim.o
                0x0000000008008760                TIM_OC2_SetConfig
 .text.TIM_OC3_SetConfig
                0x000000000800884c       0xe8 ./Drivers/STM32F4xx_HAL_Driver/Src/stm32f4xx_hal_tim.o
 .text.TIM_OC4_SetConfig
                0x0000000008008934       0xac ./Drivers/STM32F4xx_HAL_Driver/Src/stm32f4xx_hal_tim.o
 .text.TIM_SlaveTimer_SetConfig
                0x00000000080089e0      0x122 ./Drivers/STM32F4xx_HAL_Driver/Src/stm32f4xx_hal_tim.o
 .text.TIM_TI1_ConfigInputStage
                0x0000000008008b02       0x5e ./Drivers/STM32F4xx_HAL_Driver/Src/stm32f4xx_hal_tim.o
 .text.TIM_TI2_ConfigInputStage
                0x0000000008008b60       0x60 ./Drivers/STM32F4xx_HAL_Driver/Src/stm32f4xx_hal_tim.o
 .text.TIM_ITRx_SetConfig
                0x0000000008008bc0       0x36 ./Drivers/STM32F4xx_HAL_Driver/Src/stm32f4xx_hal_tim.o
 .text.TIM_ETR_SetConfig
                0x0000000008008bf6       0x40 ./Drivers/STM32F4xx_HAL_Driver/Src/stm32f4xx_hal_tim.o
                0x0000000008008bf6                TIM_ETR_SetConfig
 .text.TIM_CCxChannelCmd
                0x0000000008008c36       0x4a ./Drivers/STM32F4xx_HAL_Driver/Src/stm32f4xx_hal_tim.o
                0x0000000008008c36                TIM_CCxChannelCmd
 .text.HAL_TIMEx_MasterConfigSynchronization
                0x0000000008008c80       0xf8 ./Drivers/STM32F4xx_HAL_Driver/Src/stm32f4xx_hal_tim_ex.o
                0x0000000008008c80                HAL_TIMEx_MasterConfigSynchronization
 .text.HAL_TIMEx_ConfigBreakDeadTime
                0x0000000008008d78       0xa4 ./Drivers/STM32F4xx_HAL_Driver/Src/stm32f4xx_hal_tim_ex.o
                0x0000000008008d78                HAL_TIMEx_ConfigBreakDeadTime
 .text.HAL_TIMEx_CommutCallback
                0x0000000008008e1c       0x14 ./Drivers/STM32F4xx_HAL_Driver/Src/stm32f4xx_hal_tim_ex.o
                0x0000000008008e1c                HAL_TIMEx_CommutCallback
 .text.HAL_TIMEx_BreakCallback
                0x0000000008008e30       0x14 ./Drivers/STM32F4xx_HAL_Driver/Src/stm32f4xx_hal_tim_ex.o
                0x0000000008008e30                HAL_TIMEx_BreakCallback
 .text.HAL_UART_Init
                0x0000000008008e44       0x9a ./Drivers/STM32F4xx_HAL_Driver/Src/stm32f4xx_hal_uart.o
                0x0000000008008e44                HAL_UART_Init
 *fill*         0x0000000008008ede        0x2 
 .text.HAL_UART_Transmit_DMA
                0x0000000008008ee0       0xfc ./Drivers/STM32F4xx_HAL_Driver/Src/stm32f4xx_hal_uart.o
                0x0000000008008ee0                HAL_UART_Transmit_DMA
 .text.HAL_UART_Receive_DMA
                0x0000000008008fdc       0x60 ./Drivers/STM32F4xx_HAL_Driver/Src/stm32f4xx_hal_uart.o
                0x0000000008008fdc                HAL_UART_Receive_DMA
 .text.HAL_UART_DMAStop
                0x000000000800903c       0xfe ./Drivers/STM32F4xx_HAL_Driver/Src/stm32f4xx_hal_uart.o
                0x000000000800903c                HAL_UART_DMAStop
 *fill*         0x000000000800913a        0x2 
 .text.HAL_UART_IRQHandler
                0x000000000800913c      0x51c ./Drivers/STM32F4xx_HAL_Driver/Src/stm32f4xx_hal_uart.o
                0x000000000800913c                HAL_UART_IRQHandler
 .text.HAL_UART_TxHalfCpltCallback
                0x0000000008009658       0x14 ./Drivers/STM32F4xx_HAL_Driver/Src/stm32f4xx_hal_uart.o
                0x0000000008009658                HAL_UART_TxHalfCpltCallback
 .text.HAL_UART_RxHalfCpltCallback
                0x000000000800966c       0x14 ./Drivers/STM32F4xx_HAL_Driver/Src/stm32f4xx_hal_uart.o
                0x000000000800966c                HAL_UART_RxHalfCpltCallback
 .text.HAL_UART_ErrorCallback
                0x0000000008009680       0x14 ./Drivers/STM32F4xx_HAL_Driver/Src/stm32f4xx_hal_uart.o
                0x0000000008009680                HAL_UART_ErrorCallback
 .text.HAL_UARTEx_RxEventCallback
                0x0000000008009694       0x18 ./Drivers/STM32F4xx_HAL_Driver/Src/stm32f4xx_hal_uart.o
                0x0000000008009694                HAL_UARTEx_RxEventCallback
 .text.UART_DMATransmitCplt
                0x00000000080096ac       0x9a ./Drivers/STM32F4xx_HAL_Driver/Src/stm32f4xx_hal_uart.o
 .text.UART_DMATxHalfCplt
                0x0000000008009746       0x1c ./Drivers/STM32F4xx_HAL_Driver/Src/stm32f4xx_hal_uart.o
 .text.UART_DMAReceiveCplt
                0x0000000008009762      0x126 ./Drivers/STM32F4xx_HAL_Driver/Src/stm32f4xx_hal_uart.o
 .text.UART_DMARxHalfCplt
                0x0000000008009888       0x36 ./Drivers/STM32F4xx_HAL_Driver/Src/stm32f4xx_hal_uart.o
 .text.UART_DMAError
                0x00000000080098be       0x94 ./Drivers/STM32F4xx_HAL_Driver/Src/stm32f4xx_hal_uart.o
 *fill*         0x0000000008009952        0x2 
 .text.UART_Start_Receive_DMA
                0x0000000008009954      0x13c ./Drivers/STM32F4xx_HAL_Driver/Src/stm32f4xx_hal_uart.o
                0x0000000008009954                UART_Start_Receive_DMA
 .text.UART_EndTxTransfer
                0x0000000008009a90       0x50 ./Drivers/STM32F4xx_HAL_Driver/Src/stm32f4xx_hal_uart.o
 .text.UART_EndRxTransfer
                0x0000000008009ae0       0xc6 ./Drivers/STM32F4xx_HAL_Driver/Src/stm32f4xx_hal_uart.o
 .text.UART_DMAAbortOnError
                0x0000000008009ba6       0x28 ./Drivers/STM32F4xx_HAL_Driver/Src/stm32f4xx_hal_uart.o
 .text.UART_Transmit_IT
                0x0000000008009bce       0xa0 ./Drivers/STM32F4xx_HAL_Driver/Src/stm32f4xx_hal_uart.o
 .text.UART_EndTransmit_IT
                0x0000000008009c6e       0x30 ./Drivers/STM32F4xx_HAL_Driver/Src/stm32f4xx_hal_uart.o
 .text.UART_Receive_IT
                0x0000000008009c9e      0x176 ./Drivers/STM32F4xx_HAL_Driver/Src/stm32f4xx_hal_uart.o
 .text.UART_SetConfig
                0x0000000008009e14      0x4e8 ./Drivers/STM32F4xx_HAL_Driver/Src/stm32f4xx_hal_uart.o
 .text.USB_CoreInit
                0x000000000800a2fc       0xc2 ./Drivers/STM32F4xx_HAL_Driver/Src/stm32f4xx_ll_usb.o
                0x000000000800a2fc                USB_CoreInit
 *fill*         0x000000000800a3be        0x2 
 .text.USB_SetTurnaroundTime
                0x000000000800a3c0      0x144 ./Drivers/STM32F4xx_HAL_Driver/Src/stm32f4xx_ll_usb.o
                0x000000000800a3c0                USB_SetTurnaroundTime
 .text.USB_EnableGlobalInt
                0x000000000800a504       0x22 ./Drivers/STM32F4xx_HAL_Driver/Src/stm32f4xx_ll_usb.o
                0x000000000800a504                USB_EnableGlobalInt
 .text.USB_DisableGlobalInt
                0x000000000800a526       0x22 ./Drivers/STM32F4xx_HAL_Driver/Src/stm32f4xx_ll_usb.o
                0x000000000800a526                USB_DisableGlobalInt
 .text.USB_SetCurrentMode
                0x000000000800a548       0x98 ./Drivers/STM32F4xx_HAL_Driver/Src/stm32f4xx_ll_usb.o
                0x000000000800a548                USB_SetCurrentMode
 .text.USB_DevInit
                0x000000000800a5e0      0x2c8 ./Drivers/STM32F4xx_HAL_Driver/Src/stm32f4xx_ll_usb.o
                0x000000000800a5e0                USB_DevInit
 .text.USB_FlushTxFifo
                0x000000000800a8a8       0x68 ./Drivers/STM32F4xx_HAL_Driver/Src/stm32f4xx_ll_usb.o
                0x000000000800a8a8                USB_FlushTxFifo
 .text.USB_FlushRxFifo
                0x000000000800a910       0x60 ./Drivers/STM32F4xx_HAL_Driver/Src/stm32f4xx_ll_usb.o
                0x000000000800a910                USB_FlushRxFifo
 .text.USB_SetDevSpeed
                0x000000000800a970       0x32 ./Drivers/STM32F4xx_HAL_Driver/Src/stm32f4xx_ll_usb.o
                0x000000000800a970                USB_SetDevSpeed
 .text.USB_GetDevSpeed
                0x000000000800a9a2       0x4a ./Drivers/STM32F4xx_HAL_Driver/Src/stm32f4xx_ll_usb.o
                0x000000000800a9a2                USB_GetDevSpeed
 .text.USB_ActivateEndpoint
                0x000000000800a9ec      0x10e ./Drivers/STM32F4xx_HAL_Driver/Src/stm32f4xx_ll_usb.o
                0x000000000800a9ec                USB_ActivateEndpoint
 *fill*         0x000000000800aafa        0x2 
 .text.USB_DeactivateEndpoint
                0x000000000800aafc      0x1b8 ./Drivers/STM32F4xx_HAL_Driver/Src/stm32f4xx_ll_usb.o
                0x000000000800aafc                USB_DeactivateEndpoint
 .text.USB_EPStartXfer
                0x000000000800acb4      0x490 ./Drivers/STM32F4xx_HAL_Driver/Src/stm32f4xx_ll_usb.o
                0x000000000800acb4                USB_EPStartXfer
 .text.USB_EP0StartXfer
                0x000000000800b144      0x2b0 ./Drivers/STM32F4xx_HAL_Driver/Src/stm32f4xx_ll_usb.o
                0x000000000800b144                USB_EP0StartXfer
 .text.USB_EPStopXfer
                0x000000000800b3f4      0x154 ./Drivers/STM32F4xx_HAL_Driver/Src/stm32f4xx_ll_usb.o
                0x000000000800b3f4                USB_EPStopXfer
 .text.USB_WritePacket
                0x000000000800b548       0x7c ./Drivers/STM32F4xx_HAL_Driver/Src/stm32f4xx_ll_usb.o
                0x000000000800b548                USB_WritePacket
 .text.USB_ReadPacket
                0x000000000800b5c4       0xb0 ./Drivers/STM32F4xx_HAL_Driver/Src/stm32f4xx_ll_usb.o
                0x000000000800b5c4                USB_ReadPacket
 .text.USB_EPSetStall
                0x000000000800b674       0xdc ./Drivers/STM32F4xx_HAL_Driver/Src/stm32f4xx_ll_usb.o
                0x000000000800b674                USB_EPSetStall
 .text.USB_EPClearStall
                0x000000000800b750       0xcc ./Drivers/STM32F4xx_HAL_Driver/Src/stm32f4xx_ll_usb.o
                0x000000000800b750                USB_EPClearStall
 .text.USB_SetDevAddress
                0x000000000800b81c       0x4c ./Drivers/STM32F4xx_HAL_Driver/Src/stm32f4xx_ll_usb.o
                0x000000000800b81c                USB_SetDevAddress
 .text.USB_DevConnect
                0x000000000800b868       0x42 ./Drivers/STM32F4xx_HAL_Driver/Src/stm32f4xx_ll_usb.o
                0x000000000800b868                USB_DevConnect
 .text.USB_DevDisconnect
                0x000000000800b8aa       0x42 ./Drivers/STM32F4xx_HAL_Driver/Src/stm32f4xx_ll_usb.o
                0x000000000800b8aa                USB_DevDisconnect
 .text.USB_ReadInterrupts
                0x000000000800b8ec       0x26 ./Drivers/STM32F4xx_HAL_Driver/Src/stm32f4xx_ll_usb.o
                0x000000000800b8ec                USB_ReadInterrupts
 .text.USB_ReadDevAllOutEpInterrupt
                0x000000000800b912       0x34 ./Drivers/STM32F4xx_HAL_Driver/Src/stm32f4xx_ll_usb.o
                0x000000000800b912                USB_ReadDevAllOutEpInterrupt
 .text.USB_ReadDevAllInEpInterrupt
                0x000000000800b946       0x34 ./Drivers/STM32F4xx_HAL_Driver/Src/stm32f4xx_ll_usb.o
                0x000000000800b946                USB_ReadDevAllInEpInterrupt
 .text.USB_ReadDevOutEPInterrupt
                0x000000000800b97a       0x3c ./Drivers/STM32F4xx_HAL_Driver/Src/stm32f4xx_ll_usb.o
                0x000000000800b97a                USB_ReadDevOutEPInterrupt
 .text.USB_ReadDevInEPInterrupt
                0x000000000800b9b6       0x5c ./Drivers/STM32F4xx_HAL_Driver/Src/stm32f4xx_ll_usb.o
                0x000000000800b9b6                USB_ReadDevInEPInterrupt
 .text.USB_GetMode
                0x000000000800ba12       0x1c ./Drivers/STM32F4xx_HAL_Driver/Src/stm32f4xx_ll_usb.o
                0x000000000800ba12                USB_GetMode
 .text.USB_ActivateSetup
                0x000000000800ba2e       0x46 ./Drivers/STM32F4xx_HAL_Driver/Src/stm32f4xx_ll_usb.o
                0x000000000800ba2e                USB_ActivateSetup
 .text.USB_EP0_OutStart
                0x000000000800ba74       0xbc ./Drivers/STM32F4xx_HAL_Driver/Src/stm32f4xx_ll_usb.o
                0x000000000800ba74                USB_EP0_OutStart
 .text.USB_CoreReset
                0x000000000800bb30       0x68 ./Drivers/STM32F4xx_HAL_Driver/Src/stm32f4xx_ll_usb.o
 .text.USBD_CDC_Init
                0x000000000800bb98      0x1f0 ./Middlewares/ST/STM32_USB_Device_Library/Class/CDC/Src/usbd_cdc.o
 .text.USBD_CDC_DeInit
                0x000000000800bd88      0x104 ./Middlewares/ST/STM32_USB_Device_Library/Class/CDC/Src/usbd_cdc.o
 .text.USBD_CDC_Setup
                0x000000000800be8c      0x1b8 ./Middlewares/ST/STM32_USB_Device_Library/Class/CDC/Src/usbd_cdc.o
 .text.USBD_CDC_DataIn
                0x000000000800c044       0xfe ./Middlewares/ST/STM32_USB_Device_Library/Class/CDC/Src/usbd_cdc.o
 .text.USBD_CDC_DataOut
                0x000000000800c142       0x70 ./Middlewares/ST/STM32_USB_Device_Library/Class/CDC/Src/usbd_cdc.o
 .text.USBD_CDC_EP0_RxReady
                0x000000000800c1b2       0x76 ./Middlewares/ST/STM32_USB_Device_Library/Class/CDC/Src/usbd_cdc.o
 .text.USBD_CDC_GetFSCfgDesc
                0x000000000800c228       0x70 ./Middlewares/ST/STM32_USB_Device_Library/Class/CDC/Src/usbd_cdc.o
 .text.USBD_CDC_GetHSCfgDesc
                0x000000000800c298       0x70 ./Middlewares/ST/STM32_USB_Device_Library/Class/CDC/Src/usbd_cdc.o
 .text.USBD_CDC_GetOtherSpeedCfgDesc
                0x000000000800c308       0x70 ./Middlewares/ST/STM32_USB_Device_Library/Class/CDC/Src/usbd_cdc.o
 .text.USBD_CDC_GetDeviceQualifierDescriptor
                0x000000000800c378       0x20 ./Middlewares/ST/STM32_USB_Device_Library/Class/CDC/Src/usbd_cdc.o
                0x000000000800c378                USBD_CDC_GetDeviceQualifierDescriptor
 .text.USBD_CDC_RegisterInterface
                0x000000000800c398       0x34 ./Middlewares/ST/STM32_USB_Device_Library/Class/CDC/Src/usbd_cdc.o
                0x000000000800c398                USBD_CDC_RegisterInterface
 .text.USBD_CDC_SetTxBuffer
                0x000000000800c3cc       0x44 ./Middlewares/ST/STM32_USB_Device_Library/Class/CDC/Src/usbd_cdc.o
                0x000000000800c3cc                USBD_CDC_SetTxBuffer
 .text.USBD_CDC_SetRxBuffer
                0x000000000800c410       0x3a ./Middlewares/ST/STM32_USB_Device_Library/Class/CDC/Src/usbd_cdc.o
                0x000000000800c410                USBD_CDC_SetRxBuffer
 *fill*         0x000000000800c44a        0x2 
 .text.USBD_CDC_TransmitPacket
                0x000000000800c44c       0x8c ./Middlewares/ST/STM32_USB_Device_Library/Class/CDC/Src/usbd_cdc.o
                0x000000000800c44c                USBD_CDC_TransmitPacket
 .text.USBD_CDC_ReceivePacket
                0x000000000800c4d8       0x6c ./Middlewares/ST/STM32_USB_Device_Library/Class/CDC/Src/usbd_cdc.o
                0x000000000800c4d8                USBD_CDC_ReceivePacket
 .text.USBD_Init
                0x000000000800c544       0x60 ./Middlewares/ST/STM32_USB_Device_Library/Core/Src/usbd_core.o
                0x000000000800c544                USBD_Init
 .text.USBD_RegisterClass
                0x000000000800c5a4       0x6c ./Middlewares/ST/STM32_USB_Device_Library/Core/Src/usbd_core.o
                0x000000000800c5a4                USBD_RegisterClass
 .text.USBD_Start
                0x000000000800c610       0x18 ./Middlewares/ST/STM32_USB_Device_Library/Core/Src/usbd_core.o
                0x000000000800c610                USBD_Start
 .text.USBD_RunTestMode
                0x000000000800c628       0x16 ./Middlewares/ST/STM32_USB_Device_Library/Core/Src/usbd_core.o
                0x000000000800c628                USBD_RunTestMode
 .text.USBD_SetClassConfig
                0x000000000800c63e       0x38 ./Middlewares/ST/STM32_USB_Device_Library/Core/Src/usbd_core.o
                0x000000000800c63e                USBD_SetClassConfig
 .text.USBD_ClrClassConfig
                0x000000000800c676       0x34 ./Middlewares/ST/STM32_USB_Device_Library/Core/Src/usbd_core.o
                0x000000000800c676                USBD_ClrClassConfig
 .text.USBD_LL_SetupStage
                0x000000000800c6aa       0xaa ./Middlewares/ST/STM32_USB_Device_Library/Core/Src/usbd_core.o
                0x000000000800c6aa                USBD_LL_SetupStage
 .text.USBD_LL_DataOutStage
                0x000000000800c754      0x166 ./Middlewares/ST/STM32_USB_Device_Library/Core/Src/usbd_core.o
                0x000000000800c754                USBD_LL_DataOutStage
 .text.USBD_LL_DataInStage
                0x000000000800c8ba      0x164 ./Middlewares/ST/STM32_USB_Device_Library/Core/Src/usbd_core.o
                0x000000000800c8ba                USBD_LL_DataInStage
 .text.USBD_LL_Reset
                0x000000000800ca1e       0xa4 ./Middlewares/ST/STM32_USB_Device_Library/Core/Src/usbd_core.o
                0x000000000800ca1e                USBD_LL_Reset
 .text.USBD_LL_SetSpeed
                0x000000000800cac2       0x20 ./Middlewares/ST/STM32_USB_Device_Library/Core/Src/usbd_core.o
                0x000000000800cac2                USBD_LL_SetSpeed
 .text.USBD_LL_Suspend
                0x000000000800cae2       0x2c ./Middlewares/ST/STM32_USB_Device_Library/Core/Src/usbd_core.o
                0x000000000800cae2                USBD_LL_Suspend
 .text.USBD_LL_Resume
                0x000000000800cb0e       0x30 ./Middlewares/ST/STM32_USB_Device_Library/Core/Src/usbd_core.o
                0x000000000800cb0e                USBD_LL_Resume
 .text.USBD_LL_SOF
                0x000000000800cb3e       0x40 ./Middlewares/ST/STM32_USB_Device_Library/Core/Src/usbd_core.o
                0x000000000800cb3e                USBD_LL_SOF
 .text.USBD_LL_IsoINIncomplete
                0x000000000800cb7e       0x64 ./Middlewares/ST/STM32_USB_Device_Library/Core/Src/usbd_core.o
                0x000000000800cb7e                USBD_LL_IsoINIncomplete
 .text.USBD_LL_IsoOUTIncomplete
                0x000000000800cbe2       0x64 ./Middlewares/ST/STM32_USB_Device_Library/Core/Src/usbd_core.o
                0x000000000800cbe2                USBD_LL_IsoOUTIncomplete
 .text.USBD_LL_DevConnected
                0x000000000800cc46       0x16 ./Middlewares/ST/STM32_USB_Device_Library/Core/Src/usbd_core.o
                0x000000000800cc46                USBD_LL_DevConnected
 .text.USBD_LL_DevDisconnected
                0x000000000800cc5c       0x46 ./Middlewares/ST/STM32_USB_Device_Library/Core/Src/usbd_core.o
                0x000000000800cc5c                USBD_LL_DevDisconnected
 .text.USBD_CoreFindIF
                0x000000000800cca2       0x1a ./Middlewares/ST/STM32_USB_Device_Library/Core/Src/usbd_core.o
                0x000000000800cca2                USBD_CoreFindIF
 .text.USBD_CoreFindEP
                0x000000000800ccbc       0x1a ./Middlewares/ST/STM32_USB_Device_Library/Core/Src/usbd_core.o
                0x000000000800ccbc                USBD_CoreFindEP
 .text.USBD_GetEpDesc
                0x000000000800ccd6       0x74 ./Middlewares/ST/STM32_USB_Device_Library/Core/Src/usbd_core.o
                0x000000000800ccd6                USBD_GetEpDesc
 .text.USBD_GetNextDesc
                0x000000000800cd4a       0x3a ./Middlewares/ST/STM32_USB_Device_Library/Core/Src/usbd_core.o
                0x000000000800cd4a                USBD_GetNextDesc
 .text.SWAPBYTE
                0x000000000800cd84       0x3c ./Middlewares/ST/STM32_USB_Device_Library/Core/Src/usbd_ctlreq.o
 .text.USBD_StdDevReq
                0x000000000800cdc0       0xe4 ./Middlewares/ST/STM32_USB_Device_Library/Core/Src/usbd_ctlreq.o
                0x000000000800cdc0                USBD_StdDevReq
 .text.USBD_StdItfReq
                0x000000000800cea4       0xd8 ./Middlewares/ST/STM32_USB_Device_Library/Core/Src/usbd_ctlreq.o
                0x000000000800cea4                USBD_StdItfReq
 .text.USBD_StdEPReq
                0x000000000800cf7c      0x33a ./Middlewares/ST/STM32_USB_Device_Library/Core/Src/usbd_ctlreq.o
                0x000000000800cf7c                USBD_StdEPReq
 *fill*         0x000000000800d2b6        0x2 
 .text.USBD_GetDescriptor
                0x000000000800d2b8      0x2d4 ./Middlewares/ST/STM32_USB_Device_Library/Core/Src/usbd_ctlreq.o
 .text.USBD_SetAddress
                0x000000000800d58c       0x88 ./Middlewares/ST/STM32_USB_Device_Library/Core/Src/usbd_ctlreq.o
 .text.USBD_SetConfig
                0x000000000800d614      0x154 ./Middlewares/ST/STM32_USB_Device_Library/Core/Src/usbd_ctlreq.o
 .text.USBD_GetConfig
                0x000000000800d768       0x6c ./Middlewares/ST/STM32_USB_Device_Library/Core/Src/usbd_ctlreq.o
 .text.USBD_GetStatus
                0x000000000800d7d4       0x68 ./Middlewares/ST/STM32_USB_Device_Library/Core/Src/usbd_ctlreq.o
 .text.USBD_SetFeature
                0x000000000800d83c       0x52 ./Middlewares/ST/STM32_USB_Device_Library/Core/Src/usbd_ctlreq.o
 .text.USBD_ClrFeature
                0x000000000800d88e       0x44 ./Middlewares/ST/STM32_USB_Device_Library/Core/Src/usbd_ctlreq.o
 .text.USBD_ParseSetupRequest
                0x000000000800d8d2       0x74 ./Middlewares/ST/STM32_USB_Device_Library/Core/Src/usbd_ctlreq.o
                0x000000000800d8d2                USBD_ParseSetupRequest
 .text.USBD_CtlError
                0x000000000800d946       0x22 ./Middlewares/ST/STM32_USB_Device_Library/Core/Src/usbd_ctlreq.o
                0x000000000800d946                USBD_CtlError
 .text.USBD_GetString
                0x000000000800d968       0x8c ./Middlewares/ST/STM32_USB_Device_Library/Core/Src/usbd_ctlreq.o
                0x000000000800d968                USBD_GetString
 .text.USBD_GetLen
                0x000000000800d9f4       0x34 ./Middlewares/ST/STM32_USB_Device_Library/Core/Src/usbd_ctlreq.o
 .text.USBD_CtlSendData
                0x000000000800da28       0x36 ./Middlewares/ST/STM32_USB_Device_Library/Core/Src/usbd_ioreq.o
                0x000000000800da28                USBD_CtlSendData
 .text.USBD_CtlContinueSendData
                0x000000000800da5e       0x22 ./Middlewares/ST/STM32_USB_Device_Library/Core/Src/usbd_ioreq.o
                0x000000000800da5e                USBD_CtlContinueSendData
 .text.USBD_CtlPrepareRx
                0x000000000800da80       0x3a ./Middlewares/ST/STM32_USB_Device_Library/Core/Src/usbd_ioreq.o
                0x000000000800da80                USBD_CtlPrepareRx
 .text.USBD_CtlContinueRx
                0x000000000800daba       0x22 ./Middlewares/ST/STM32_USB_Device_Library/Core/Src/usbd_ioreq.o
                0x000000000800daba                USBD_CtlContinueRx
 .text.USBD_CtlSendStatus
                0x000000000800dadc       0x26 ./Middlewares/ST/STM32_USB_Device_Library/Core/Src/usbd_ioreq.o
                0x000000000800dadc                USBD_CtlSendStatus
 .text.USBD_CtlReceiveStatus
                0x000000000800db02       0x26 ./Middlewares/ST/STM32_USB_Device_Library/Core/Src/usbd_ioreq.o
                0x000000000800db02                USBD_CtlReceiveStatus
 .text.MX_USB_DEVICE_Init
                0x000000000800db28       0x60 ./USB_DEVICE/App/usb_device.o
                0x000000000800db28                MX_USB_DEVICE_Init
 .text.CDC_Init_FS
                0x000000000800db88       0x28 ./USB_DEVICE/App/usbd_cdc_if.o
 .text.CDC_DeInit_FS
                0x000000000800dbb0       0x10 ./USB_DEVICE/App/usbd_cdc_if.o
 .text.CDC_Control_FS
                0x000000000800dbc0       0xbc ./USB_DEVICE/App/usbd_cdc_if.o
 .text.CDC_Receive_FS
                0x000000000800dc7c       0x28 ./USB_DEVICE/App/usbd_cdc_if.o
 .text.CDC_Transmit_FS
                0x000000000800dca4       0x4c ./USB_DEVICE/App/usbd_cdc_if.o
                0x000000000800dca4                CDC_Transmit_FS
 .text.CDC_TransmitCplt_FS
                0x000000000800dcf0       0x2c ./USB_DEVICE/App/usbd_cdc_if.o
 .text.USBD_FS_DeviceDescriptor
                0x000000000800dd1c       0x24 ./USB_DEVICE/App/usbd_desc.o
                0x000000000800dd1c                USBD_FS_DeviceDescriptor
 .text.USBD_FS_LangIDStrDescriptor
                0x000000000800dd40       0x24 ./USB_DEVICE/App/usbd_desc.o
                0x000000000800dd40                USBD_FS_LangIDStrDescriptor
 .text.USBD_FS_ProductStrDescriptor
                0x000000000800dd64       0x3c ./USB_DEVICE/App/usbd_desc.o
                0x000000000800dd64                USBD_FS_ProductStrDescriptor
 .text.USBD_FS_ManufacturerStrDescriptor
                0x000000000800dda0       0x28 ./USB_DEVICE/App/usbd_desc.o
                0x000000000800dda0                USBD_FS_ManufacturerStrDescriptor
 .text.USBD_FS_SerialStrDescriptor
                0x000000000800ddc8       0x24 ./USB_DEVICE/App/usbd_desc.o
                0x000000000800ddc8                USBD_FS_SerialStrDescriptor
 .text.USBD_FS_ConfigStrDescriptor
                0x000000000800ddec       0x3c ./USB_DEVICE/App/usbd_desc.o
                0x000000000800ddec                USBD_FS_ConfigStrDescriptor
 .text.USBD_FS_InterfaceStrDescriptor
                0x000000000800de28       0x3c ./USB_DEVICE/App/usbd_desc.o
                0x000000000800de28                USBD_FS_InterfaceStrDescriptor
 .text.Get_SerialNum
                0x000000000800de64       0x58 ./USB_DEVICE/App/usbd_desc.o
 .text.IntToUnicode
                0x000000000800debc       0x7e ./USB_DEVICE/App/usbd_desc.o
 *fill*         0x000000000800df3a        0x2 
 .text.HAL_PCD_MspInit
                0x000000000800df3c       0xc4 ./USB_DEVICE/Target/usbd_conf.o
                0x000000000800df3c                HAL_PCD_MspInit
 .text.HAL_PCD_SetupStageCallback
                0x000000000800e000       0x24 ./USB_DEVICE/Target/usbd_conf.o
                0x000000000800e000                HAL_PCD_SetupStageCallback
 .text.HAL_PCD_DataOutStageCallback
                0x000000000800e024       0x36 ./USB_DEVICE/Target/usbd_conf.o
                0x000000000800e024                HAL_PCD_DataOutStageCallback
 .text.HAL_PCD_DataInStageCallback
                0x000000000800e05a       0x34 ./USB_DEVICE/Target/usbd_conf.o
                0x000000000800e05a                HAL_PCD_DataInStageCallback
 .text.HAL_PCD_SOFCallback
                0x000000000800e08e       0x1c ./USB_DEVICE/Target/usbd_conf.o
                0x000000000800e08e                HAL_PCD_SOFCallback
 .text.HAL_PCD_ResetCallback
                0x000000000800e0aa       0x50 ./USB_DEVICE/Target/usbd_conf.o
                0x000000000800e0aa                HAL_PCD_ResetCallback
 *fill*         0x000000000800e0fa        0x2 
 .text.HAL_PCD_SuspendCallback
                0x000000000800e0fc       0x4c ./USB_DEVICE/Target/usbd_conf.o
                0x000000000800e0fc                HAL_PCD_SuspendCallback
 .text.HAL_PCD_ResumeCallback
                0x000000000800e148       0x1c ./USB_DEVICE/Target/usbd_conf.o
                0x000000000800e148                HAL_PCD_ResumeCallback
 .text.HAL_PCD_ISOOUTIncompleteCallback
                0x000000000800e164       0x24 ./USB_DEVICE/Target/usbd_conf.o
                0x000000000800e164                HAL_PCD_ISOOUTIncompleteCallback
 .text.HAL_PCD_ISOINIncompleteCallback
                0x000000000800e188       0x24 ./USB_DEVICE/Target/usbd_conf.o
                0x000000000800e188                HAL_PCD_ISOINIncompleteCallback
 .text.HAL_PCD_ConnectCallback
                0x000000000800e1ac       0x1c ./USB_DEVICE/Target/usbd_conf.o
                0x000000000800e1ac                HAL_PCD_ConnectCallback
 .text.HAL_PCD_DisconnectCallback
                0x000000000800e1c8       0x1c ./USB_DEVICE/Target/usbd_conf.o
                0x000000000800e1c8                HAL_PCD_DisconnectCallback
 .text.USBD_LL_Init
                0x000000000800e1e4       0x98 ./USB_DEVICE/Target/usbd_conf.o
                0x000000000800e1e4                USBD_LL_Init
 .text.USBD_LL_Start
                0x000000000800e27c       0x36 ./USB_DEVICE/Target/usbd_conf.o
                0x000000000800e27c                USBD_LL_Start
 .text.USBD_LL_OpenEP
                0x000000000800e2b2       0x4c ./USB_DEVICE/Target/usbd_conf.o
                0x000000000800e2b2                USBD_LL_OpenEP
 .text.USBD_LL_CloseEP
                0x000000000800e2fe       0x3e ./USB_DEVICE/Target/usbd_conf.o
                0x000000000800e2fe                USBD_LL_CloseEP
 .text.USBD_LL_StallEP
                0x000000000800e33c       0x3e ./USB_DEVICE/Target/usbd_conf.o
                0x000000000800e33c                USBD_LL_StallEP
 .text.USBD_LL_ClearStallEP
                0x000000000800e37a       0x3e ./USB_DEVICE/Target/usbd_conf.o
                0x000000000800e37a                USBD_LL_ClearStallEP
 .text.USBD_LL_IsStallEP
                0x000000000800e3b8       0x58 ./USB_DEVICE/Target/usbd_conf.o
                0x000000000800e3b8                USBD_LL_IsStallEP
 .text.USBD_LL_SetUSBAddress
                0x000000000800e410       0x3e ./USB_DEVICE/Target/usbd_conf.o
                0x000000000800e410                USBD_LL_SetUSBAddress
 .text.USBD_LL_Transmit
                0x000000000800e44e       0x42 ./USB_DEVICE/Target/usbd_conf.o
                0x000000000800e44e                USBD_LL_Transmit
 .text.USBD_LL_PrepareReceive
                0x000000000800e490       0x42 ./USB_DEVICE/Target/usbd_conf.o
                0x000000000800e490                USBD_LL_PrepareReceive
 .text.USBD_LL_GetRxDataSize
                0x000000000800e4d2       0x26 ./USB_DEVICE/Target/usbd_conf.o
                0x000000000800e4d2                USBD_LL_GetRxDataSize
 .text.USBD_static_malloc
                0x000000000800e4f8       0x1c ./USB_DEVICE/Target/usbd_conf.o
                0x000000000800e4f8                USBD_static_malloc
 .text.USBD_static_free
                0x000000000800e514       0x14 ./USB_DEVICE/Target/usbd_conf.o
                0x000000000800e514                USBD_static_free
 .text.USBD_Get_USB_Status
                0x000000000800e528       0x58 ./USB_DEVICE/Target/usbd_conf.o
                0x000000000800e528                USBD_Get_USB_Status
 .text.std      0x000000000800e580       0x48 E:/STM32CubeIDE_1.13.1/STM32CubeIDE/plugins/com.st.stm32cube.ide.mcu.externaltools.gnu-tools-for-stm32.11.3.rel1.win32_1.1.0.202305231506/tools/bin/../lib/gcc/arm-none-eabi/11.3.1/../../../../arm-none-eabi/lib/thumb/v7e-m+fp/hard\libc_nano.a(libc_a-findfp.o)
 .text.stdio_exit_handler
                0x000000000800e5c8       0x18 E:/STM32CubeIDE_1.13.1/STM32CubeIDE/plugins/com.st.stm32cube.ide.mcu.externaltools.gnu-tools-for-stm32.11.3.rel1.win32_1.1.0.202305231506/tools/bin/../lib/gcc/arm-none-eabi/11.3.1/../../../../arm-none-eabi/lib/thumb/v7e-m+fp/hard\libc_nano.a(libc_a-findfp.o)
 .text.cleanup_stdio
                0x000000000800e5e0       0x40 E:/STM32CubeIDE_1.13.1/STM32CubeIDE/plugins/com.st.stm32cube.ide.mcu.externaltools.gnu-tools-for-stm32.11.3.rel1.win32_1.1.0.202305231506/tools/bin/../lib/gcc/arm-none-eabi/11.3.1/../../../../arm-none-eabi/lib/thumb/v7e-m+fp/hard\libc_nano.a(libc_a-findfp.o)
 .text.global_stdio_init.part.0
                0x000000000800e620       0x3c E:/STM32CubeIDE_1.13.1/STM32CubeIDE/plugins/com.st.stm32cube.ide.mcu.externaltools.gnu-tools-for-stm32.11.3.rel1.win32_1.1.0.202305231506/tools/bin/../lib/gcc/arm-none-eabi/11.3.1/../../../../arm-none-eabi/lib/thumb/v7e-m+fp/hard\libc_nano.a(libc_a-findfp.o)
 .text.__sfp_lock_acquire
                0x000000000800e65c        0xc E:/STM32CubeIDE_1.13.1/STM32CubeIDE/plugins/com.st.stm32cube.ide.mcu.externaltools.gnu-tools-for-stm32.11.3.rel1.win32_1.1.0.202305231506/tools/bin/../lib/gcc/arm-none-eabi/11.3.1/../../../../arm-none-eabi/lib/thumb/v7e-m+fp/hard\libc_nano.a(libc_a-findfp.o)
                0x000000000800e65c                __sfp_lock_acquire
 .text.__sfp_lock_release
                0x000000000800e668        0xc E:/STM32CubeIDE_1.13.1/STM32CubeIDE/plugins/com.st.stm32cube.ide.mcu.externaltools.gnu-tools-for-stm32.11.3.rel1.win32_1.1.0.202305231506/tools/bin/../lib/gcc/arm-none-eabi/11.3.1/../../../../arm-none-eabi/lib/thumb/v7e-m+fp/hard\libc_nano.a(libc_a-findfp.o)
                0x000000000800e668                __sfp_lock_release
 .text.__sinit  0x000000000800e674       0x30 E:/STM32CubeIDE_1.13.1/STM32CubeIDE/plugins/com.st.stm32cube.ide.mcu.externaltools.gnu-tools-for-stm32.11.3.rel1.win32_1.1.0.202305231506/tools/bin/../lib/gcc/arm-none-eabi/11.3.1/../../../../arm-none-eabi/lib/thumb/v7e-m+fp/hard\libc_nano.a(libc_a-findfp.o)
                0x000000000800e674                __sinit
 .text._fwalk_sglue
                0x000000000800e6a4       0x3c E:/STM32CubeIDE_1.13.1/STM32CubeIDE/plugins/com.st.stm32cube.ide.mcu.externaltools.gnu-tools-for-stm32.11.3.rel1.win32_1.1.0.202305231506/tools/bin/../lib/gcc/arm-none-eabi/11.3.1/../../../../arm-none-eabi/lib/thumb/v7e-m+fp/hard\libc_nano.a(libc_a-fwalk.o)
                0x000000000800e6a4                _fwalk_sglue
 .text.printf   0x000000000800e6e0       0x24 E:/STM32CubeIDE_1.13.1/STM32CubeIDE/plugins/com.st.stm32cube.ide.mcu.externaltools.gnu-tools-for-stm32.11.3.rel1.win32_1.1.0.202305231506/tools/bin/../lib/gcc/arm-none-eabi/11.3.1/../../../../arm-none-eabi/lib/thumb/v7e-m+fp/hard\libc_nano.a(libc_a-printf.o)
                0x000000000800e6e0                iprintf
                0x000000000800e6e0                printf
 .text._puts_r  0x000000000800e704       0xa8 E:/STM32CubeIDE_1.13.1/STM32CubeIDE/plugins/com.st.stm32cube.ide.mcu.externaltools.gnu-tools-for-stm32.11.3.rel1.win32_1.1.0.202305231506/tools/bin/../lib/gcc/arm-none-eabi/11.3.1/../../../../arm-none-eabi/lib/thumb/v7e-m+fp/hard\libc_nano.a(libc_a-puts.o)
                0x000000000800e704                _puts_r
 .text.puts     0x000000000800e7ac       0x10 E:/STM32CubeIDE_1.13.1/STM32CubeIDE/plugins/com.st.stm32cube.ide.mcu.externaltools.gnu-tools-for-stm32.11.3.rel1.win32_1.1.0.202305231506/tools/bin/../lib/gcc/arm-none-eabi/11.3.1/../../../../arm-none-eabi/lib/thumb/v7e-m+fp/hard\libc_nano.a(libc_a-puts.o)
                0x000000000800e7ac                puts
 .text.__sread  0x000000000800e7bc       0x22 E:/STM32CubeIDE_1.13.1/STM32CubeIDE/plugins/com.st.stm32cube.ide.mcu.externaltools.gnu-tools-for-stm32.11.3.rel1.win32_1.1.0.202305231506/tools/bin/../lib/gcc/arm-none-eabi/11.3.1/../../../../arm-none-eabi/lib/thumb/v7e-m+fp/hard\libc_nano.a(libc_a-stdio.o)
                0x000000000800e7bc                __sread
 .text.__swrite
                0x000000000800e7de       0x38 E:/STM32CubeIDE_1.13.1/STM32CubeIDE/plugins/com.st.stm32cube.ide.mcu.externaltools.gnu-tools-for-stm32.11.3.rel1.win32_1.1.0.202305231506/tools/bin/../lib/gcc/arm-none-eabi/11.3.1/../../../../arm-none-eabi/lib/thumb/v7e-m+fp/hard\libc_nano.a(libc_a-stdio.o)
                0x000000000800e7de                __swrite
 .text.__sseek  0x000000000800e816       0x24 E:/STM32CubeIDE_1.13.1/STM32CubeIDE/plugins/com.st.stm32cube.ide.mcu.externaltools.gnu-tools-for-stm32.11.3.rel1.win32_1.1.0.202305231506/tools/bin/../lib/gcc/arm-none-eabi/11.3.1/../../../../arm-none-eabi/lib/thumb/v7e-m+fp/hard\libc_nano.a(libc_a-stdio.o)
                0x000000000800e816                __sseek
 .text.__sclose
                0x000000000800e83a        0x8 E:/STM32CubeIDE_1.13.1/STM32CubeIDE/plugins/com.st.stm32cube.ide.mcu.externaltools.gnu-tools-for-stm32.11.3.rel1.win32_1.1.0.202305231506/tools/bin/../lib/gcc/arm-none-eabi/11.3.1/../../../../arm-none-eabi/lib/thumb/v7e-m+fp/hard\libc_nano.a(libc_a-stdio.o)
                0x000000000800e83a                __sclose
 .text.__swbuf_r
                0x000000000800e842       0x7a E:/STM32CubeIDE_1.13.1/STM32CubeIDE/plugins/com.st.stm32cube.ide.mcu.externaltools.gnu-tools-for-stm32.11.3.rel1.win32_1.1.0.202305231506/tools/bin/../lib/gcc/arm-none-eabi/11.3.1/../../../../arm-none-eabi/lib/thumb/v7e-m+fp/hard\libc_nano.a(libc_a-wbuf.o)
                0x000000000800e842                __swbuf_r
 .text.__swsetup_r
                0x000000000800e8bc       0xb0 E:/STM32CubeIDE_1.13.1/STM32CubeIDE/plugins/com.st.stm32cube.ide.mcu.externaltools.gnu-tools-for-stm32.11.3.rel1.win32_1.1.0.202305231506/tools/bin/../lib/gcc/arm-none-eabi/11.3.1/../../../../arm-none-eabi/lib/thumb/v7e-m+fp/hard\libc_nano.a(libc_a-wsetup.o)
                0x000000000800e8bc                __swsetup_r
 .text.memcmp   0x000000000800e96c       0x20 E:/STM32CubeIDE_1.13.1/STM32CubeIDE/plugins/com.st.stm32cube.ide.mcu.externaltools.gnu-tools-for-stm32.11.3.rel1.win32_1.1.0.202305231506/tools/bin/../lib/gcc/arm-none-eabi/11.3.1/../../../../arm-none-eabi/lib/thumb/v7e-m+fp/hard\libc_nano.a(libc_a-memcmp.o)
                0x000000000800e96c                memcmp
 .text.memset   0x000000000800e98c       0x10 E:/STM32CubeIDE_1.13.1/STM32CubeIDE/plugins/com.st.stm32cube.ide.mcu.externaltools.gnu-tools-for-stm32.11.3.rel1.win32_1.1.0.202305231506/tools/bin/../lib/gcc/arm-none-eabi/11.3.1/../../../../arm-none-eabi/lib/thumb/v7e-m+fp/hard\libc_nano.a(libc_a-memset.o)
                0x000000000800e98c                memset
 .text._close_r
                0x000000000800e99c       0x20 E:/STM32CubeIDE_1.13.1/STM32CubeIDE/plugins/com.st.stm32cube.ide.mcu.externaltools.gnu-tools-for-stm32.11.3.rel1.win32_1.1.0.202305231506/tools/bin/../lib/gcc/arm-none-eabi/11.3.1/../../../../arm-none-eabi/lib/thumb/v7e-m+fp/hard\libc_nano.a(libc_a-closer.o)
                0x000000000800e99c                _close_r
 .text._lseek_r
                0x000000000800e9bc       0x24 E:/STM32CubeIDE_1.13.1/STM32CubeIDE/plugins/com.st.stm32cube.ide.mcu.externaltools.gnu-tools-for-stm32.11.3.rel1.win32_1.1.0.202305231506/tools/bin/../lib/gcc/arm-none-eabi/11.3.1/../../../../arm-none-eabi/lib/thumb/v7e-m+fp/hard\libc_nano.a(libc_a-lseekr.o)
                0x000000000800e9bc                _lseek_r
 .text._read_r  0x000000000800e9e0       0x24 E:/STM32CubeIDE_1.13.1/STM32CubeIDE/plugins/com.st.stm32cube.ide.mcu.externaltools.gnu-tools-for-stm32.11.3.rel1.win32_1.1.0.202305231506/tools/bin/../lib/gcc/arm-none-eabi/11.3.1/../../../../arm-none-eabi/lib/thumb/v7e-m+fp/hard\libc_nano.a(libc_a-readr.o)
                0x000000000800e9e0                _read_r
 .text._write_r
                0x000000000800ea04       0x24 E:/STM32CubeIDE_1.13.1/STM32CubeIDE/plugins/com.st.stm32cube.ide.mcu.externaltools.gnu-tools-for-stm32.11.3.rel1.win32_1.1.0.202305231506/tools/bin/../lib/gcc/arm-none-eabi/11.3.1/../../../../arm-none-eabi/lib/thumb/v7e-m+fp/hard\libc_nano.a(libc_a-writer.o)
                0x000000000800ea04                _write_r
 .text.__errno  0x000000000800ea28        0xc E:/STM32CubeIDE_1.13.1/STM32CubeIDE/plugins/com.st.stm32cube.ide.mcu.externaltools.gnu-tools-for-stm32.11.3.rel1.win32_1.1.0.202305231506/tools/bin/../lib/gcc/arm-none-eabi/11.3.1/../../../../arm-none-eabi/lib/thumb/v7e-m+fp/hard\libc_nano.a(libc_a-errno.o)
                0x000000000800ea28                __errno
 .text.__libc_init_array
                0x000000000800ea34       0x48 E:/STM32CubeIDE_1.13.1/STM32CubeIDE/plugins/com.st.stm32cube.ide.mcu.externaltools.gnu-tools-for-stm32.11.3.rel1.win32_1.1.0.202305231506/tools/bin/../lib/gcc/arm-none-eabi/11.3.1/../../../../arm-none-eabi/lib/thumb/v7e-m+fp/hard\libc_nano.a(libc_a-init.o)
                0x000000000800ea34                __libc_init_array
 .text.__retarget_lock_acquire_recursive
                0x000000000800ea7c        0x2 E:/STM32CubeIDE_1.13.1/STM32CubeIDE/plugins/com.st.stm32cube.ide.mcu.externaltools.gnu-tools-for-stm32.11.3.rel1.win32_1.1.0.202305231506/tools/bin/../lib/gcc/arm-none-eabi/11.3.1/../../../../arm-none-eabi/lib/thumb/v7e-m+fp/hard\libc_nano.a(libc_a-lock.o)
                0x000000000800ea7c                __retarget_lock_acquire_recursive
 .text.__retarget_lock_release_recursive
                0x000000000800ea7e        0x2 E:/STM32CubeIDE_1.13.1/STM32CubeIDE/plugins/com.st.stm32cube.ide.mcu.externaltools.gnu-tools-for-stm32.11.3.rel1.win32_1.1.0.202305231506/tools/bin/../lib/gcc/arm-none-eabi/11.3.1/../../../../arm-none-eabi/lib/thumb/v7e-m+fp/hard\libc_nano.a(libc_a-lock.o)
                0x000000000800ea7e                __retarget_lock_release_recursive
 .text.memcpy   0x000000000800ea80       0x1c E:/STM32CubeIDE_1.13.1/STM32CubeIDE/plugins/com.st.stm32cube.ide.mcu.externaltools.gnu-tools-for-stm32.11.3.rel1.win32_1.1.0.202305231506/tools/bin/../lib/gcc/arm-none-eabi/11.3.1/../../../../arm-none-eabi/lib/thumb/v7e-m+fp/hard\libc_nano.a(libc_a-memcpy-stub.o)
                0x000000000800ea80                memcpy
 .text._free_r  0x000000000800ea9c       0x98 E:/STM32CubeIDE_1.13.1/STM32CubeIDE/plugins/com.st.stm32cube.ide.mcu.externaltools.gnu-tools-for-stm32.11.3.rel1.win32_1.1.0.202305231506/tools/bin/../lib/gcc/arm-none-eabi/11.3.1/../../../../arm-none-eabi/lib/thumb/v7e-m+fp/hard\libc_nano.a(libc_a-freer.o)
                0x000000000800ea9c                _free_r
 .text.sbrk_aligned
                0x000000000800eb34       0x40 E:/STM32CubeIDE_1.13.1/STM32CubeIDE/plugins/com.st.stm32cube.ide.mcu.externaltools.gnu-tools-for-stm32.11.3.rel1.win32_1.1.0.202305231506/tools/bin/../lib/gcc/arm-none-eabi/11.3.1/../../../../arm-none-eabi/lib/thumb/v7e-m+fp/hard\libc_nano.a(libc_a-mallocr.o)
 .text._malloc_r
                0x000000000800eb74      0x100 E:/STM32CubeIDE_1.13.1/STM32CubeIDE/plugins/com.st.stm32cube.ide.mcu.externaltools.gnu-tools-for-stm32.11.3.rel1.win32_1.1.0.202305231506/tools/bin/../lib/gcc/arm-none-eabi/11.3.1/../../../../arm-none-eabi/lib/thumb/v7e-m+fp/hard\libc_nano.a(libc_a-mallocr.o)
                0x000000000800eb74                _malloc_r
 .text.__malloc_lock
                0x000000000800ec74        0xc E:/STM32CubeIDE_1.13.1/STM32CubeIDE/plugins/com.st.stm32cube.ide.mcu.externaltools.gnu-tools-for-stm32.11.3.rel1.win32_1.1.0.202305231506/tools/bin/../lib/gcc/arm-none-eabi/11.3.1/../../../../arm-none-eabi/lib/thumb/v7e-m+fp/hard\libc_nano.a(libc_a-mlock.o)
                0x000000000800ec74                __malloc_lock
 .text.__malloc_unlock
                0x000000000800ec80        0xc E:/STM32CubeIDE_1.13.1/STM32CubeIDE/plugins/com.st.stm32cube.ide.mcu.externaltools.gnu-tools-for-stm32.11.3.rel1.win32_1.1.0.202305231506/tools/bin/../lib/gcc/arm-none-eabi/11.3.1/../../../../arm-none-eabi/lib/thumb/v7e-m+fp/hard\libc_nano.a(libc_a-mlock.o)
                0x000000000800ec80                __malloc_unlock
 .text.__sfputc_r
                0x000000000800ec8c       0x2e E:/STM32CubeIDE_1.13.1/STM32CubeIDE/plugins/com.st.stm32cube.ide.mcu.externaltools.gnu-tools-for-stm32.11.3.rel1.win32_1.1.0.202305231506/tools/bin/../lib/gcc/arm-none-eabi/11.3.1/../../../../arm-none-eabi/lib/thumb/v7e-m+fp/hard\libc_nano.a(libc_a-nano-vfprintf.o)
 .text.__sfputs_r
                0x000000000800ecba       0x24 E:/STM32CubeIDE_1.13.1/STM32CubeIDE/plugins/com.st.stm32cube.ide.mcu.externaltools.gnu-tools-for-stm32.11.3.rel1.win32_1.1.0.202305231506/tools/bin/../lib/gcc/arm-none-eabi/11.3.1/../../../../arm-none-eabi/lib/thumb/v7e-m+fp/hard\libc_nano.a(libc_a-nano-vfprintf.o)
                0x000000000800ecba                __sfputs_r
 *fill*         0x000000000800ecde        0x2 
 .text._vfprintf_r
                0x000000000800ece0      0x234 E:/STM32CubeIDE_1.13.1/STM32CubeIDE/plugins/com.st.stm32cube.ide.mcu.externaltools.gnu-tools-for-stm32.11.3.rel1.win32_1.1.0.202305231506/tools/bin/../lib/gcc/arm-none-eabi/11.3.1/../../../../arm-none-eabi/lib/thumb/v7e-m+fp/hard\libc_nano.a(libc_a-nano-vfprintf.o)
                0x000000000800ece0                _vfprintf_r
                0x000000000800ece0                _vfiprintf_r
 .text._printf_common
                0x000000000800ef14       0xda E:/STM32CubeIDE_1.13.1/STM32CubeIDE/plugins/com.st.stm32cube.ide.mcu.externaltools.gnu-tools-for-stm32.11.3.rel1.win32_1.1.0.202305231506/tools/bin/../lib/gcc/arm-none-eabi/11.3.1/../../../../arm-none-eabi/lib/thumb/v7e-m+fp/hard\libc_nano.a(libc_a-nano-vfprintf_i.o)
                0x000000000800ef14                _printf_common
 *fill*         0x000000000800efee        0x2 
 .text._printf_i
                0x000000000800eff0      0x244 E:/STM32CubeIDE_1.13.1/STM32CubeIDE/plugins/com.st.stm32cube.ide.mcu.externaltools.gnu-tools-for-stm32.11.3.rel1.win32_1.1.0.202305231506/tools/bin/../lib/gcc/arm-none-eabi/11.3.1/../../../../arm-none-eabi/lib/thumb/v7e-m+fp/hard\libc_nano.a(libc_a-nano-vfprintf_i.o)
                0x000000000800eff0                _printf_i
 .text.__sflush_r
                0x000000000800f234      0x10c E:/STM32CubeIDE_1.13.1/STM32CubeIDE/plugins/com.st.stm32cube.ide.mcu.externaltools.gnu-tools-for-stm32.11.3.rel1.win32_1.1.0.202305231506/tools/bin/../lib/gcc/arm-none-eabi/11.3.1/../../../../arm-none-eabi/lib/thumb/v7e-m+fp/hard\libc_nano.a(libc_a-fflush.o)
                0x000000000800f234                __sflush_r
 .text._fflush_r
                0x000000000800f340       0x50 E:/STM32CubeIDE_1.13.1/STM32CubeIDE/plugins/com.st.stm32cube.ide.mcu.externaltools.gnu-tools-for-stm32.11.3.rel1.win32_1.1.0.202305231506/tools/bin/../lib/gcc/arm-none-eabi/11.3.1/../../../../arm-none-eabi/lib/thumb/v7e-m+fp/hard\libc_nano.a(libc_a-fflush.o)
                0x000000000800f340                _fflush_r
 .text.__swhatbuf_r
                0x000000000800f390       0x4c E:/STM32CubeIDE_1.13.1/STM32CubeIDE/plugins/com.st.stm32cube.ide.mcu.externaltools.gnu-tools-for-stm32.11.3.rel1.win32_1.1.0.202305231506/tools/bin/../lib/gcc/arm-none-eabi/11.3.1/../../../../arm-none-eabi/lib/thumb/v7e-m+fp/hard\libc_nano.a(libc_a-makebuf.o)
                0x000000000800f390                __swhatbuf_r
 .text.__smakebuf_r
                0x000000000800f3dc       0x78 E:/STM32CubeIDE_1.13.1/STM32CubeIDE/plugins/com.st.stm32cube.ide.mcu.externaltools.gnu-tools-for-stm32.11.3.rel1.win32_1.1.0.202305231506/tools/bin/../lib/gcc/arm-none-eabi/11.3.1/../../../../arm-none-eabi/lib/thumb/v7e-m+fp/hard\libc_nano.a(libc_a-makebuf.o)
                0x000000000800f3dc                __smakebuf_r
 .text._fstat_r